<?xml version="1.0" encoding="UTF-8"?>
<testResults version="1.2">
<httpSample t="1005" it="0" lt="0" ct="1005" ts="1561111315458" s="false" lb="HTTP Request" rc="Non HTTP response code: org.apache.http.conn.HttpHostConnectException" rm="Non HTTP response message: Connect to 192.168.237.128:7077 [/192.168.237.128] failed: Connection refused: connect" tn="Thread Group 1-4" dt="text" by="2717" sby="0" ng="100" na="100">
  <java.net.URL>http://192.168.237.128:7077/</java.net.URL>
</httpSample>
<httpSample t="1034" it="0" lt="0" ct="1034" ts="1561111315451" s="false" lb="HTTP Request" rc="Non HTTP response code: org.apache.http.conn.HttpHostConnectException" rm="Non HTTP response message: Connect to 192.168.237.128:7077 [/192.168.237.128] failed: Connection refused: connect" tn="Thread Group 1-3" dt="text" by="2717" sby="0" ng="100" na="100">
  <java.net.URL>http://192.168.237.128:7077/</java.net.URL>
</httpSample>
<httpSample t="1000" it="0" lt="0" ct="1000" ts="1561111315493" s="false" lb="HTTP Request" rc="Non HTTP response code: org.apache.http.conn.HttpHostConnectException" rm="Non HTTP response message: Connect to 192.168.237.128:7077 [/192.168.237.128] failed: Connection refused: connect" tn="Thread Group 1-7" dt="text" by="2717" sby="0" ng="100" na="100">
  <java.net.URL>http://192.168.237.128:7077/</java.net.URL>
</httpSample>
<httpSample t="1081" it="0" lt="0" ct="1081" ts="1561111315422" s="false" lb="HTTP Request" rc="Non HTTP response code: org.apache.http.conn.HttpHostConnectException" rm="Non HTTP response message: Connect to 192.168.237.128:7077 [/192.168.237.128] failed: Connection refused: connect" tn="Thread Group 1-1" dt="text" by="2717" sby="0" ng="100" na="100">
  <java.net.URL>http://192.168.237.128:7077/</java.net.URL>
</httpSample>
<httpSample t="1025" it="0" lt="0" ct="1025" ts="1561111315478" s="false" lb="HTTP Request" rc="Non HTTP response code: org.apache.http.conn.HttpHostConnectException" rm="Non HTTP response message: Connect to 192.168.237.128:7077 [/192.168.237.128] failed: Connection refused: connect" tn="Thread Group 1-6" dt="text" by="2717" sby="0" ng="100" na="100">
  <java.net.URL>http://192.168.237.128:7077/</java.net.URL>
</httpSample>
<httpSample t="995" it="0" lt="0" ct="995" ts="1561111315518" s="false" lb="HTTP Request" rc="Non HTTP response code: org.apache.http.conn.HttpHostConnectException" rm="Non HTTP response message: Connect to 192.168.237.128:7077 [/192.168.237.128] failed: Connection refused: connect" tn="Thread Group 1-10" dt="text" by="2717" sby="0" ng="100" na="100">
  <java.net.URL>http://192.168.237.128:7077/</java.net.URL>
</httpSample>
<httpSample t="1040" it="0" lt="0" ct="1040" ts="1561111315473" s="false" lb="HTTP Request" rc="Non HTTP response code: org.apache.http.conn.HttpHostConnectException" rm="Non HTTP response message: Connect to 192.168.237.128:7077 [/192.168.237.128] failed: Connection refused: connect" tn="Thread Group 1-5" dt="text" by="2717" sby="0" ng="100" na="100">
  <java.net.URL>http://192.168.237.128:7077/</java.net.URL>
</httpSample>
<httpSample t="1079" it="0" lt="0" ct="1079" ts="1561111315435" s="false" lb="HTTP Request" rc="Non HTTP response code: org.apache.http.conn.HttpHostConnectException" rm="Non HTTP response message: Connect to 192.168.237.128:7077 [/192.168.237.128] failed: Connection refused: connect" tn="Thread Group 1-2" dt="text" by="2717" sby="0" ng="100" na="100">
  <java.net.URL>http://192.168.237.128:7077/</java.net.URL>
</httpSample>
<httpSample t="1002" it="0" lt="0" ct="1002" ts="1561111315541" s="false" lb="HTTP Request" rc="Non HTTP response code: org.apache.http.conn.HttpHostConnectException" rm="Non HTTP response message: Connect to 192.168.237.128:7077 [/192.168.237.128] failed: Connection refused: connect" tn="Thread Group 1-12" dt="text" by="2717" sby="0" ng="100" na="100">
  <java.net.URL>http://192.168.237.128:7077/</java.net.URL>
</httpSample>
<httpSample t="995" it="0" lt="0" ct="995" ts="1561111315558" s="false" lb="HTTP Request" rc="Non HTTP response code: org.apache.http.conn.HttpHostConnectException" rm="Non HTTP response message: Connect to 192.168.237.128:7077 [/192.168.237.128] failed: Connection refused: connect" tn="Thread Group 1-14" dt="text" by="2717" sby="0" ng="100" na="100">
  <java.net.URL>http://192.168.237.128:7077/</java.net.URL>
</httpSample>
<httpSample t="1003" it="0" lt="0" ct="1003" ts="1561111315580" s="false" lb="HTTP Request" rc="Non HTTP response code: org.apache.http.conn.HttpHostConnectException" rm="Non HTTP response message: Connect to 192.168.237.128:7077 [/192.168.237.128] failed: Connection refused: connect" tn="Thread Group 1-16" dt="text" by="2717" sby="0" ng="100" na="100">
  <java.net.URL>http://192.168.237.128:7077/</java.net.URL>
</httpSample>
<httpSample t="1060" it="0" lt="0" ct="1060" ts="1561111315525" s="false" lb="HTTP Request" rc="Non HTTP response code: org.apache.http.conn.HttpHostConnectException" rm="Non HTTP response message: Connect to 192.168.237.128:7077 [/192.168.237.128] failed: Connection refused: connect" tn="Thread Group 1-9" dt="text" by="2717" sby="0" ng="100" na="100">
  <java.net.URL>http://192.168.237.128:7077/</java.net.URL>
</httpSample>
<httpSample t="1088" it="0" lt="0" ct="1088" ts="1561111315498" s="false" lb="HTTP Request" rc="Non HTTP response code: org.apache.http.conn.HttpHostConnectException" rm="Non HTTP response message: Connect to 192.168.237.128:7077 [/192.168.237.128] failed: Connection refused: connect" tn="Thread Group 1-8" dt="text" by="2717" sby="0" ng="100" na="100">
  <java.net.URL>http://192.168.237.128:7077/</java.net.URL>
</httpSample>
<httpSample t="1026" it="0" lt="0" ct="1026" ts="1561111315560" s="false" lb="HTTP Request" rc="Non HTTP response code: org.apache.http.conn.HttpHostConnectException" rm="Non HTTP response message: Connect to 192.168.237.128:7077 [/192.168.237.128] failed: Connection refused: connect" tn="Thread Group 1-13" dt="text" by="2717" sby="0" ng="100" na="100">
  <java.net.URL>http://192.168.237.128:7077/</java.net.URL>
</httpSample>
<httpSample t="1003" it="0" lt="0" ct="1003" ts="1561111315600" s="false" lb="HTTP Request" rc="Non HTTP response code: org.apache.http.conn.HttpHostConnectException" rm="Non HTTP response message: Connect to 192.168.237.128:7077 [/192.168.237.128] failed: Connection refused: connect" tn="Thread Group 1-17" dt="text" by="2717" sby="0" ng="100" na="100">
  <java.net.URL>http://192.168.237.128:7077/</java.net.URL>
</httpSample>
<httpSample t="1000" it="0" lt="0" ct="1000" ts="1561111315613" s="false" lb="HTTP Request" rc="Non HTTP response code: org.apache.http.conn.HttpHostConnectException" rm="Non HTTP response message: Connect to 192.168.237.128:7077 [/192.168.237.128] failed: Connection refused: connect" tn="Thread Group 1-19" dt="text" by="2717" sby="0" ng="100" na="100">
  <java.net.URL>http://192.168.237.128:7077/</java.net.URL>
</httpSample>
<httpSample t="1081" it="0" lt="0" ct="1081" ts="1561111315533" s="false" lb="HTTP Request" rc="Non HTTP response code: org.apache.http.conn.HttpHostConnectException" rm="Non HTTP response message: Connect to 192.168.237.128:7077 [/192.168.237.128] failed: Connection refused: connect" tn="Thread Group 1-11" dt="text" by="2717" sby="0" ng="100" na="100">
  <java.net.URL>http://192.168.237.128:7077/</java.net.URL>
</httpSample>
<httpSample t="1041" it="0" lt="0" ct="1041" ts="1561111315573" s="false" lb="HTTP Request" rc="Non HTTP response code: org.apache.http.conn.HttpHostConnectException" rm="Non HTTP response message: Connect to 192.168.237.128:7077 [/192.168.237.128] failed: Connection refused: connect" tn="Thread Group 1-15" dt="text" by="2717" sby="0" ng="100" na="100">
  <java.net.URL>http://192.168.237.128:7077/</java.net.URL>
</httpSample>
<httpSample t="1017" it="0" lt="0" ct="1017" ts="1561111315598" s="false" lb="HTTP Request" rc="Non HTTP response code: org.apache.http.conn.HttpHostConnectException" rm="Non HTTP response message: Connect to 192.168.237.128:7077 [/192.168.237.128] failed: Connection refused: connect" tn="Thread Group 1-18" dt="text" by="2717" sby="0" ng="100" na="100">
  <java.net.URL>http://192.168.237.128:7077/</java.net.URL>
</httpSample>
<httpSample t="1005" it="0" lt="0" ct="1005" ts="1561111315621" s="false" lb="HTTP Request" rc="Non HTTP response code: org.apache.http.conn.HttpHostConnectException" rm="Non HTTP response message: Connect to 192.168.237.128:7077 [/192.168.237.128] failed: Connection refused: connect" tn="Thread Group 1-20" dt="text" by="2717" sby="0" ng="100" na="100">
  <java.net.URL>http://192.168.237.128:7077/</java.net.URL>
</httpSample>
<httpSample t="1006" it="0" lt="0" ct="1006" ts="1561111315640" s="false" lb="HTTP Request" rc="Non HTTP response code: org.apache.http.conn.HttpHostConnectException" rm="Non HTTP response message: Connect to 192.168.237.128:7077 [/192.168.237.128] failed: Connection refused: connect" tn="Thread Group 1-22" dt="text" by="2717" sby="0" ng="100" na="100">
  <java.net.URL>http://192.168.237.128:7077/</java.net.URL>
</httpSample>
<httpSample t="1003" it="0" lt="0" ct="1003" ts="1561111315653" s="false" lb="HTTP Request" rc="Non HTTP response code: org.apache.http.conn.HttpHostConnectException" rm="Non HTTP response message: Connect to 192.168.237.128:7077 [/192.168.237.128] failed: Connection refused: connect" tn="Thread Group 1-23" dt="text" by="2717" sby="0" ng="100" na="100">
  <java.net.URL>http://192.168.237.128:7077/</java.net.URL>
</httpSample>
<httpSample t="1005" it="0" lt="0" ct="1005" ts="1561111315661" s="false" lb="HTTP Request" rc="Non HTTP response code: org.apache.http.conn.HttpHostConnectException" rm="Non HTTP response message: Connect to 192.168.237.128:7077 [/192.168.237.128] failed: Connection refused: connect" tn="Thread Group 1-24" dt="text" by="2717" sby="0" ng="100" na="100">
  <java.net.URL>http://192.168.237.128:7077/</java.net.URL>
</httpSample>
<httpSample t="1005" it="0" lt="0" ct="1005" ts="1561111315681" s="false" lb="HTTP Request" rc="Non HTTP response code: org.apache.http.conn.HttpHostConnectException" rm="Non HTTP response message: Connect to 192.168.237.128:7077 [/192.168.237.128] failed: Connection refused: connect" tn="Thread Group 1-26" dt="text" by="2717" sby="0" ng="100" na="100">
  <java.net.URL>http://192.168.237.128:7077/</java.net.URL>
</httpSample>
<httpSample t="1001" it="0" lt="0" ct="1001" ts="1561111315685" s="false" lb="HTTP Request" rc="Non HTTP response code: org.apache.http.conn.HttpHostConnectException" rm="Non HTTP response message: Connect to 192.168.237.128:7077 [/192.168.237.128] failed: Connection refused: connect" tn="Thread Group 1-25" dt="text" by="2717" sby="0" ng="100" na="100">
  <java.net.URL>http://192.168.237.128:7077/</java.net.URL>
</httpSample>
<httpSample t="1068" it="0" lt="0" ct="1068" ts="1561111315645" s="false" lb="HTTP Request" rc="Non HTTP response code: org.apache.http.conn.HttpHostConnectException" rm="Non HTTP response message: Connect to 192.168.237.128:7077 [/192.168.237.128] failed: Connection refused: connect" tn="Thread Group 1-21" dt="text" by="2717" sby="0" ng="100" na="100">
  <java.net.URL>http://192.168.237.128:7077/</java.net.URL>
</httpSample>
<httpSample t="1012" it="0" lt="0" ct="1012" ts="1561111315701" s="false" lb="HTTP Request" rc="Non HTTP response code: org.apache.http.conn.HttpHostConnectException" rm="Non HTTP response message: Connect to 192.168.237.128:7077 [/192.168.237.128] failed: Connection refused: connect" tn="Thread Group 1-28" dt="text" by="2717" sby="0" ng="100" na="100">
  <java.net.URL>http://192.168.237.128:7077/</java.net.URL>
</httpSample>
<httpSample t="1005" it="0" lt="0" ct="1005" ts="1561111315733" s="false" lb="HTTP Request" rc="Non HTTP response code: org.apache.http.conn.HttpHostConnectException" rm="Non HTTP response message: Connect to 192.168.237.128:7077 [/192.168.237.128] failed: Connection refused: connect" tn="Thread Group 1-31" dt="text" by="2717" sby="0" ng="100" na="100">
  <java.net.URL>http://192.168.237.128:7077/</java.net.URL>
</httpSample>
<httpSample t="1002" it="0" lt="0" ct="1002" ts="1561111315743" s="false" lb="HTTP Request" rc="Non HTTP response code: org.apache.http.conn.HttpHostConnectException" rm="Non HTTP response message: Connect to 192.168.237.128:7077 [/192.168.237.128] failed: Connection refused: connect" tn="Thread Group 1-32" dt="text" by="2717" sby="0" ng="100" na="100">
  <java.net.URL>http://192.168.237.128:7077/</java.net.URL>
</httpSample>
<httpSample t="1066" it="0" lt="0" ct="1066" ts="1561111315693" s="false" lb="HTTP Request" rc="Non HTTP response code: org.apache.http.conn.HttpHostConnectException" rm="Non HTTP response message: Connect to 192.168.237.128:7077 [/192.168.237.128] failed: Connection refused: connect" tn="Thread Group 1-27" dt="text" by="2717" sby="0" ng="100" na="100">
  <java.net.URL>http://192.168.237.128:7077/</java.net.URL>
</httpSample>
<httpSample t="1038" it="0" lt="0" ct="1038" ts="1561111315721" s="false" lb="HTTP Request" rc="Non HTTP response code: org.apache.http.conn.HttpHostConnectException" rm="Non HTTP response message: Connect to 192.168.237.128:7077 [/192.168.237.128] failed: Connection refused: connect" tn="Thread Group 1-30" dt="text" by="2717" sby="0" ng="100" na="100">
  <java.net.URL>http://192.168.237.128:7077/</java.net.URL>
</httpSample>
<httpSample t="1000" it="0" lt="0" ct="1000" ts="1561111315765" s="false" lb="HTTP Request" rc="Non HTTP response code: org.apache.http.conn.HttpHostConnectException" rm="Non HTTP response message: Connect to 192.168.237.128:7077 [/192.168.237.128] failed: Connection refused: connect" tn="Thread Group 1-33" dt="text" by="2717" sby="0" ng="100" na="100">
  <java.net.URL>http://192.168.237.128:7077/</java.net.URL>
</httpSample>
<httpSample t="1003" it="0" lt="0" ct="1003" ts="1561111315763" s="false" lb="HTTP Request" rc="Non HTTP response code: org.apache.http.conn.HttpHostConnectException" rm="Non HTTP response message: Connect to 192.168.237.128:7077 [/192.168.237.128] failed: Connection refused: connect" tn="Thread Group 1-34" dt="text" by="2717" sby="0" ng="100" na="100">
  <java.net.URL>http://192.168.237.128:7077/</java.net.URL>
</httpSample>
<httpSample t="1000" it="0" lt="0" ct="1000" ts="1561111315806" s="false" lb="HTTP Request" rc="Non HTTP response code: org.apache.http.conn.HttpHostConnectException" rm="Non HTTP response message: Connect to 192.168.237.128:7077 [/192.168.237.128] failed: Connection refused: connect" tn="Thread Group 1-37" dt="text" by="2717" sby="0" ng="100" na="100">
  <java.net.URL>http://192.168.237.128:7077/</java.net.URL>
</httpSample>
<httpSample t="1002" it="0" lt="0" ct="1002" ts="1561111315804" s="false" lb="HTTP Request" rc="Non HTTP response code: org.apache.http.conn.HttpHostConnectException" rm="Non HTTP response message: Connect to 192.168.237.128:7077 [/192.168.237.128] failed: Connection refused: connect" tn="Thread Group 1-38" dt="text" by="2717" sby="0" ng="100" na="100">
  <java.net.URL>http://192.168.237.128:7077/</java.net.URL>
</httpSample>
<httpSample t="998" it="0" lt="0" ct="998" ts="1561111315816" s="false" lb="HTTP Request" rc="Non HTTP response code: org.apache.http.conn.HttpHostConnectException" rm="Non HTTP response message: Connect to 192.168.237.128:7077 [/192.168.237.128] failed: Connection refused: connect" tn="Thread Group 1-39" dt="text" by="2717" sby="0" ng="100" na="100">
  <java.net.URL>http://192.168.237.128:7077/</java.net.URL>
</httpSample>
<httpSample t="1089" it="0" lt="0" ct="1089" ts="1561111315725" s="false" lb="HTTP Request" rc="Non HTTP response code: org.apache.http.conn.HttpHostConnectException" rm="Non HTTP response message: Connect to 192.168.237.128:7077 [/192.168.237.128] failed: Connection refused: connect" tn="Thread Group 1-29" dt="text" by="2717" sby="0" ng="100" na="100">
  <java.net.URL>http://192.168.237.128:7077/</java.net.URL>
</httpSample>
<httpSample t="1031" it="0" lt="0" ct="1031" ts="1561111315783" s="false" lb="HTTP Request" rc="Non HTTP response code: org.apache.http.conn.HttpHostConnectException" rm="Non HTTP response message: Connect to 192.168.237.128:7077 [/192.168.237.128] failed: Connection refused: connect" tn="Thread Group 1-36" dt="text" by="2717" sby="0" ng="100" na="100">
  <java.net.URL>http://192.168.237.128:7077/</java.net.URL>
</httpSample>
<httpSample t="1007" it="0" lt="0" ct="1007" ts="1561111315851" s="false" lb="HTTP Request" rc="Non HTTP response code: org.apache.http.conn.HttpHostConnectException" rm="Non HTTP response message: Connect to 192.168.237.128:7077 [/192.168.237.128] failed: Connection refused: connect" tn="Thread Group 1-42" dt="text" by="2717" sby="0" ng="100" na="100">
  <java.net.URL>http://192.168.237.128:7077/</java.net.URL>
</httpSample>
<httpSample t="1085" it="0" lt="0" ct="1085" ts="1561111315773" s="false" lb="HTTP Request" rc="Non HTTP response code: org.apache.http.conn.HttpHostConnectException" rm="Non HTTP response message: Connect to 192.168.237.128:7077 [/192.168.237.128] failed: Connection refused: connect" tn="Thread Group 1-35" dt="text" by="2717" sby="0" ng="100" na="100">
  <java.net.URL>http://192.168.237.128:7077/</java.net.URL>
</httpSample>
<httpSample t="1028" it="0" lt="0" ct="1028" ts="1561111315831" s="false" lb="HTTP Request" rc="Non HTTP response code: org.apache.http.conn.HttpHostConnectException" rm="Non HTTP response message: Connect to 192.168.237.128:7077 [/192.168.237.128] failed: Connection refused: connect" tn="Thread Group 1-40" dt="text" by="2717" sby="0" ng="100" na="100">
  <java.net.URL>http://192.168.237.128:7077/</java.net.URL>
</httpSample>
<httpSample t="1002" it="0" lt="0" ct="1002" ts="1561111315863" s="false" lb="HTTP Request" rc="Non HTTP response code: org.apache.http.conn.HttpHostConnectException" rm="Non HTTP response message: Connect to 192.168.237.128:7077 [/192.168.237.128] failed: Connection refused: connect" tn="Thread Group 1-43" dt="text" by="2717" sby="0" ng="100" na="100">
  <java.net.URL>http://192.168.237.128:7077/</java.net.URL>
</httpSample>
<httpSample t="1004" it="0" lt="0" ct="1004" ts="1561111315871" s="false" lb="HTTP Request" rc="Non HTTP response code: org.apache.http.conn.HttpHostConnectException" rm="Non HTTP response message: Connect to 192.168.237.128:7077 [/192.168.237.128] failed: Connection refused: connect" tn="Thread Group 1-44" dt="text" by="2717" sby="0" ng="100" na="100">
  <java.net.URL>http://192.168.237.128:7077/</java.net.URL>
</httpSample>
<httpSample t="1003" it="0" lt="0" ct="1002" ts="1561111315903" s="false" lb="HTTP Request" rc="Non HTTP response code: org.apache.http.conn.HttpHostConnectException" rm="Non HTTP response message: Connect to 192.168.237.128:7077 [/192.168.237.128] failed: Connection refused: connect" tn="Thread Group 1-47" dt="text" by="2717" sby="0" ng="100" na="100">
  <java.net.URL>http://192.168.237.128:7077/</java.net.URL>
</httpSample>
<httpSample t="1027" it="0" lt="0" ct="1027" ts="1561111315886" s="false" lb="HTTP Request" rc="Non HTTP response code: org.apache.http.conn.HttpHostConnectException" rm="Non HTTP response message: Connect to 192.168.237.128:7077 [/192.168.237.128] failed: Connection refused: connect" tn="Thread Group 1-45" dt="text" by="2717" sby="0" ng="100" na="100">
  <java.net.URL>http://192.168.237.128:7077/</java.net.URL>
</httpSample>
<httpSample t="1067" it="0" lt="0" ct="1067" ts="1561111315846" s="false" lb="HTTP Request" rc="Non HTTP response code: org.apache.http.conn.HttpHostConnectException" rm="Non HTTP response message: Connect to 192.168.237.128:7077 [/192.168.237.128] failed: Connection refused: connect" tn="Thread Group 1-41" dt="text" by="2717" sby="0" ng="100" na="100">
  <java.net.URL>http://192.168.237.128:7077/</java.net.URL>
</httpSample>
<httpSample t="1005" it="0" lt="0" ct="1005" ts="1561111315910" s="false" lb="HTTP Request" rc="Non HTTP response code: org.apache.http.conn.HttpHostConnectException" rm="Non HTTP response message: Connect to 192.168.237.128:7077 [/192.168.237.128] failed: Connection refused: connect" tn="Thread Group 1-48" dt="text" by="2717" sby="0" ng="100" na="100">
  <java.net.URL>http://192.168.237.128:7077/</java.net.URL>
</httpSample>
<httpSample t="1000" it="0" lt="0" ct="1000" ts="1561111315925" s="false" lb="HTTP Request" rc="Non HTTP response code: org.apache.http.conn.HttpHostConnectException" rm="Non HTTP response message: Connect to 192.168.237.128:7077 [/192.168.237.128] failed: Connection refused: connect" tn="Thread Group 1-49" dt="text" by="2717" sby="0" ng="100" na="100">
  <java.net.URL>http://192.168.237.128:7077/</java.net.URL>
</httpSample>
<httpSample t="1002" it="0" lt="0" ct="1002" ts="1561111315933" s="false" lb="HTTP Request" rc="Non HTTP response code: org.apache.http.conn.HttpHostConnectException" rm="Non HTTP response message: Connect to 192.168.237.128:7077 [/192.168.237.128] failed: Connection refused: connect" tn="Thread Group 1-50" dt="text" by="2717" sby="0" ng="100" na="100">
  <java.net.URL>http://192.168.237.128:7077/</java.net.URL>
</httpSample>
<httpSample t="1062" it="0" lt="0" ct="1062" ts="1561111315896" s="false" lb="HTTP Request" rc="Non HTTP response code: org.apache.http.conn.HttpHostConnectException" rm="Non HTTP response message: Connect to 192.168.237.128:7077 [/192.168.237.128] failed: Connection refused: connect" tn="Thread Group 1-46" dt="text" by="2717" sby="0" ng="100" na="100">
  <java.net.URL>http://192.168.237.128:7077/</java.net.URL>
</httpSample>
<httpSample t="1003" it="0" lt="0" ct="1003" ts="1561111315955" s="false" lb="HTTP Request" rc="Non HTTP response code: org.apache.http.conn.HttpHostConnectException" rm="Non HTTP response message: Connect to 192.168.237.128:7077 [/192.168.237.128] failed: Connection refused: connect" tn="Thread Group 1-52" dt="text" by="2717" sby="0" ng="100" na="100">
  <java.net.URL>http://192.168.237.128:7077/</java.net.URL>
</httpSample>
<httpSample t="1000" it="0" lt="0" ct="1000" ts="1561111315965" s="false" lb="HTTP Request" rc="Non HTTP response code: org.apache.http.conn.HttpHostConnectException" rm="Non HTTP response message: Connect to 192.168.237.128:7077 [/192.168.237.128] failed: Connection refused: connect" tn="Thread Group 1-53" dt="text" by="2717" sby="0" ng="100" na="100">
  <java.net.URL>http://192.168.237.128:7077/</java.net.URL>
</httpSample>
<httpSample t="999" it="0" lt="0" ct="999" ts="1561111315976" s="false" lb="HTTP Request" rc="Non HTTP response code: org.apache.http.conn.HttpHostConnectException" rm="Non HTTP response message: Connect to 192.168.237.128:7077 [/192.168.237.128] failed: Connection refused: connect" tn="Thread Group 1-54" dt="text" by="2717" sby="0" ng="100" na="100">
  <java.net.URL>http://192.168.237.128:7077/</java.net.URL>
</httpSample>
<httpSample t="1006" it="0" lt="0" ct="1006" ts="1561111315985" s="false" lb="HTTP Request" rc="Non HTTP response code: org.apache.http.conn.HttpHostConnectException" rm="Non HTTP response message: Connect to 192.168.237.128:7077 [/192.168.237.128] failed: Connection refused: connect" tn="Thread Group 1-55" dt="text" by="2717" sby="0" ng="100" na="100">
  <java.net.URL>http://192.168.237.128:7077/</java.net.URL>
</httpSample>
<httpSample t="1005" it="0" lt="0" ct="1005" ts="1561111316006" s="false" lb="HTTP Request" rc="Non HTTP response code: org.apache.http.conn.HttpHostConnectException" rm="Non HTTP response message: Connect to 192.168.237.128:7077 [/192.168.237.128] failed: Connection refused: connect" tn="Thread Group 1-57" dt="text" by="2717" sby="0" ng="100" na="100">
  <java.net.URL>http://192.168.237.128:7077/</java.net.URL>
</httpSample>
<httpSample t="1015" it="0" lt="0" ct="1015" ts="1561111315998" s="false" lb="HTTP Request" rc="Non HTTP response code: org.apache.http.conn.HttpHostConnectException" rm="Non HTTP response message: Connect to 192.168.237.128:7077 [/192.168.237.128] failed: Connection refused: connect" tn="Thread Group 1-56" dt="text" by="2717" sby="0" ng="100" na="100">
  <java.net.URL>http://192.168.237.128:7077/</java.net.URL>
</httpSample>
<httpSample t="998" it="0" lt="0" ct="998" ts="1561111316016" s="false" lb="HTTP Request" rc="Non HTTP response code: org.apache.http.conn.HttpHostConnectException" rm="Non HTTP response message: Connect to 192.168.237.128:7077 [/192.168.237.128] failed: Connection refused: connect" tn="Thread Group 1-58" dt="text" by="2717" sby="0" ng="100" na="100">
  <java.net.URL>http://192.168.237.128:7077/</java.net.URL>
</httpSample>
<httpSample t="1070" it="0" lt="0" ct="1070" ts="1561111315943" s="false" lb="HTTP Request" rc="Non HTTP response code: org.apache.http.conn.HttpHostConnectException" rm="Non HTTP response message: Connect to 192.168.237.128:7077 [/192.168.237.128] failed: Connection refused: connect" tn="Thread Group 1-51" dt="text" by="2717" sby="0" ng="100" na="100">
  <java.net.URL>http://192.168.237.128:7077/</java.net.URL>
</httpSample>
<httpSample t="998" it="0" lt="0" ct="997" ts="1561111316028" s="false" lb="HTTP Request" rc="Non HTTP response code: org.apache.http.conn.HttpHostConnectException" rm="Non HTTP response message: Connect to 192.168.237.128:7077 [/192.168.237.128] failed: Connection refused: connect" tn="Thread Group 1-59" dt="text" by="2717" sby="0" ng="100" na="100">
  <java.net.URL>http://192.168.237.128:7077/</java.net.URL>
</httpSample>
<httpSample t="998" it="0" lt="0" ct="998" ts="1561111316037" s="false" lb="HTTP Request" rc="Non HTTP response code: org.apache.http.conn.HttpHostConnectException" rm="Non HTTP response message: Connect to 192.168.237.128:7077 [/192.168.237.128] failed: Connection refused: connect" tn="Thread Group 1-60" dt="text" by="2717" sby="0" ng="100" na="100">
  <java.net.URL>http://192.168.237.128:7077/</java.net.URL>
</httpSample>
<httpSample t="998" it="0" lt="0" ct="998" ts="1561111316048" s="false" lb="HTTP Request" rc="Non HTTP response code: org.apache.http.conn.HttpHostConnectException" rm="Non HTTP response message: Connect to 192.168.237.128:7077 [/192.168.237.128] failed: Connection refused: connect" tn="Thread Group 1-61" dt="text" by="2717" sby="0" ng="100" na="100">
  <java.net.URL>http://192.168.237.128:7077/</java.net.URL>
</httpSample>
<httpSample t="1000" it="0" lt="0" ct="1000" ts="1561111316068" s="false" lb="HTTP Request" rc="Non HTTP response code: org.apache.http.conn.HttpHostConnectException" rm="Non HTTP response message: Connect to 192.168.237.128:7077 [/192.168.237.128] failed: Connection refused: connect" tn="Thread Group 1-63" dt="text" by="2717" sby="0" ng="100" na="100">
  <java.net.URL>http://192.168.237.128:7077/</java.net.URL>
</httpSample>
<httpSample t="1001" it="0" lt="0" ct="1001" ts="1561111316088" s="false" lb="HTTP Request" rc="Non HTTP response code: org.apache.http.conn.HttpHostConnectException" rm="Non HTTP response message: Connect to 192.168.237.128:7077 [/192.168.237.128] failed: Connection refused: connect" tn="Thread Group 1-65" dt="text" by="2717" sby="0" ng="100" na="100">
  <java.net.URL>http://192.168.237.128:7077/</java.net.URL>
</httpSample>
<httpSample t="997" it="0" lt="0" ct="997" ts="1561111316098" s="false" lb="HTTP Request" rc="Non HTTP response code: org.apache.http.conn.HttpHostConnectException" rm="Non HTTP response message: Connect to 192.168.237.128:7077 [/192.168.237.128] failed: Connection refused: connect" tn="Thread Group 1-66" dt="text" by="2717" sby="0" ng="100" na="100">
  <java.net.URL>http://192.168.237.128:7077/</java.net.URL>
</httpSample>
<httpSample t="998" it="0" lt="0" ct="998" ts="1561111316108" s="false" lb="HTTP Request" rc="Non HTTP response code: org.apache.http.conn.HttpHostConnectException" rm="Non HTTP response message: Connect to 192.168.237.128:7077 [/192.168.237.128] failed: Connection refused: connect" tn="Thread Group 1-67" dt="text" by="2717" sby="0" ng="100" na="100">
  <java.net.URL>http://192.168.237.128:7077/</java.net.URL>
</httpSample>
<httpSample t="1061" it="0" lt="0" ct="1061" ts="1561111316056" s="false" lb="HTTP Request" rc="Non HTTP response code: org.apache.http.conn.HttpHostConnectException" rm="Non HTTP response message: Connect to 192.168.237.128:7077 [/192.168.237.128] failed: Connection refused: connect" tn="Thread Group 1-62" dt="text" by="2717" sby="0" ng="100" na="100">
  <java.net.URL>http://192.168.237.128:7077/</java.net.URL>
</httpSample>
<httpSample t="1034" it="0" lt="0" ct="1034" ts="1561111316083" s="false" lb="HTTP Request" rc="Non HTTP response code: org.apache.http.conn.HttpHostConnectException" rm="Non HTTP response message: Connect to 192.168.237.128:7077 [/192.168.237.128] failed: Connection refused: connect" tn="Thread Group 1-64" dt="text" by="2717" sby="0" ng="100" na="100">
  <java.net.URL>http://192.168.237.128:7077/</java.net.URL>
</httpSample>
<httpSample t="1000" it="0" lt="0" ct="1000" ts="1561111316118" s="false" lb="HTTP Request" rc="Non HTTP response code: org.apache.http.conn.HttpHostConnectException" rm="Non HTTP response message: Connect to 192.168.237.128:7077 [/192.168.237.128] failed: Connection refused: connect" tn="Thread Group 1-68" dt="text" by="2717" sby="0" ng="100" na="100">
  <java.net.URL>http://192.168.237.128:7077/</java.net.URL>
</httpSample>
<httpSample t="998" it="0" lt="0" ct="998" ts="1561111316138" s="false" lb="HTTP Request" rc="Non HTTP response code: org.apache.http.conn.HttpHostConnectException" rm="Non HTTP response message: Connect to 192.168.237.128:7077 [/192.168.237.128] failed: Connection refused: connect" tn="Thread Group 1-70" dt="text" by="2717" sby="0" ng="100" na="100">
  <java.net.URL>http://192.168.237.128:7077/</java.net.URL>
</httpSample>
<httpSample t="998" it="0" lt="0" ct="998" ts="1561111316158" s="false" lb="HTTP Request" rc="Non HTTP response code: org.apache.http.conn.HttpHostConnectException" rm="Non HTTP response message: Connect to 192.168.237.128:7077 [/192.168.237.128] failed: Connection refused: connect" tn="Thread Group 1-72" dt="text" by="2717" sby="0" ng="100" na="100">
  <java.net.URL>http://192.168.237.128:7077/</java.net.URL>
</httpSample>
<httpSample t="1006" it="0" lt="0" ct="1006" ts="1561111316150" s="false" lb="HTTP Request" rc="Non HTTP response code: org.apache.http.conn.HttpHostConnectException" rm="Non HTTP response message: Connect to 192.168.237.128:7077 [/192.168.237.128] failed: Connection refused: connect" tn="Thread Group 1-71" dt="text" by="2717" sby="0" ng="100" na="100">
  <java.net.URL>http://192.168.237.128:7077/</java.net.URL>
</httpSample>
<httpSample t="998" it="0" lt="0" ct="998" ts="1561111316168" s="false" lb="HTTP Request" rc="Non HTTP response code: org.apache.http.conn.HttpHostConnectException" rm="Non HTTP response message: Connect to 192.168.237.128:7077 [/192.168.237.128] failed: Connection refused: connect" tn="Thread Group 1-73" dt="text" by="2717" sby="0" ng="100" na="100">
  <java.net.URL>http://192.168.237.128:7077/</java.net.URL>
</httpSample>
<httpSample t="1005" it="0" lt="0" ct="1005" ts="1561111316203" s="false" lb="HTTP Request" rc="Non HTTP response code: org.apache.http.conn.HttpHostConnectException" rm="Non HTTP response message: Connect to 192.168.237.128:7077 [/192.168.237.128] failed: Connection refused: connect" tn="Thread Group 1-76" dt="text" by="2717" sby="0" ng="100" na="100">
  <java.net.URL>http://192.168.237.128:7077/</java.net.URL>
</httpSample>
<httpSample t="1003" it="0" lt="0" ct="1003" ts="1561111316213" s="false" lb="HTTP Request" rc="Non HTTP response code: org.apache.http.conn.HttpHostConnectException" rm="Non HTTP response message: Connect to 192.168.237.128:7077 [/192.168.237.128] failed: Connection refused: connect" tn="Thread Group 1-77" dt="text" by="2717" sby="0" ng="100" na="100">
  <java.net.URL>http://192.168.237.128:7077/</java.net.URL>
</httpSample>
<httpSample t="1085" it="0" lt="0" ct="1085" ts="1561111316133" s="false" lb="HTTP Request" rc="Non HTTP response code: org.apache.http.conn.HttpHostConnectException" rm="Non HTTP response message: Connect to 192.168.237.128:7077 [/192.168.237.128] failed: Connection refused: connect" tn="Thread Group 1-69" dt="text" by="2717" sby="0" ng="100" na="100">
  <java.net.URL>http://192.168.237.128:7077/</java.net.URL>
</httpSample>
<httpSample t="1026" it="0" lt="0" ct="1026" ts="1561111316193" s="false" lb="HTTP Request" rc="Non HTTP response code: org.apache.http.conn.HttpHostConnectException" rm="Non HTTP response message: Connect to 192.168.237.128:7077 [/192.168.237.128] failed: Connection refused: connect" tn="Thread Group 1-75" dt="text" by="2717" sby="0" ng="100" na="100">
  <java.net.URL>http://192.168.237.128:7077/</java.net.URL>
</httpSample>
<httpSample t="1074" it="0" lt="0" ct="1074" ts="1561111316183" s="false" lb="HTTP Request" rc="Non HTTP response code: org.apache.http.conn.HttpHostConnectException" rm="Non HTTP response message: Connect to 192.168.237.128:7077 [/192.168.237.128] failed: Connection refused: connect" tn="Thread Group 1-74" dt="text" by="2717" sby="0" ng="100" na="100">
  <java.net.URL>http://192.168.237.128:7077/</java.net.URL>
</httpSample>
<httpSample t="1014" it="0" lt="0" ct="1014" ts="1561111316243" s="false" lb="HTTP Request" rc="Non HTTP response code: org.apache.http.conn.HttpHostConnectException" rm="Non HTTP response message: Connect to 192.168.237.128:7077 [/192.168.237.128] failed: Connection refused: connect" tn="Thread Group 1-80" dt="text" by="2717" sby="0" ng="100" na="100">
  <java.net.URL>http://192.168.237.128:7077/</java.net.URL>
</httpSample>
<httpSample t="1037" it="0" lt="0" ct="1037" ts="1561111316220" s="false" lb="HTTP Request" rc="Non HTTP response code: org.apache.http.conn.HttpHostConnectException" rm="Non HTTP response message: Connect to 192.168.237.128:7077 [/192.168.237.128] failed: Connection refused: connect" tn="Thread Group 1-78" dt="text" by="2717" sby="0" ng="100" na="100">
  <java.net.URL>http://192.168.237.128:7077/</java.net.URL>
</httpSample>
<httpSample t="1005" it="0" lt="0" ct="1005" ts="1561111316263" s="false" lb="HTTP Request" rc="Non HTTP response code: org.apache.http.conn.HttpHostConnectException" rm="Non HTTP response message: Connect to 192.168.237.128:7077 [/192.168.237.128] failed: Connection refused: connect" tn="Thread Group 1-82" dt="text" by="2717" sby="0" ng="100" na="100">
  <java.net.URL>http://192.168.237.128:7077/</java.net.URL>
</httpSample>
<httpSample t="1003" it="0" lt="0" ct="1003" ts="1561111316273" s="false" lb="HTTP Request" rc="Non HTTP response code: org.apache.http.conn.HttpHostConnectException" rm="Non HTTP response message: Connect to 192.168.237.128:7077 [/192.168.237.128] failed: Connection refused: connect" tn="Thread Group 1-83" dt="text" by="2717" sby="0" ng="100" na="100">
  <java.net.URL>http://192.168.237.128:7077/</java.net.URL>
</httpSample>
<httpSample t="1003" it="0" lt="0" ct="1003" ts="1561111316303" s="false" lb="HTTP Request" rc="Non HTTP response code: org.apache.http.conn.HttpHostConnectException" rm="Non HTTP response message: Connect to 192.168.237.128:7077 [/192.168.237.128] failed: Connection refused: connect" tn="Thread Group 1-86" dt="text" by="2717" sby="0" ng="100" na="100">
  <java.net.URL>http://192.168.237.128:7077/</java.net.URL>
</httpSample>
<httpSample t="1005" it="0" lt="0" ct="1005" ts="1561111316313" s="false" lb="HTTP Request" rc="Non HTTP response code: org.apache.http.conn.HttpHostConnectException" rm="Non HTTP response message: Connect to 192.168.237.128:7077 [/192.168.237.128] failed: Connection refused: connect" tn="Thread Group 1-87" dt="text" by="2717" sby="0" ng="100" na="100">
  <java.net.URL>http://192.168.237.128:7077/</java.net.URL>
</httpSample>
<httpSample t="1037" it="0" lt="0" ct="1037" ts="1561111316283" s="false" lb="HTTP Request" rc="Non HTTP response code: org.apache.http.conn.HttpHostConnectException" rm="Non HTTP response message: Connect to 192.168.237.128:7077 [/192.168.237.128] failed: Connection refused: connect" tn="Thread Group 1-84" dt="text" by="2717" sby="0" ng="100" na="100">
  <java.net.URL>http://192.168.237.128:7077/</java.net.URL>
</httpSample>
<httpSample t="1087" it="0" lt="0" ct="1087" ts="1561111316233" s="false" lb="HTTP Request" rc="Non HTTP response code: org.apache.http.conn.HttpHostConnectException" rm="Non HTTP response message: Connect to 192.168.237.128:7077 [/192.168.237.128] failed: Connection refused: connect" tn="Thread Group 1-79" dt="text" by="2717" sby="0" ng="100" na="100">
  <java.net.URL>http://192.168.237.128:7077/</java.net.URL>
</httpSample>
<httpSample t="1067" it="0" lt="0" ct="1067" ts="1561111316253" s="false" lb="HTTP Request" rc="Non HTTP response code: org.apache.http.conn.HttpHostConnectException" rm="Non HTTP response message: Connect to 192.168.237.128:7077 [/192.168.237.128] failed: Connection refused: connect" tn="Thread Group 1-81" dt="text" by="2717" sby="0" ng="100" na="100">
  <java.net.URL>http://192.168.237.128:7077/</java.net.URL>
</httpSample>
<httpSample t="999" it="0" lt="0" ct="999" ts="1561111316326" s="false" lb="HTTP Request" rc="Non HTTP response code: org.apache.http.conn.HttpHostConnectException" rm="Non HTTP response message: Connect to 192.168.237.128:7077 [/192.168.237.128] failed: Connection refused: connect" tn="Thread Group 1-88" dt="text" by="2717" sby="0" ng="100" na="100">
  <java.net.URL>http://192.168.237.128:7077/</java.net.URL>
</httpSample>
<httpSample t="1003" it="0" lt="0" ct="1003" ts="1561111316335" s="false" lb="HTTP Request" rc="Non HTTP response code: org.apache.http.conn.HttpHostConnectException" rm="Non HTTP response message: Connect to 192.168.237.128:7077 [/192.168.237.128] failed: Connection refused: connect" tn="Thread Group 1-89" dt="text" by="2717" sby="0" ng="100" na="100">
  <java.net.URL>http://192.168.237.128:7077/</java.net.URL>
</httpSample>
<httpSample t="1064" it="0" lt="0" ct="1064" ts="1561111316293" s="false" lb="HTTP Request" rc="Non HTTP response code: org.apache.http.conn.HttpHostConnectException" rm="Non HTTP response message: Connect to 192.168.237.128:7077 [/192.168.237.128] failed: Connection refused: connect" tn="Thread Group 1-85" dt="text" by="2717" sby="0" ng="100" na="100">
  <java.net.URL>http://192.168.237.128:7077/</java.net.URL>
</httpSample>
<httpSample t="1002" it="0" lt="0" ct="1002" ts="1561111316355" s="false" lb="HTTP Request" rc="Non HTTP response code: org.apache.http.conn.HttpHostConnectException" rm="Non HTTP response message: Connect to 192.168.237.128:7077 [/192.168.237.128] failed: Connection refused: connect" tn="Thread Group 1-91" dt="text" by="2717" sby="0" ng="100" na="100">
  <java.net.URL>http://192.168.237.128:7077/</java.net.URL>
</httpSample>
<httpSample t="1002" it="0" lt="0" ct="1002" ts="1561111316375" s="false" lb="HTTP Request" rc="Non HTTP response code: org.apache.http.conn.HttpHostConnectException" rm="Non HTTP response message: Connect to 192.168.237.128:7077 [/192.168.237.128] failed: Connection refused: connect" tn="Thread Group 1-93" dt="text" by="2717" sby="0" ng="100" na="100">
  <java.net.URL>http://192.168.237.128:7077/</java.net.URL>
</httpSample>
<httpSample t="1000" it="0" lt="0" ct="1000" ts="1561111316385" s="false" lb="HTTP Request" rc="Non HTTP response code: org.apache.http.conn.HttpHostConnectException" rm="Non HTTP response message: Connect to 192.168.237.128:7077 [/192.168.237.128] failed: Connection refused: connect" tn="Thread Group 1-94" dt="text" by="2717" sby="0" ng="100" na="100">
  <java.net.URL>http://192.168.237.128:7077/</java.net.URL>
</httpSample>
<httpSample t="1003" it="0" lt="0" ct="1003" ts="1561111316395" s="false" lb="HTTP Request" rc="Non HTTP response code: org.apache.http.conn.HttpHostConnectException" rm="Non HTTP response message: Connect to 192.168.237.128:7077 [/192.168.237.128] failed: Connection refused: connect" tn="Thread Group 1-95" dt="text" by="2717" sby="0" ng="100" na="100">
  <java.net.URL>http://192.168.237.128:7077/</java.net.URL>
</httpSample>
<httpSample t="1000" it="0" lt="0" ct="999" ts="1561111316406" s="false" lb="HTTP Request" rc="Non HTTP response code: org.apache.http.conn.HttpHostConnectException" rm="Non HTTP response message: Connect to 192.168.237.128:7077 [/192.168.237.128] failed: Connection refused: connect" tn="Thread Group 1-96" dt="text" by="2717" sby="0" ng="100" na="100">
  <java.net.URL>http://192.168.237.128:7077/</java.net.URL>
</httpSample>
<httpSample t="1003" it="0" lt="0" ct="1003" ts="1561111316415" s="false" lb="HTTP Request" rc="Non HTTP response code: org.apache.http.conn.HttpHostConnectException" rm="Non HTTP response message: Connect to 192.168.237.128:7077 [/192.168.237.128] failed: Connection refused: connect" tn="Thread Group 1-97" dt="text" by="2717" sby="0" ng="100" na="100">
  <java.net.URL>http://192.168.237.128:7077/</java.net.URL>
</httpSample>
<httpSample t="1057" it="0" lt="0" ct="1057" ts="1561111316365" s="false" lb="HTTP Request" rc="Non HTTP response code: org.apache.http.conn.HttpHostConnectException" rm="Non HTTP response message: Connect to 192.168.237.128:7077 [/192.168.237.128] failed: Connection refused: connect" tn="Thread Group 1-92" dt="text" by="2717" sby="0" ng="100" na="100">
  <java.net.URL>http://192.168.237.128:7077/</java.net.URL>
</httpSample>
<httpSample t="1078" it="0" lt="0" ct="1078" ts="1561111316345" s="false" lb="HTTP Request" rc="Non HTTP response code: org.apache.http.conn.HttpHostConnectException" rm="Non HTTP response message: Connect to 192.168.237.128:7077 [/192.168.237.128] failed: Connection refused: connect" tn="Thread Group 1-90" dt="text" by="2717" sby="0" ng="100" na="100">
  <java.net.URL>http://192.168.237.128:7077/</java.net.URL>
</httpSample>
<httpSample t="999" it="0" lt="0" ct="999" ts="1561111316438" s="false" lb="HTTP Request" rc="Non HTTP response code: org.apache.http.conn.HttpHostConnectException" rm="Non HTTP response message: Connect to 192.168.237.128:7077 [/192.168.237.128] failed: Connection refused: connect" tn="Thread Group 1-99" dt="text" by="2717" sby="0" ng="100" na="100">
  <java.net.URL>http://192.168.237.128:7077/</java.net.URL>
</httpSample>
<httpSample t="1000" it="0" lt="0" ct="1000" ts="1561111316448" s="false" lb="HTTP Request" rc="Non HTTP response code: org.apache.http.conn.HttpHostConnectException" rm="Non HTTP response message: Connect to 192.168.237.128:7077 [/192.168.237.128] failed: Connection refused: connect" tn="Thread Group 1-100" dt="text" by="2717" sby="0" ng="100" na="100">
  <java.net.URL>http://192.168.237.128:7077/</java.net.URL>
</httpSample>
<httpSample t="1001" it="0" lt="0" ct="1001" ts="1561111316464" s="false" lb="HTTP Request" rc="Non HTTP response code: org.apache.http.conn.HttpHostConnectException" rm="Non HTTP response message: Connect to 192.168.237.128:7077 [/192.168.237.128] failed: Connection refused: connect" tn="Thread Group 1-4" dt="text" by="2717" sby="0" ng="100" na="100">
  <java.net.URL>http://192.168.237.128:7077/</java.net.URL>
</httpSample>
<httpSample t="998" it="0" lt="0" ct="998" ts="1561111316489" s="false" lb="HTTP Request" rc="Non HTTP response code: org.apache.http.conn.HttpHostConnectException" rm="Non HTTP response message: Connect to 192.168.237.128:7077 [/192.168.237.128] failed: Connection refused: connect" tn="Thread Group 1-3" dt="text" by="2717" sby="0" ng="100" na="100">
  <java.net.URL>http://192.168.237.128:7077/</java.net.URL>
</httpSample>
<httpSample t="1004" it="0" lt="0" ct="1004" ts="1561111316503" s="false" lb="HTTP Request" rc="Non HTTP response code: org.apache.http.conn.HttpHostConnectException" rm="Non HTTP response message: Connect to 192.168.237.128:7077 [/192.168.237.128] failed: Connection refused: connect" tn="Thread Group 1-1" dt="text" by="2717" sby="0" ng="100" na="100">
  <java.net.URL>http://192.168.237.128:7077/</java.net.URL>
</httpSample>
<httpSample t="1002" it="0" lt="0" ct="1002" ts="1561111316514" s="false" lb="HTTP Request" rc="Non HTTP response code: org.apache.http.conn.HttpHostConnectException" rm="Non HTTP response message: Connect to 192.168.237.128:7077 [/192.168.237.128] failed: Connection refused: connect" tn="Thread Group 1-2" dt="text" by="2717" sby="0" ng="100" na="100">
  <java.net.URL>http://192.168.237.128:7077/</java.net.URL>
</httpSample>
<httpSample t="1023" it="0" lt="0" ct="1023" ts="1561111316493" s="false" lb="HTTP Request" rc="Non HTTP response code: org.apache.http.conn.HttpHostConnectException" rm="Non HTTP response message: Connect to 192.168.237.128:7077 [/192.168.237.128] failed: Connection refused: connect" tn="Thread Group 1-7" dt="text" by="2717" sby="0" ng="100" na="100">
  <java.net.URL>http://192.168.237.128:7077/</java.net.URL>
</httpSample>
<httpSample t="1090" it="0" lt="0" ct="1090" ts="1561111316426" s="false" lb="HTTP Request" rc="Non HTTP response code: org.apache.http.conn.HttpHostConnectException" rm="Non HTTP response message: Connect to 192.168.237.128:7077 [/192.168.237.128] failed: Connection refused: connect" tn="Thread Group 1-98" dt="text" by="2717" sby="0" ng="100" na="100">
  <java.net.URL>http://192.168.237.128:7077/</java.net.URL>
</httpSample>
<httpSample t="1014" it="0" lt="0" ct="1014" ts="1561111316503" s="false" lb="HTTP Request" rc="Non HTTP response code: org.apache.http.conn.HttpHostConnectException" rm="Non HTTP response message: Connect to 192.168.237.128:7077 [/192.168.237.128] failed: Connection refused: connect" tn="Thread Group 1-6" dt="text" by="2717" sby="0" ng="100" na="100">
  <java.net.URL>http://192.168.237.128:7077/</java.net.URL>
</httpSample>
<httpSample t="1005" it="0" lt="0" ct="1005" ts="1561111316514" s="false" lb="HTTP Request" rc="Non HTTP response code: org.apache.http.conn.HttpHostConnectException" rm="Non HTTP response message: Connect to 192.168.237.128:7077 [/192.168.237.128] failed: Connection refused: connect" tn="Thread Group 1-5" dt="text" by="2717" sby="0" ng="100" na="100">
  <java.net.URL>http://192.168.237.128:7077/</java.net.URL>
</httpSample>
<httpSample t="1006" it="0" lt="0" ct="1006" ts="1561111316514" s="false" lb="HTTP Request" rc="Non HTTP response code: org.apache.http.conn.HttpHostConnectException" rm="Non HTTP response message: Connect to 192.168.237.128:7077 [/192.168.237.128] failed: Connection refused: connect" tn="Thread Group 1-10" dt="text" by="2717" sby="0" ng="100" na="100">
  <java.net.URL>http://192.168.237.128:7077/</java.net.URL>
</httpSample>
<httpSample t="1002" it="0" lt="0" ct="1002" ts="1561111316544" s="false" lb="HTTP Request" rc="Non HTTP response code: org.apache.http.conn.HttpHostConnectException" rm="Non HTTP response message: Connect to 192.168.237.128:7077 [/192.168.237.128] failed: Connection refused: connect" tn="Thread Group 1-12" dt="text" by="2717" sby="0" ng="100" na="100">
  <java.net.URL>http://192.168.237.128:7077/</java.net.URL>
</httpSample>
<httpSample t="1004" it="0" lt="0" ct="1004" ts="1561111316554" s="false" lb="HTTP Request" rc="Non HTTP response code: org.apache.http.conn.HttpHostConnectException" rm="Non HTTP response message: Connect to 192.168.237.128:7077 [/192.168.237.128] failed: Connection refused: connect" tn="Thread Group 1-14" dt="text" by="2717" sby="0" ng="100" na="100">
  <java.net.URL>http://192.168.237.128:7077/</java.net.URL>
</httpSample>
<httpSample t="1002" it="0" lt="0" ct="1002" ts="1561111316584" s="false" lb="HTTP Request" rc="Non HTTP response code: org.apache.http.conn.HttpHostConnectException" rm="Non HTTP response message: Connect to 192.168.237.128:7077 [/192.168.237.128] failed: Connection refused: connect" tn="Thread Group 1-16" dt="text" by="2717" sby="0" ng="100" na="100">
  <java.net.URL>http://192.168.237.128:7077/</java.net.URL>
</httpSample>
<httpSample t="1000" it="0" lt="0" ct="1000" ts="1561111316586" s="false" lb="HTTP Request" rc="Non HTTP response code: org.apache.http.conn.HttpHostConnectException" rm="Non HTTP response message: Connect to 192.168.237.128:7077 [/192.168.237.128] failed: Connection refused: connect" tn="Thread Group 1-8" dt="text" by="2717" sby="0" ng="100" na="100">
  <java.net.URL>http://192.168.237.128:7077/</java.net.URL>
</httpSample>
<httpSample t="1000" it="0" lt="0" ct="1000" ts="1561111316587" s="false" lb="HTTP Request" rc="Non HTTP response code: org.apache.http.conn.HttpHostConnectException" rm="Non HTTP response message: Connect to 192.168.237.128:7077 [/192.168.237.128] failed: Connection refused: connect" tn="Thread Group 1-13" dt="text" by="2717" sby="0" ng="100" na="100">
  <java.net.URL>http://192.168.237.128:7077/</java.net.URL>
</httpSample>
<httpSample t="1004" it="0" lt="0" ct="1004" ts="1561111316586" s="false" lb="HTTP Request" rc="Non HTTP response code: org.apache.http.conn.HttpHostConnectException" rm="Non HTTP response message: Connect to 192.168.237.128:7077 [/192.168.237.128] failed: Connection refused: connect" tn="Thread Group 1-9" dt="text" by="2717" sby="0" ng="100" na="100">
  <java.net.URL>http://192.168.237.128:7077/</java.net.URL>
</httpSample>
<httpSample t="1008" it="0" lt="0" ct="1008" ts="1561111316604" s="false" lb="HTTP Request" rc="Non HTTP response code: org.apache.http.conn.HttpHostConnectException" rm="Non HTTP response message: Connect to 192.168.237.128:7077 [/192.168.237.128] failed: Connection refused: connect" tn="Thread Group 1-17" dt="text" by="2717" sby="0" ng="100" na="100">
  <java.net.URL>http://192.168.237.128:7077/</java.net.URL>
</httpSample>
<httpSample t="1001" it="0" lt="0" ct="1001" ts="1561111316616" s="false" lb="HTTP Request" rc="Non HTTP response code: org.apache.http.conn.HttpHostConnectException" rm="Non HTTP response message: Connect to 192.168.237.128:7077 [/192.168.237.128] failed: Connection refused: connect" tn="Thread Group 1-18" dt="text" by="2717" sby="0" ng="100" na="100">
  <java.net.URL>http://192.168.237.128:7077/</java.net.URL>
</httpSample>
<httpSample t="1004" it="0" lt="0" ct="1004" ts="1561111316615" s="false" lb="HTTP Request" rc="Non HTTP response code: org.apache.http.conn.HttpHostConnectException" rm="Non HTTP response message: Connect to 192.168.237.128:7077 [/192.168.237.128] failed: Connection refused: connect" tn="Thread Group 1-11" dt="text" by="2717" sby="0" ng="100" na="100">
  <java.net.URL>http://192.168.237.128:7077/</java.net.URL>
</httpSample>
<httpSample t="1006" it="0" lt="0" ct="1006" ts="1561111316615" s="false" lb="HTTP Request" rc="Non HTTP response code: org.apache.http.conn.HttpHostConnectException" rm="Non HTTP response message: Connect to 192.168.237.128:7077 [/192.168.237.128] failed: Connection refused: connect" tn="Thread Group 1-19" dt="text" by="2717" sby="0" ng="100" na="100">
  <java.net.URL>http://192.168.237.128:7077/</java.net.URL>
</httpSample>
<httpSample t="1006" it="0" lt="0" ct="1006" ts="1561111316615" s="false" lb="HTTP Request" rc="Non HTTP response code: org.apache.http.conn.HttpHostConnectException" rm="Non HTTP response message: Connect to 192.168.237.128:7077 [/192.168.237.128] failed: Connection refused: connect" tn="Thread Group 1-15" dt="text" by="2717" sby="0" ng="100" na="100">
  <java.net.URL>http://192.168.237.128:7077/</java.net.URL>
</httpSample>
<httpSample t="1004" it="0" lt="0" ct="1004" ts="1561111316627" s="false" lb="HTTP Request" rc="Non HTTP response code: org.apache.http.conn.HttpHostConnectException" rm="Non HTTP response message: Connect to 192.168.237.128:7077 [/192.168.237.128] failed: Connection refused: connect" tn="Thread Group 1-20" dt="text" by="2717" sby="0" ng="100" na="100">
  <java.net.URL>http://192.168.237.128:7077/</java.net.URL>
</httpSample>
<httpSample t="1003" it="0" lt="0" ct="1003" ts="1561111316647" s="false" lb="HTTP Request" rc="Non HTTP response code: org.apache.http.conn.HttpHostConnectException" rm="Non HTTP response message: Connect to 192.168.237.128:7077 [/192.168.237.128] failed: Connection refused: connect" tn="Thread Group 1-22" dt="text" by="2717" sby="0" ng="100" na="100">
  <java.net.URL>http://192.168.237.128:7077/</java.net.URL>
</httpSample>
<httpSample t="1002" it="0" lt="0" ct="1002" ts="1561111316657" s="false" lb="HTTP Request" rc="Non HTTP response code: org.apache.http.conn.HttpHostConnectException" rm="Non HTTP response message: Connect to 192.168.237.128:7077 [/192.168.237.128] failed: Connection refused: connect" tn="Thread Group 1-23" dt="text" by="2717" sby="0" ng="100" na="100">
  <java.net.URL>http://192.168.237.128:7077/</java.net.URL>
</httpSample>
<httpSample t="1001" it="0" lt="0" ct="1001" ts="1561111316667" s="false" lb="HTTP Request" rc="Non HTTP response code: org.apache.http.conn.HttpHostConnectException" rm="Non HTTP response message: Connect to 192.168.237.128:7077 [/192.168.237.128] failed: Connection refused: connect" tn="Thread Group 1-24" dt="text" by="2717" sby="0" ng="100" na="100">
  <java.net.URL>http://192.168.237.128:7077/</java.net.URL>
</httpSample>
<httpSample t="1004" it="0" lt="0" ct="1004" ts="1561111316687" s="false" lb="HTTP Request" rc="Non HTTP response code: org.apache.http.conn.HttpHostConnectException" rm="Non HTTP response message: Connect to 192.168.237.128:7077 [/192.168.237.128] failed: Connection refused: connect" tn="Thread Group 1-25" dt="text" by="2717" sby="0" ng="100" na="100">
  <java.net.URL>http://192.168.237.128:7077/</java.net.URL>
</httpSample>
<httpSample t="1005" it="0" lt="0" ct="1005" ts="1561111316687" s="false" lb="HTTP Request" rc="Non HTTP response code: org.apache.http.conn.HttpHostConnectException" rm="Non HTTP response message: Connect to 192.168.237.128:7077 [/192.168.237.128] failed: Connection refused: connect" tn="Thread Group 1-26" dt="text" by="2717" sby="0" ng="100" na="100">
  <java.net.URL>http://192.168.237.128:7077/</java.net.URL>
</httpSample>
<httpSample t="1004" it="0" lt="0" ct="1004" ts="1561111316714" s="false" lb="HTTP Request" rc="Non HTTP response code: org.apache.http.conn.HttpHostConnectException" rm="Non HTTP response message: Connect to 192.168.237.128:7077 [/192.168.237.128] failed: Connection refused: connect" tn="Thread Group 1-28" dt="text" by="2717" sby="0" ng="100" na="100">
  <java.net.URL>http://192.168.237.128:7077/</java.net.URL>
</httpSample>
<httpSample t="1005" it="0" lt="0" ct="1005" ts="1561111316714" s="false" lb="HTTP Request" rc="Non HTTP response code: org.apache.http.conn.HttpHostConnectException" rm="Non HTTP response message: Connect to 192.168.237.128:7077 [/192.168.237.128] failed: Connection refused: connect" tn="Thread Group 1-21" dt="text" by="2717" sby="0" ng="100" na="100">
  <java.net.URL>http://192.168.237.128:7077/</java.net.URL>
</httpSample>
<httpSample t="1000" it="0" lt="0" ct="1000" ts="1561111316739" s="false" lb="HTTP Request" rc="Non HTTP response code: org.apache.http.conn.HttpHostConnectException" rm="Non HTTP response message: Connect to 192.168.237.128:7077 [/192.168.237.128] failed: Connection refused: connect" tn="Thread Group 1-31" dt="text" by="2717" sby="0" ng="100" na="100">
  <java.net.URL>http://192.168.237.128:7077/</java.net.URL>
</httpSample>
<httpSample t="1004" it="0" lt="0" ct="1004" ts="1561111316746" s="false" lb="HTTP Request" rc="Non HTTP response code: org.apache.http.conn.HttpHostConnectException" rm="Non HTTP response message: Connect to 192.168.237.128:7077 [/192.168.237.128] failed: Connection refused: connect" tn="Thread Group 1-32" dt="text" by="2717" sby="0" ng="100" na="100">
  <java.net.URL>http://192.168.237.128:7077/</java.net.URL>
</httpSample>
<httpSample t="1010" it="0" lt="0" ct="1010" ts="1561111316760" s="false" lb="HTTP Request" rc="Non HTTP response code: org.apache.http.conn.HttpHostConnectException" rm="Non HTTP response message: Connect to 192.168.237.128:7077 [/192.168.237.128] failed: Connection refused: connect" tn="Thread Group 1-30" dt="text" by="2717" sby="0" ng="100" na="100">
  <java.net.URL>http://192.168.237.128:7077/</java.net.URL>
</httpSample>
<httpSample t="1004" it="0" lt="0" ct="1004" ts="1561111316766" s="false" lb="HTTP Request" rc="Non HTTP response code: org.apache.http.conn.HttpHostConnectException" rm="Non HTTP response message: Connect to 192.168.237.128:7077 [/192.168.237.128] failed: Connection refused: connect" tn="Thread Group 1-34" dt="text" by="2717" sby="0" ng="100" na="100">
  <java.net.URL>http://192.168.237.128:7077/</java.net.URL>
</httpSample>
<httpSample t="1004" it="0" lt="0" ct="1004" ts="1561111316766" s="false" lb="HTTP Request" rc="Non HTTP response code: org.apache.http.conn.HttpHostConnectException" rm="Non HTTP response message: Connect to 192.168.237.128:7077 [/192.168.237.128] failed: Connection refused: connect" tn="Thread Group 1-33" dt="text" by="2717" sby="0" ng="100" na="100">
  <java.net.URL>http://192.168.237.128:7077/</java.net.URL>
</httpSample>
<httpSample t="1030" it="0" lt="0" ct="1030" ts="1561111316760" s="false" lb="HTTP Request" rc="Non HTTP response code: org.apache.http.conn.HttpHostConnectException" rm="Non HTTP response message: Connect to 192.168.237.128:7077 [/192.168.237.128] failed: Connection refused: connect" tn="Thread Group 1-27" dt="text" by="2717" sby="0" ng="100" na="100">
  <java.net.URL>http://192.168.237.128:7077/</java.net.URL>
</httpSample>
<httpSample t="1002" it="0" lt="0" ct="1002" ts="1561111316807" s="false" lb="HTTP Request" rc="Non HTTP response code: org.apache.http.conn.HttpHostConnectException" rm="Non HTTP response message: Connect to 192.168.237.128:7077 [/192.168.237.128] failed: Connection refused: connect" tn="Thread Group 1-38" dt="text" by="2717" sby="0" ng="100" na="100">
  <java.net.URL>http://192.168.237.128:7077/</java.net.URL>
</httpSample>
<httpSample t="1005" it="0" lt="0" ct="1005" ts="1561111316807" s="false" lb="HTTP Request" rc="Non HTTP response code: org.apache.http.conn.HttpHostConnectException" rm="Non HTTP response message: Connect to 192.168.237.128:7077 [/192.168.237.128] failed: Connection refused: connect" tn="Thread Group 1-37" dt="text" by="2717" sby="0" ng="100" na="100">
  <java.net.URL>http://192.168.237.128:7077/</java.net.URL>
</httpSample>
<httpSample t="1005" it="0" lt="0" ct="1005" ts="1561111316814" s="false" lb="HTTP Request" rc="Non HTTP response code: org.apache.http.conn.HttpHostConnectException" rm="Non HTTP response message: Connect to 192.168.237.128:7077 [/192.168.237.128] failed: Connection refused: connect" tn="Thread Group 1-39" dt="text" by="2717" sby="0" ng="100" na="100">
  <java.net.URL>http://192.168.237.128:7077/</java.net.URL>
</httpSample>
<httpSample t="1006" it="0" lt="0" ct="1006" ts="1561111316814" s="false" lb="HTTP Request" rc="Non HTTP response code: org.apache.http.conn.HttpHostConnectException" rm="Non HTTP response message: Connect to 192.168.237.128:7077 [/192.168.237.128] failed: Connection refused: connect" tn="Thread Group 1-29" dt="text" by="2717" sby="0" ng="100" na="100">
  <java.net.URL>http://192.168.237.128:7077/</java.net.URL>
</httpSample>
<httpSample t="1007" it="0" lt="0" ct="1007" ts="1561111316815" s="false" lb="HTTP Request" rc="Non HTTP response code: org.apache.http.conn.HttpHostConnectException" rm="Non HTTP response message: Connect to 192.168.237.128:7077 [/192.168.237.128] failed: Connection refused: connect" tn="Thread Group 1-36" dt="text" by="2717" sby="0" ng="100" na="100">
  <java.net.URL>http://192.168.237.128:7077/</java.net.URL>
</httpSample>
<httpSample t="1003" it="0" lt="0" ct="1003" ts="1561111316859" s="false" lb="HTTP Request" rc="Non HTTP response code: org.apache.http.conn.HttpHostConnectException" rm="Non HTTP response message: Connect to 192.168.237.128:7077 [/192.168.237.128] failed: Connection refused: connect" tn="Thread Group 1-42" dt="text" by="2717" sby="0" ng="100" na="100">
  <java.net.URL>http://192.168.237.128:7077/</java.net.URL>
</httpSample>
<httpSample t="1010" it="0" lt="0" ct="1010" ts="1561111316860" s="false" lb="HTTP Request" rc="Non HTTP response code: org.apache.http.conn.HttpHostConnectException" rm="Non HTTP response message: Connect to 192.168.237.128:7077 [/192.168.237.128] failed: Connection refused: connect" tn="Thread Group 1-40" dt="text" by="2717" sby="0" ng="100" na="100">
  <java.net.URL>http://192.168.237.128:7077/</java.net.URL>
</httpSample>
<httpSample t="1006" it="0" lt="0" ct="1006" ts="1561111316866" s="false" lb="HTTP Request" rc="Non HTTP response code: org.apache.http.conn.HttpHostConnectException" rm="Non HTTP response message: Connect to 192.168.237.128:7077 [/192.168.237.128] failed: Connection refused: connect" tn="Thread Group 1-43" dt="text" by="2717" sby="0" ng="100" na="100">
  <java.net.URL>http://192.168.237.128:7077/</java.net.URL>
</httpSample>
<httpSample t="1006" it="0" lt="0" ct="1006" ts="1561111316876" s="false" lb="HTTP Request" rc="Non HTTP response code: org.apache.http.conn.HttpHostConnectException" rm="Non HTTP response message: Connect to 192.168.237.128:7077 [/192.168.237.128] failed: Connection refused: connect" tn="Thread Group 1-44" dt="text" by="2717" sby="0" ng="100" na="100">
  <java.net.URL>http://192.168.237.128:7077/</java.net.URL>
</httpSample>
<httpSample t="1006" it="0" lt="0" ct="1006" ts="1561111316906" s="false" lb="HTTP Request" rc="Non HTTP response code: org.apache.http.conn.HttpHostConnectException" rm="Non HTTP response message: Connect to 192.168.237.128:7077 [/192.168.237.128] failed: Connection refused: connect" tn="Thread Group 1-47" dt="text" by="2717" sby="0" ng="100" na="100">
  <java.net.URL>http://192.168.237.128:7077/</java.net.URL>
</httpSample>
<httpSample t="1008" it="0" lt="0" ct="1008" ts="1561111316913" s="false" lb="HTTP Request" rc="Non HTTP response code: org.apache.http.conn.HttpHostConnectException" rm="Non HTTP response message: Connect to 192.168.237.128:7077 [/192.168.237.128] failed: Connection refused: connect" tn="Thread Group 1-45" dt="text" by="2717" sby="0" ng="100" na="100">
  <java.net.URL>http://192.168.237.128:7077/</java.net.URL>
</httpSample>
<httpSample t="1006" it="0" lt="0" ct="1006" ts="1561111316926" s="false" lb="HTTP Request" rc="Non HTTP response code: org.apache.http.conn.HttpHostConnectException" rm="Non HTTP response message: Connect to 192.168.237.128:7077 [/192.168.237.128] failed: Connection refused: connect" tn="Thread Group 1-49" dt="text" by="2717" sby="0" ng="100" na="100">
  <java.net.URL>http://192.168.237.128:7077/</java.net.URL>
</httpSample>
<httpSample t="1081" it="0" lt="0" ct="1081" ts="1561111316859" s="false" lb="HTTP Request" rc="Non HTTP response code: org.apache.http.conn.HttpHostConnectException" rm="Non HTTP response message: Connect to 192.168.237.128:7077 [/192.168.237.128] failed: Connection refused: connect" tn="Thread Group 1-35" dt="text" by="2717" sby="0" ng="100" na="100">
  <java.net.URL>http://192.168.237.128:7077/</java.net.URL>
</httpSample>
<httpSample t="1026" it="0" lt="0" ct="1026" ts="1561111316914" s="false" lb="HTTP Request" rc="Non HTTP response code: org.apache.http.conn.HttpHostConnectException" rm="Non HTTP response message: Connect to 192.168.237.128:7077 [/192.168.237.128] failed: Connection refused: connect" tn="Thread Group 1-41" dt="text" by="2717" sby="0" ng="100" na="100">
  <java.net.URL>http://192.168.237.128:7077/</java.net.URL>
</httpSample>
<httpSample t="1006" it="0" lt="0" ct="1005" ts="1561111316936" s="false" lb="HTTP Request" rc="Non HTTP response code: org.apache.http.conn.HttpHostConnectException" rm="Non HTTP response message: Connect to 192.168.237.128:7077 [/192.168.237.128] failed: Connection refused: connect" tn="Thread Group 1-50" dt="text" by="2717" sby="0" ng="100" na="100">
  <java.net.URL>http://192.168.237.128:7077/</java.net.URL>
</httpSample>
<httpSample t="1025" it="0" lt="0" ct="1025" ts="1561111316959" s="false" lb="HTTP Request" rc="Non HTTP response code: org.apache.http.conn.HttpHostConnectException" rm="Non HTTP response message: Connect to 192.168.237.128:7077 [/192.168.237.128] failed: Connection refused: connect" tn="Thread Group 1-46" dt="text" by="2717" sby="0" ng="100" na="100">
  <java.net.URL>http://192.168.237.128:7077/</java.net.URL>
</httpSample>
<httpSample t="1068" it="0" lt="0" ct="1068" ts="1561111316916" s="false" lb="HTTP Request" rc="Non HTTP response code: org.apache.http.conn.HttpHostConnectException" rm="Non HTTP response message: Connect to 192.168.237.128:7077 [/192.168.237.128] failed: Connection refused: connect" tn="Thread Group 1-48" dt="text" by="2717" sby="0" ng="100" na="100">
  <java.net.URL>http://192.168.237.128:7077/</java.net.URL>
</httpSample>
<httpSample t="1018" it="0" lt="0" ct="1018" ts="1561111316966" s="false" lb="HTTP Request" rc="Non HTTP response code: org.apache.http.conn.HttpHostConnectException" rm="Non HTTP response message: Connect to 192.168.237.128:7077 [/192.168.237.128] failed: Connection refused: connect" tn="Thread Group 1-53" dt="text" by="2717" sby="0" ng="100" na="100">
  <java.net.URL>http://192.168.237.128:7077/</java.net.URL>
</httpSample>
<httpSample t="1001" it="0" lt="0" ct="1001" ts="1561111316992" s="false" lb="HTTP Request" rc="Non HTTP response code: org.apache.http.conn.HttpHostConnectException" rm="Non HTTP response message: Connect to 192.168.237.128:7077 [/192.168.237.128] failed: Connection refused: connect" tn="Thread Group 1-55" dt="text" by="2717" sby="0" ng="100" na="100">
  <java.net.URL>http://192.168.237.128:7077/</java.net.URL>
</httpSample>
<httpSample t="999" it="0" lt="0" ct="999" ts="1561111317014" s="false" lb="HTTP Request" rc="Non HTTP response code: org.apache.http.conn.HttpHostConnectException" rm="Non HTTP response message: Connect to 192.168.237.128:7077 [/192.168.237.128] failed: Connection refused: connect" tn="Thread Group 1-56" dt="text" by="2717" sby="0" ng="100" na="100">
  <java.net.URL>http://192.168.237.128:7077/</java.net.URL>
</httpSample>
<httpSample t="1003" it="0" lt="0" ct="1003" ts="1561111317014" s="false" lb="HTTP Request" rc="Non HTTP response code: org.apache.http.conn.HttpHostConnectException" rm="Non HTTP response message: Connect to 192.168.237.128:7077 [/192.168.237.128] failed: Connection refused: connect" tn="Thread Group 1-51" dt="text" by="2717" sby="0" ng="100" na="100">
  <java.net.URL>http://192.168.237.128:7077/</java.net.URL>
</httpSample>
<httpSample t="1008" it="0" lt="0" ct="1008" ts="1561111317014" s="false" lb="HTTP Request" rc="Non HTTP response code: org.apache.http.conn.HttpHostConnectException" rm="Non HTTP response message: Connect to 192.168.237.128:7077 [/192.168.237.128] failed: Connection refused: connect" tn="Thread Group 1-58" dt="text" by="2717" sby="0" ng="100" na="100">
  <java.net.URL>http://192.168.237.128:7077/</java.net.URL>
</httpSample>
<httpSample t="1010" it="0" lt="0" ct="1010" ts="1561111317012" s="false" lb="HTTP Request" rc="Non HTTP response code: org.apache.http.conn.HttpHostConnectException" rm="Non HTTP response message: Connect to 192.168.237.128:7077 [/192.168.237.128] failed: Connection refused: connect" tn="Thread Group 1-57" dt="text" by="2717" sby="0" ng="100" na="100">
  <java.net.URL>http://192.168.237.128:7077/</java.net.URL>
</httpSample>
<httpSample t="1001" it="0" lt="0" ct="1001" ts="1561111317036" s="false" lb="HTTP Request" rc="Non HTTP response code: org.apache.http.conn.HttpHostConnectException" rm="Non HTTP response message: Connect to 192.168.237.128:7077 [/192.168.237.128] failed: Connection refused: connect" tn="Thread Group 1-60" dt="text" by="2717" sby="0" ng="100" na="100">
  <java.net.URL>http://192.168.237.128:7077/</java.net.URL>
</httpSample>
<httpSample t="1064" it="0" lt="0" ct="1064" ts="1561111316976" s="false" lb="HTTP Request" rc="Non HTTP response code: org.apache.http.conn.HttpHostConnectException" rm="Non HTTP response message: Connect to 192.168.237.128:7077 [/192.168.237.128] failed: Connection refused: connect" tn="Thread Group 1-54" dt="text" by="2717" sby="0" ng="100" na="100">
  <java.net.URL>http://192.168.237.128:7077/</java.net.URL>
</httpSample>
<httpSample t="1081" it="0" lt="0" ct="1081" ts="1561111316959" s="false" lb="HTTP Request" rc="Non HTTP response code: org.apache.http.conn.HttpHostConnectException" rm="Non HTTP response message: Connect to 192.168.237.128:7077 [/192.168.237.128] failed: Connection refused: connect" tn="Thread Group 1-52" dt="text" by="2717" sby="0" ng="100" na="100">
  <java.net.URL>http://192.168.237.128:7077/</java.net.URL>
</httpSample>
<httpSample t="1013" it="0" lt="0" ct="1013" ts="1561111317027" s="false" lb="HTTP Request" rc="Non HTTP response code: org.apache.http.conn.HttpHostConnectException" rm="Non HTTP response message: Connect to 192.168.237.128:7077 [/192.168.237.128] failed: Connection refused: connect" tn="Thread Group 1-59" dt="text" by="2717" sby="0" ng="100" na="100">
  <java.net.URL>http://192.168.237.128:7077/</java.net.URL>
</httpSample>
<httpSample t="1003" it="0" lt="0" ct="1002" ts="1561111317069" s="false" lb="HTTP Request" rc="Non HTTP response code: org.apache.http.conn.HttpHostConnectException" rm="Non HTTP response message: Connect to 192.168.237.128:7077 [/192.168.237.128] failed: Connection refused: connect" tn="Thread Group 1-63" dt="text" by="2717" sby="0" ng="100" na="100">
  <java.net.URL>http://192.168.237.128:7077/</java.net.URL>
</httpSample>
<httpSample t="1012" it="0" lt="0" ct="1012" ts="1561111317090" s="false" lb="HTTP Request" rc="Non HTTP response code: org.apache.http.conn.HttpHostConnectException" rm="Non HTTP response message: Connect to 192.168.237.128:7077 [/192.168.237.128] failed: Connection refused: connect" tn="Thread Group 1-65" dt="text" by="2717" sby="0" ng="100" na="100">
  <java.net.URL>http://192.168.237.128:7077/</java.net.URL>
</httpSample>
<httpSample t="1010" it="0" lt="0" ct="1010" ts="1561111317107" s="false" lb="HTTP Request" rc="Non HTTP response code: org.apache.http.conn.HttpHostConnectException" rm="Non HTTP response message: Connect to 192.168.237.128:7077 [/192.168.237.128] failed: Connection refused: connect" tn="Thread Group 1-67" dt="text" by="2717" sby="0" ng="100" na="100">
  <java.net.URL>http://192.168.237.128:7077/</java.net.URL>
</httpSample>
<httpSample t="1004" it="0" lt="0" ct="1004" ts="1561111317118" s="false" lb="HTTP Request" rc="Non HTTP response code: org.apache.http.conn.HttpHostConnectException" rm="Non HTTP response message: Connect to 192.168.237.128:7077 [/192.168.237.128] failed: Connection refused: connect" tn="Thread Group 1-64" dt="text" by="2717" sby="0" ng="100" na="100">
  <java.net.URL>http://192.168.237.128:7077/</java.net.URL>
</httpSample>
<httpSample t="1003" it="0" lt="0" ct="1003" ts="1561111317119" s="false" lb="HTTP Request" rc="Non HTTP response code: org.apache.http.conn.HttpHostConnectException" rm="Non HTTP response message: Connect to 192.168.237.128:7077 [/192.168.237.128] failed: Connection refused: connect" tn="Thread Group 1-68" dt="text" by="2717" sby="0" ng="100" na="100">
  <java.net.URL>http://192.168.237.128:7077/</java.net.URL>
</httpSample>
<httpSample t="1005" it="0" lt="0" ct="1005" ts="1561111317117" s="false" lb="HTTP Request" rc="Non HTTP response code: org.apache.http.conn.HttpHostConnectException" rm="Non HTTP response message: Connect to 192.168.237.128:7077 [/192.168.237.128] failed: Connection refused: connect" tn="Thread Group 1-62" dt="text" by="2717" sby="0" ng="100" na="100">
  <java.net.URL>http://192.168.237.128:7077/</java.net.URL>
</httpSample>
<httpSample t="1093" it="0" lt="0" ct="1093" ts="1561111317047" s="false" lb="HTTP Request" rc="Non HTTP response code: org.apache.http.conn.HttpHostConnectException" rm="Non HTTP response message: Connect to 192.168.237.128:7077 [/192.168.237.128] failed: Connection refused: connect" tn="Thread Group 1-61" dt="text" by="2717" sby="0" ng="100" na="100">
  <java.net.URL>http://192.168.237.128:7077/</java.net.URL>
</httpSample>
<httpSample t="1044" it="0" lt="0" ct="1044" ts="1561111317096" s="false" lb="HTTP Request" rc="Non HTTP response code: org.apache.http.conn.HttpHostConnectException" rm="Non HTTP response message: Connect to 192.168.237.128:7077 [/192.168.237.128] failed: Connection refused: connect" tn="Thread Group 1-66" dt="text" by="2717" sby="0" ng="100" na="100">
  <java.net.URL>http://192.168.237.128:7077/</java.net.URL>
</httpSample>
<httpSample t="1014" it="0" lt="0" ct="1014" ts="1561111317137" s="false" lb="HTTP Request" rc="Non HTTP response code: org.apache.http.conn.HttpHostConnectException" rm="Non HTTP response message: Connect to 192.168.237.128:7077 [/192.168.237.128] failed: Connection refused: connect" tn="Thread Group 1-70" dt="text" by="2717" sby="0" ng="100" na="100">
  <java.net.URL>http://192.168.237.128:7077/</java.net.URL>
</httpSample>
<httpSample t="999" it="0" lt="0" ct="999" ts="1561111317157" s="false" lb="HTTP Request" rc="Non HTTP response code: org.apache.http.conn.HttpHostConnectException" rm="Non HTTP response message: Connect to 192.168.237.128:7077 [/192.168.237.128] failed: Connection refused: connect" tn="Thread Group 1-71" dt="text" by="2717" sby="0" ng="100" na="100">
  <java.net.URL>http://192.168.237.128:7077/</java.net.URL>
</httpSample>
<httpSample t="1002" it="0" lt="0" ct="1002" ts="1561111317157" s="false" lb="HTTP Request" rc="Non HTTP response code: org.apache.http.conn.HttpHostConnectException" rm="Non HTTP response message: Connect to 192.168.237.128:7077 [/192.168.237.128] failed: Connection refused: connect" tn="Thread Group 1-72" dt="text" by="2717" sby="0" ng="100" na="100">
  <java.net.URL>http://192.168.237.128:7077/</java.net.URL>
</httpSample>
<httpSample t="1006" it="0" lt="0" ct="1006" ts="1561111317166" s="false" lb="HTTP Request" rc="Non HTTP response code: org.apache.http.conn.HttpHostConnectException" rm="Non HTTP response message: Connect to 192.168.237.128:7077 [/192.168.237.128] failed: Connection refused: connect" tn="Thread Group 1-73" dt="text" by="2717" sby="0" ng="100" na="100">
  <java.net.URL>http://192.168.237.128:7077/</java.net.URL>
</httpSample>
<httpSample t="1001" it="0" lt="0" ct="1001" ts="1561111317219" s="false" lb="HTTP Request" rc="Non HTTP response code: org.apache.http.conn.HttpHostConnectException" rm="Non HTTP response message: Connect to 192.168.237.128:7077 [/192.168.237.128] failed: Connection refused: connect" tn="Thread Group 1-75" dt="text" by="2717" sby="0" ng="100" na="100">
  <java.net.URL>http://192.168.237.128:7077/</java.net.URL>
</httpSample>
<httpSample t="1004" it="0" lt="0" ct="1004" ts="1561111317216" s="false" lb="HTTP Request" rc="Non HTTP response code: org.apache.http.conn.HttpHostConnectException" rm="Non HTTP response message: Connect to 192.168.237.128:7077 [/192.168.237.128] failed: Connection refused: connect" tn="Thread Group 1-77" dt="text" by="2717" sby="0" ng="100" na="100">
  <java.net.URL>http://192.168.237.128:7077/</java.net.URL>
</httpSample>
<httpSample t="1013" it="0" lt="0" ct="1013" ts="1561111317209" s="false" lb="HTTP Request" rc="Non HTTP response code: org.apache.http.conn.HttpHostConnectException" rm="Non HTTP response message: Connect to 192.168.237.128:7077 [/192.168.237.128] failed: Connection refused: connect" tn="Thread Group 1-76" dt="text" by="2717" sby="0" ng="100" na="100">
  <java.net.URL>http://192.168.237.128:7077/</java.net.URL>
</httpSample>
<httpSample t="1004" it="0" lt="0" ct="1004" ts="1561111317258" s="false" lb="HTTP Request" rc="Non HTTP response code: org.apache.http.conn.HttpHostConnectException" rm="Non HTTP response message: Connect to 192.168.237.128:7077 [/192.168.237.128] failed: Connection refused: connect" tn="Thread Group 1-80" dt="text" by="2717" sby="0" ng="100" na="100">
  <java.net.URL>http://192.168.237.128:7077/</java.net.URL>
</httpSample>
<httpSample t="1004" it="0" lt="0" ct="1004" ts="1561111317258" s="false" lb="HTTP Request" rc="Non HTTP response code: org.apache.http.conn.HttpHostConnectException" rm="Non HTTP response message: Connect to 192.168.237.128:7077 [/192.168.237.128] failed: Connection refused: connect" tn="Thread Group 1-74" dt="text" by="2717" sby="0" ng="100" na="100">
  <java.net.URL>http://192.168.237.128:7077/</java.net.URL>
</httpSample>
<httpSample t="997" it="0" lt="0" ct="997" ts="1561111317277" s="false" lb="HTTP Request" rc="Non HTTP response code: org.apache.http.conn.HttpHostConnectException" rm="Non HTTP response message: Connect to 192.168.237.128:7077 [/192.168.237.128] failed: Connection refused: connect" tn="Thread Group 1-83" dt="text" by="2717" sby="0" ng="100" na="100">
  <java.net.URL>http://192.168.237.128:7077/</java.net.URL>
</httpSample>
<httpSample t="1018" it="0" lt="0" ct="1018" ts="1561111317269" s="false" lb="HTTP Request" rc="Non HTTP response code: org.apache.http.conn.HttpHostConnectException" rm="Non HTTP response message: Connect to 192.168.237.128:7077 [/192.168.237.128] failed: Connection refused: connect" tn="Thread Group 1-82" dt="text" by="2717" sby="0" ng="100" na="100">
  <java.net.URL>http://192.168.237.128:7077/</java.net.URL>
</httpSample>
<httpSample t="1068" it="0" lt="0" ct="1068" ts="1561111317219" s="false" lb="HTTP Request" rc="Non HTTP response code: org.apache.http.conn.HttpHostConnectException" rm="Non HTTP response message: Connect to 192.168.237.128:7077 [/192.168.237.128] failed: Connection refused: connect" tn="Thread Group 1-69" dt="text" by="2717" sby="0" ng="100" na="100">
  <java.net.URL>http://192.168.237.128:7077/</java.net.URL>
</httpSample>
<httpSample t="1038" it="0" lt="0" ct="1038" ts="1561111317258" s="false" lb="HTTP Request" rc="Non HTTP response code: org.apache.http.conn.HttpHostConnectException" rm="Non HTTP response message: Connect to 192.168.237.128:7077 [/192.168.237.128] failed: Connection refused: connect" tn="Thread Group 1-78" dt="text" by="2717" sby="0" ng="100" na="100">
  <java.net.URL>http://192.168.237.128:7077/</java.net.URL>
</httpSample>
<httpSample t="1015" it="0" lt="0" ct="1014" ts="1561111317307" s="false" lb="HTTP Request" rc="Non HTTP response code: org.apache.http.conn.HttpHostConnectException" rm="Non HTTP response message: Connect to 192.168.237.128:7077 [/192.168.237.128] failed: Connection refused: connect" tn="Thread Group 1-86" dt="text" by="2717" sby="0" ng="100" na="100">
  <java.net.URL>http://192.168.237.128:7077/</java.net.URL>
</httpSample>
<httpSample t="998" it="0" lt="0" ct="998" ts="1561111317326" s="false" lb="HTTP Request" rc="Non HTTP response code: org.apache.http.conn.HttpHostConnectException" rm="Non HTTP response message: Connect to 192.168.237.128:7077 [/192.168.237.128] failed: Connection refused: connect" tn="Thread Group 1-88" dt="text" by="2717" sby="0" ng="100" na="100">
  <java.net.URL>http://192.168.237.128:7077/</java.net.URL>
</httpSample>
<httpSample t="1005" it="0" lt="0" ct="1005" ts="1561111317321" s="false" lb="HTTP Request" rc="Non HTTP response code: org.apache.http.conn.HttpHostConnectException" rm="Non HTTP response message: Connect to 192.168.237.128:7077 [/192.168.237.128] failed: Connection refused: connect" tn="Thread Group 1-81" dt="text" by="2717" sby="0" ng="100" na="100">
  <java.net.URL>http://192.168.237.128:7077/</java.net.URL>
</httpSample>
<httpSample t="1021" it="0" lt="0" ct="1021" ts="1561111317321" s="false" lb="HTTP Request" rc="Non HTTP response code: org.apache.http.conn.HttpHostConnectException" rm="Non HTTP response message: Connect to 192.168.237.128:7077 [/192.168.237.128] failed: Connection refused: connect" tn="Thread Group 1-79" dt="text" by="2717" sby="0" ng="100" na="100">
  <java.net.URL>http://192.168.237.128:7077/</java.net.URL>
</httpSample>
<httpSample t="1023" it="0" lt="0" ct="1023" ts="1561111317319" s="false" lb="HTTP Request" rc="Non HTTP response code: org.apache.http.conn.HttpHostConnectException" rm="Non HTTP response message: Connect to 192.168.237.128:7077 [/192.168.237.128] failed: Connection refused: connect" tn="Thread Group 1-87" dt="text" by="2717" sby="0" ng="100" na="100">
  <java.net.URL>http://192.168.237.128:7077/</java.net.URL>
</httpSample>
<httpSample t="1021" it="0" lt="0" ct="1021" ts="1561111317321" s="false" lb="HTTP Request" rc="Non HTTP response code: org.apache.http.conn.HttpHostConnectException" rm="Non HTTP response message: Connect to 192.168.237.128:7077 [/192.168.237.128] failed: Connection refused: connect" tn="Thread Group 1-84" dt="text" by="2717" sby="0" ng="100" na="100">
  <java.net.URL>http://192.168.237.128:7077/</java.net.URL>
</httpSample>
<httpSample t="999" it="0" lt="0" ct="999" ts="1561111317358" s="false" lb="HTTP Request" rc="Non HTTP response code: org.apache.http.conn.HttpHostConnectException" rm="Non HTTP response message: Connect to 192.168.237.128:7077 [/192.168.237.128] failed: Connection refused: connect" tn="Thread Group 1-91" dt="text" by="2717" sby="0" ng="100" na="100">
  <java.net.URL>http://192.168.237.128:7077/</java.net.URL>
</httpSample>
<httpSample t="1014" it="0" lt="0" ct="1014" ts="1561111317358" s="false" lb="HTTP Request" rc="Non HTTP response code: org.apache.http.conn.HttpHostConnectException" rm="Non HTTP response message: Connect to 192.168.237.128:7077 [/192.168.237.128] failed: Connection refused: connect" tn="Thread Group 1-85" dt="text" by="2717" sby="0" ng="100" na="100">
  <java.net.URL>http://192.168.237.128:7077/</java.net.URL>
</httpSample>
<httpSample t="1014" it="0" lt="0" ct="1014" ts="1561111317378" s="false" lb="HTTP Request" rc="Non HTTP response code: org.apache.http.conn.HttpHostConnectException" rm="Non HTTP response message: Connect to 192.168.237.128:7077 [/192.168.237.128] failed: Connection refused: connect" tn="Thread Group 1-93" dt="text" by="2717" sby="0" ng="100" na="100">
  <java.net.URL>http://192.168.237.128:7077/</java.net.URL>
</httpSample>
<httpSample t="1016" it="0" lt="0" ct="1016" ts="1561111317386" s="false" lb="HTTP Request" rc="Non HTTP response code: org.apache.http.conn.HttpHostConnectException" rm="Non HTTP response message: Connect to 192.168.237.128:7077 [/192.168.237.128] failed: Connection refused: connect" tn="Thread Group 1-94" dt="text" by="2717" sby="0" ng="100" na="100">
  <java.net.URL>http://192.168.237.128:7077/</java.net.URL>
</httpSample>
<httpSample t="1013" it="0" lt="0" ct="1013" ts="1561111317399" s="false" lb="HTTP Request" rc="Non HTTP response code: org.apache.http.conn.HttpHostConnectException" rm="Non HTTP response message: Connect to 192.168.237.128:7077 [/192.168.237.128] failed: Connection refused: connect" tn="Thread Group 1-95" dt="text" by="2717" sby="0" ng="100" na="100">
  <java.net.URL>http://192.168.237.128:7077/</java.net.URL>
</httpSample>
<httpSample t="1096" it="0" lt="0" ct="1096" ts="1561111317339" s="false" lb="HTTP Request" rc="Non HTTP response code: org.apache.http.conn.HttpHostConnectException" rm="Non HTTP response message: Connect to 192.168.237.128:7077 [/192.168.237.128] failed: Connection refused: connect" tn="Thread Group 1-89" dt="text" by="2717" sby="0" ng="100" na="100">
  <java.net.URL>http://192.168.237.128:7077/</java.net.URL>
</httpSample>
<httpSample t="1030" it="0" lt="0" ct="1029" ts="1561111317406" s="false" lb="HTTP Request" rc="Non HTTP response code: org.apache.http.conn.HttpHostConnectException" rm="Non HTTP response message: Connect to 192.168.237.128:7077 [/192.168.237.128] failed: Connection refused: connect" tn="Thread Group 1-96" dt="text" by="2717" sby="0" ng="100" na="100">
  <java.net.URL>http://192.168.237.128:7077/</java.net.URL>
</httpSample>
<httpSample t="1019" it="0" lt="0" ct="1019" ts="1561111317423" s="false" lb="HTTP Request" rc="Non HTTP response code: org.apache.http.conn.HttpHostConnectException" rm="Non HTTP response message: Connect to 192.168.237.128:7077 [/192.168.237.128] failed: Connection refused: connect" tn="Thread Group 1-92" dt="text" by="2717" sby="0" ng="100" na="100">
  <java.net.URL>http://192.168.237.128:7077/</java.net.URL>
</httpSample>
<httpSample t="1018" it="0" lt="0" ct="1018" ts="1561111317424" s="false" lb="HTTP Request" rc="Non HTTP response code: org.apache.http.conn.HttpHostConnectException" rm="Non HTTP response message: Connect to 192.168.237.128:7077 [/192.168.237.128] failed: Connection refused: connect" tn="Thread Group 1-90" dt="text" by="2717" sby="0" ng="100" na="100">
  <java.net.URL>http://192.168.237.128:7077/</java.net.URL>
</httpSample>
<httpSample t="1066" it="0" lt="0" ct="1065" ts="1561111317419" s="false" lb="HTTP Request" rc="Non HTTP response code: org.apache.http.conn.HttpHostConnectException" rm="Non HTTP response message: Connect to 192.168.237.128:7077 [/192.168.237.128] failed: Connection refused: connect" tn="Thread Group 1-97" dt="text" by="2717" sby="0" ng="100" na="100">
  <java.net.URL>http://192.168.237.128:7077/</java.net.URL>
</httpSample>
<httpSample t="1019" it="0" lt="0" ct="1019" ts="1561111317466" s="false" lb="HTTP Request" rc="Non HTTP response code: org.apache.http.conn.HttpHostConnectException" rm="Non HTTP response message: Connect to 192.168.237.128:7077 [/192.168.237.128] failed: Connection refused: connect" tn="Thread Group 1-4" dt="text" by="2717" sby="0" ng="100" na="100">
  <java.net.URL>http://192.168.237.128:7077/</java.net.URL>
</httpSample>
<httpSample t="1047" it="0" lt="0" ct="1047" ts="1561111317438" s="false" lb="HTTP Request" rc="Non HTTP response code: org.apache.http.conn.HttpHostConnectException" rm="Non HTTP response message: Connect to 192.168.237.128:7077 [/192.168.237.128] failed: Connection refused: connect" tn="Thread Group 1-99" dt="text" by="2717" sby="0" ng="100" na="100">
  <java.net.URL>http://192.168.237.128:7077/</java.net.URL>
</httpSample>
<httpSample t="1006" it="0" lt="0" ct="1005" ts="1561111317508" s="false" lb="HTTP Request" rc="Non HTTP response code: org.apache.http.conn.HttpHostConnectException" rm="Non HTTP response message: Connect to 192.168.237.128:7077 [/192.168.237.128] failed: Connection refused: connect" tn="Thread Group 1-1" dt="text" by="2717" sby="0" ng="100" na="100">
  <java.net.URL>http://192.168.237.128:7077/</java.net.URL>
</httpSample>
<httpSample t="1000" it="0" lt="0" ct="1000" ts="1561111317517" s="false" lb="HTTP Request" rc="Non HTTP response code: org.apache.http.conn.HttpHostConnectException" rm="Non HTTP response message: Connect to 192.168.237.128:7077 [/192.168.237.128] failed: Connection refused: connect" tn="Thread Group 1-2" dt="text" by="2717" sby="0" ng="100" na="100">
  <java.net.URL>http://192.168.237.128:7077/</java.net.URL>
</httpSample>
<httpSample t="1015" it="0" lt="0" ct="1015" ts="1561111317517" s="false" lb="HTTP Request" rc="Non HTTP response code: org.apache.http.conn.HttpHostConnectException" rm="Non HTTP response message: Connect to 192.168.237.128:7077 [/192.168.237.128] failed: Connection refused: connect" tn="Thread Group 1-7" dt="text" by="2717" sby="0" ng="100" na="100">
  <java.net.URL>http://192.168.237.128:7077/</java.net.URL>
</httpSample>
<httpSample t="1015" it="0" lt="0" ct="1015" ts="1561111317517" s="false" lb="HTTP Request" rc="Non HTTP response code: org.apache.http.conn.HttpHostConnectException" rm="Non HTTP response message: Connect to 192.168.237.128:7077 [/192.168.237.128] failed: Connection refused: connect" tn="Thread Group 1-6" dt="text" by="2717" sby="0" ng="100" na="100">
  <java.net.URL>http://192.168.237.128:7077/</java.net.URL>
</httpSample>
<httpSample t="1011" it="0" lt="0" ct="1011" ts="1561111317521" s="false" lb="HTTP Request" rc="Non HTTP response code: org.apache.http.conn.HttpHostConnectException" rm="Non HTTP response message: Connect to 192.168.237.128:7077 [/192.168.237.128] failed: Connection refused: connect" tn="Thread Group 1-10" dt="text" by="2717" sby="0" ng="100" na="100">
  <java.net.URL>http://192.168.237.128:7077/</java.net.URL>
</httpSample>
<httpSample t="1012" it="0" lt="0" ct="1012" ts="1561111317520" s="false" lb="HTTP Request" rc="Non HTTP response code: org.apache.http.conn.HttpHostConnectException" rm="Non HTTP response message: Connect to 192.168.237.128:7077 [/192.168.237.128] failed: Connection refused: connect" tn="Thread Group 1-5" dt="text" by="2717" sby="0" ng="100" na="100">
  <java.net.URL>http://192.168.237.128:7077/</java.net.URL>
</httpSample>
<httpSample t="1021" it="0" lt="0" ct="1021" ts="1561111317517" s="false" lb="HTTP Request" rc="Non HTTP response code: org.apache.http.conn.HttpHostConnectException" rm="Non HTTP response message: Connect to 192.168.237.128:7077 [/192.168.237.128] failed: Connection refused: connect" tn="Thread Group 1-98" dt="text" by="2717" sby="0" ng="100" na="100">
  <java.net.URL>http://192.168.237.128:7077/</java.net.URL>
</httpSample>
<httpSample t="1089" it="0" lt="0" ct="1089" ts="1561111317449" s="false" lb="HTTP Request" rc="Non HTTP response code: org.apache.http.conn.HttpHostConnectException" rm="Non HTTP response message: Connect to 192.168.237.128:7077 [/192.168.237.128] failed: Connection refused: connect" tn="Thread Group 1-100" dt="text" by="2717" sby="0" ng="100" na="100">
  <java.net.URL>http://192.168.237.128:7077/</java.net.URL>
</httpSample>
<httpSample t="1051" it="0" lt="0" ct="1051" ts="1561111317488" s="false" lb="HTTP Request" rc="Non HTTP response code: org.apache.http.conn.HttpHostConnectException" rm="Non HTTP response message: Connect to 192.168.237.128:7077 [/192.168.237.128] failed: Connection refused: connect" tn="Thread Group 1-3" dt="text" by="2717" sby="0" ng="100" na="100">
  <java.net.URL>http://192.168.237.128:7077/</java.net.URL>
</httpSample>
<httpSample t="1015" it="0" lt="0" ct="1015" ts="1561111317547" s="false" lb="HTTP Request" rc="Non HTTP response code: org.apache.http.conn.HttpHostConnectException" rm="Non HTTP response message: Connect to 192.168.237.128:7077 [/192.168.237.128] failed: Connection refused: connect" tn="Thread Group 1-12" dt="text" by="2717" sby="0" ng="100" na="100">
  <java.net.URL>http://192.168.237.128:7077/</java.net.URL>
</httpSample>
<httpSample t="1007" it="0" lt="0" ct="1007" ts="1561111317559" s="false" lb="HTTP Request" rc="Non HTTP response code: org.apache.http.conn.HttpHostConnectException" rm="Non HTTP response message: Connect to 192.168.237.128:7077 [/192.168.237.128] failed: Connection refused: connect" tn="Thread Group 1-14" dt="text" by="2717" sby="0" ng="100" na="100">
  <java.net.URL>http://192.168.237.128:7077/</java.net.URL>
</httpSample>
<httpSample t="1015" it="0" lt="0" ct="1015" ts="1561111317587" s="false" lb="HTTP Request" rc="Non HTTP response code: org.apache.http.conn.HttpHostConnectException" rm="Non HTTP response message: Connect to 192.168.237.128:7077 [/192.168.237.128] failed: Connection refused: connect" tn="Thread Group 1-8" dt="text" by="2717" sby="0" ng="100" na="100">
  <java.net.URL>http://192.168.237.128:7077/</java.net.URL>
</httpSample>
<httpSample t="1015" it="0" lt="0" ct="1015" ts="1561111317588" s="false" lb="HTTP Request" rc="Non HTTP response code: org.apache.http.conn.HttpHostConnectException" rm="Non HTTP response message: Connect to 192.168.237.128:7077 [/192.168.237.128] failed: Connection refused: connect" tn="Thread Group 1-13" dt="text" by="2717" sby="0" ng="100" na="100">
  <java.net.URL>http://192.168.237.128:7077/</java.net.URL>
</httpSample>
<httpSample t="1004" it="0" lt="0" ct="1004" ts="1561111317613" s="false" lb="HTTP Request" rc="Non HTTP response code: org.apache.http.conn.HttpHostConnectException" rm="Non HTTP response message: Connect to 192.168.237.128:7077 [/192.168.237.128] failed: Connection refused: connect" tn="Thread Group 1-17" dt="text" by="2717" sby="0" ng="100" na="100">
  <java.net.URL>http://192.168.237.128:7077/</java.net.URL>
</httpSample>
<httpSample t="1007" it="0" lt="0" ct="1006" ts="1561111317620" s="false" lb="HTTP Request" rc="Non HTTP response code: org.apache.http.conn.HttpHostConnectException" rm="Non HTTP response message: Connect to 192.168.237.128:7077 [/192.168.237.128] failed: Connection refused: connect" tn="Thread Group 1-11" dt="text" by="2717" sby="0" ng="100" na="100">
  <java.net.URL>http://192.168.237.128:7077/</java.net.URL>
</httpSample>
<httpSample t="1011" it="0" lt="0" ct="1011" ts="1561111317621" s="false" lb="HTTP Request" rc="Non HTTP response code: org.apache.http.conn.HttpHostConnectException" rm="Non HTTP response message: Connect to 192.168.237.128:7077 [/192.168.237.128] failed: Connection refused: connect" tn="Thread Group 1-19" dt="text" by="2717" sby="0" ng="100" na="100">
  <java.net.URL>http://192.168.237.128:7077/</java.net.URL>
</httpSample>
<httpSample t="1048" it="0" lt="0" ct="1048" ts="1561111317590" s="false" lb="HTTP Request" rc="Non HTTP response code: org.apache.http.conn.HttpHostConnectException" rm="Non HTTP response message: Connect to 192.168.237.128:7077 [/192.168.237.128] failed: Connection refused: connect" tn="Thread Group 1-9" dt="text" by="2717" sby="0" ng="100" na="100">
  <java.net.URL>http://192.168.237.128:7077/</java.net.URL>
</httpSample>
<httpSample t="1021" it="0" lt="0" ct="1021" ts="1561111317618" s="false" lb="HTTP Request" rc="Non HTTP response code: org.apache.http.conn.HttpHostConnectException" rm="Non HTTP response message: Connect to 192.168.237.128:7077 [/192.168.237.128] failed: Connection refused: connect" tn="Thread Group 1-18" dt="text" by="2717" sby="0" ng="100" na="100">
  <java.net.URL>http://192.168.237.128:7077/</java.net.URL>
</httpSample>
<httpSample t="1053" it="0" lt="0" ct="1053" ts="1561111317587" s="false" lb="HTTP Request" rc="Non HTTP response code: org.apache.http.conn.HttpHostConnectException" rm="Non HTTP response message: Connect to 192.168.237.128:7077 [/192.168.237.128] failed: Connection refused: connect" tn="Thread Group 1-16" dt="text" by="2717" sby="0" ng="100" na="100">
  <java.net.URL>http://192.168.237.128:7077/</java.net.URL>
</httpSample>
<httpSample t="1020" it="0" lt="0" ct="1020" ts="1561111317622" s="false" lb="HTTP Request" rc="Non HTTP response code: org.apache.http.conn.HttpHostConnectException" rm="Non HTTP response message: Connect to 192.168.237.128:7077 [/192.168.237.128] failed: Connection refused: connect" tn="Thread Group 1-15" dt="text" by="2717" sby="0" ng="100" na="100">
  <java.net.URL>http://192.168.237.128:7077/</java.net.URL>
</httpSample>
<httpSample t="1020" it="0" lt="0" ct="1020" ts="1561111317632" s="false" lb="HTTP Request" rc="Non HTTP response code: org.apache.http.conn.HttpHostConnectException" rm="Non HTTP response message: Connect to 192.168.237.128:7077 [/192.168.237.128] failed: Connection refused: connect" tn="Thread Group 1-20" dt="text" by="2717" sby="0" ng="100" na="100">
  <java.net.URL>http://192.168.237.128:7077/</java.net.URL>
</httpSample>
<httpSample t="1007" it="0" lt="0" ct="1007" ts="1561111317661" s="false" lb="HTTP Request" rc="Non HTTP response code: org.apache.http.conn.HttpHostConnectException" rm="Non HTTP response message: Connect to 192.168.237.128:7077 [/192.168.237.128] failed: Connection refused: connect" tn="Thread Group 1-23" dt="text" by="2717" sby="0" ng="100" na="100">
  <java.net.URL>http://192.168.237.128:7077/</java.net.URL>
</httpSample>
<httpSample t="1019" it="0" lt="0" ct="1019" ts="1561111317652" s="false" lb="HTTP Request" rc="Non HTTP response code: org.apache.http.conn.HttpHostConnectException" rm="Non HTTP response message: Connect to 192.168.237.128:7077 [/192.168.237.128] failed: Connection refused: connect" tn="Thread Group 1-22" dt="text" by="2717" sby="0" ng="100" na="100">
  <java.net.URL>http://192.168.237.128:7077/</java.net.URL>
</httpSample>
<httpSample t="1008" it="0" lt="0" ct="1008" ts="1561111317669" s="false" lb="HTTP Request" rc="Non HTTP response code: org.apache.http.conn.HttpHostConnectException" rm="Non HTTP response message: Connect to 192.168.237.128:7077 [/192.168.237.128] failed: Connection refused: connect" tn="Thread Group 1-24" dt="text" by="2717" sby="0" ng="100" na="100">
  <java.net.URL>http://192.168.237.128:7077/</java.net.URL>
</httpSample>
<httpSample t="1005" it="0" lt="0" ct="1005" ts="1561111317692" s="false" lb="HTTP Request" rc="Non HTTP response code: org.apache.http.conn.HttpHostConnectException" rm="Non HTTP response message: Connect to 192.168.237.128:7077 [/192.168.237.128] failed: Connection refused: connect" tn="Thread Group 1-26" dt="text" by="2717" sby="0" ng="100" na="100">
  <java.net.URL>http://192.168.237.128:7077/</java.net.URL>
</httpSample>
<httpSample t="1006" it="0" lt="0" ct="1006" ts="1561111317692" s="false" lb="HTTP Request" rc="Non HTTP response code: org.apache.http.conn.HttpHostConnectException" rm="Non HTTP response message: Connect to 192.168.237.128:7077 [/192.168.237.128] failed: Connection refused: connect" tn="Thread Group 1-25" dt="text" by="2717" sby="0" ng="100" na="100">
  <java.net.URL>http://192.168.237.128:7077/</java.net.URL>
</httpSample>
<httpSample t="1011" it="0" lt="0" ct="1011" ts="1561111317719" s="false" lb="HTTP Request" rc="Non HTTP response code: org.apache.http.conn.HttpHostConnectException" rm="Non HTTP response message: Connect to 192.168.237.128:7077 [/192.168.237.128] failed: Connection refused: connect" tn="Thread Group 1-28" dt="text" by="2717" sby="0" ng="100" na="100">
  <java.net.URL>http://192.168.237.128:7077/</java.net.URL>
</httpSample>
<httpSample t="1012" it="0" lt="0" ct="1012" ts="1561111317720" s="false" lb="HTTP Request" rc="Non HTTP response code: org.apache.http.conn.HttpHostConnectException" rm="Non HTTP response message: Connect to 192.168.237.128:7077 [/192.168.237.128] failed: Connection refused: connect" tn="Thread Group 1-21" dt="text" by="2717" sby="0" ng="100" na="100">
  <java.net.URL>http://192.168.237.128:7077/</java.net.URL>
</httpSample>
<httpSample t="1007" it="0" lt="0" ct="1007" ts="1561111317740" s="false" lb="HTTP Request" rc="Non HTTP response code: org.apache.http.conn.HttpHostConnectException" rm="Non HTTP response message: Connect to 192.168.237.128:7077 [/192.168.237.128] failed: Connection refused: connect" tn="Thread Group 1-31" dt="text" by="2717" sby="0" ng="100" na="100">
  <java.net.URL>http://192.168.237.128:7077/</java.net.URL>
</httpSample>
<httpSample t="1007" it="0" lt="0" ct="1007" ts="1561111317751" s="false" lb="HTTP Request" rc="Non HTTP response code: org.apache.http.conn.HttpHostConnectException" rm="Non HTTP response message: Connect to 192.168.237.128:7077 [/192.168.237.128] failed: Connection refused: connect" tn="Thread Group 1-32" dt="text" by="2717" sby="0" ng="100" na="100">
  <java.net.URL>http://192.168.237.128:7077/</java.net.URL>
</httpSample>
<httpSample t="1012" it="0" lt="0" ct="1012" ts="1561111317771" s="false" lb="HTTP Request" rc="Non HTTP response code: org.apache.http.conn.HttpHostConnectException" rm="Non HTTP response message: Connect to 192.168.237.128:7077 [/192.168.237.128] failed: Connection refused: connect" tn="Thread Group 1-34" dt="text" by="2717" sby="0" ng="100" na="100">
  <java.net.URL>http://192.168.237.128:7077/</java.net.URL>
</httpSample>
<httpSample t="1013" it="0" lt="0" ct="1013" ts="1561111317771" s="false" lb="HTTP Request" rc="Non HTTP response code: org.apache.http.conn.HttpHostConnectException" rm="Non HTTP response message: Connect to 192.168.237.128:7077 [/192.168.237.128] failed: Connection refused: connect" tn="Thread Group 1-33" dt="text" by="2717" sby="0" ng="100" na="100">
  <java.net.URL>http://192.168.237.128:7077/</java.net.URL>
</httpSample>
<httpSample t="1014" it="0" lt="0" ct="1014" ts="1561111317771" s="false" lb="HTTP Request" rc="Non HTTP response code: org.apache.http.conn.HttpHostConnectException" rm="Non HTTP response message: Connect to 192.168.237.128:7077 [/192.168.237.128] failed: Connection refused: connect" tn="Thread Group 1-30" dt="text" by="2717" sby="0" ng="100" na="100">
  <java.net.URL>http://192.168.237.128:7077/</java.net.URL>
</httpSample>
<httpSample t="1002" it="0" lt="0" ct="1002" ts="1561111317791" s="false" lb="HTTP Request" rc="Non HTTP response code: org.apache.http.conn.HttpHostConnectException" rm="Non HTTP response message: Connect to 192.168.237.128:7077 [/192.168.237.128] failed: Connection refused: connect" tn="Thread Group 1-27" dt="text" by="2717" sby="0" ng="100" na="100">
  <java.net.URL>http://192.168.237.128:7077/</java.net.URL>
</httpSample>
<httpSample t="1006" it="0" lt="0" ct="1006" ts="1561111317812" s="false" lb="HTTP Request" rc="Non HTTP response code: org.apache.http.conn.HttpHostConnectException" rm="Non HTTP response message: Connect to 192.168.237.128:7077 [/192.168.237.128] failed: Connection refused: connect" tn="Thread Group 1-37" dt="text" by="2717" sby="0" ng="100" na="100">
  <java.net.URL>http://192.168.237.128:7077/</java.net.URL>
</httpSample>
<httpSample t="1013" it="0" lt="0" ct="1013" ts="1561111317821" s="false" lb="HTTP Request" rc="Non HTTP response code: org.apache.http.conn.HttpHostConnectException" rm="Non HTTP response message: Connect to 192.168.237.128:7077 [/192.168.237.128] failed: Connection refused: connect" tn="Thread Group 1-29" dt="text" by="2717" sby="0" ng="100" na="100">
  <java.net.URL>http://192.168.237.128:7077/</java.net.URL>
</httpSample>
<httpSample t="1014" it="0" lt="0" ct="1014" ts="1561111317820" s="false" lb="HTTP Request" rc="Non HTTP response code: org.apache.http.conn.HttpHostConnectException" rm="Non HTTP response message: Connect to 192.168.237.128:7077 [/192.168.237.128] failed: Connection refused: connect" tn="Thread Group 1-39" dt="text" by="2717" sby="0" ng="100" na="100">
  <java.net.URL>http://192.168.237.128:7077/</java.net.URL>
</httpSample>
<httpSample t="1005" it="0" lt="0" ct="1005" ts="1561111317863" s="false" lb="HTTP Request" rc="Non HTTP response code: org.apache.http.conn.HttpHostConnectException" rm="Non HTTP response message: Connect to 192.168.237.128:7077 [/192.168.237.128] failed: Connection refused: connect" tn="Thread Group 1-42" dt="text" by="2717" sby="0" ng="100" na="100">
  <java.net.URL>http://192.168.237.128:7077/</java.net.URL>
</httpSample>
<httpSample t="1007" it="0" lt="0" ct="1007" ts="1561111317871" s="false" lb="HTTP Request" rc="Non HTTP response code: org.apache.http.conn.HttpHostConnectException" rm="Non HTTP response message: Connect to 192.168.237.128:7077 [/192.168.237.128] failed: Connection refused: connect" tn="Thread Group 1-40" dt="text" by="2717" sby="0" ng="100" na="100">
  <java.net.URL>http://192.168.237.128:7077/</java.net.URL>
</httpSample>
<httpSample t="1056" it="0" lt="0" ct="1056" ts="1561111317822" s="false" lb="HTTP Request" rc="Non HTTP response code: org.apache.http.conn.HttpHostConnectException" rm="Non HTTP response message: Connect to 192.168.237.128:7077 [/192.168.237.128] failed: Connection refused: connect" tn="Thread Group 1-36" dt="text" by="2717" sby="0" ng="100" na="100">
  <java.net.URL>http://192.168.237.128:7077/</java.net.URL>
</httpSample>
<httpSample t="1067" it="0" lt="0" ct="1067" ts="1561111317811" s="false" lb="HTTP Request" rc="Non HTTP response code: org.apache.http.conn.HttpHostConnectException" rm="Non HTTP response message: Connect to 192.168.237.128:7077 [/192.168.237.128] failed: Connection refused: connect" tn="Thread Group 1-38" dt="text" by="2717" sby="0" ng="100" na="100">
  <java.net.URL>http://192.168.237.128:7077/</java.net.URL>
</httpSample>
<httpSample t="1008" it="0" lt="0" ct="1008" ts="1561111317872" s="false" lb="HTTP Request" rc="Non HTTP response code: org.apache.http.conn.HttpHostConnectException" rm="Non HTTP response message: Connect to 192.168.237.128:7077 [/192.168.237.128] failed: Connection refused: connect" tn="Thread Group 1-43" dt="text" by="2717" sby="0" ng="100" na="100">
  <java.net.URL>http://192.168.237.128:7077/</java.net.URL>
</httpSample>
<httpSample t="1012" it="0" lt="0" ct="1012" ts="1561111317882" s="false" lb="HTTP Request" rc="Non HTTP response code: org.apache.http.conn.HttpHostConnectException" rm="Non HTTP response message: Connect to 192.168.237.128:7077 [/192.168.237.128] failed: Connection refused: connect" tn="Thread Group 1-44" dt="text" by="2717" sby="0" ng="100" na="100">
  <java.net.URL>http://192.168.237.128:7077/</java.net.URL>
</httpSample>
<httpSample t="1009" it="0" lt="0" ct="1009" ts="1561111317922" s="false" lb="HTTP Request" rc="Non HTTP response code: org.apache.http.conn.HttpHostConnectException" rm="Non HTTP response message: Connect to 192.168.237.128:7077 [/192.168.237.128] failed: Connection refused: connect" tn="Thread Group 1-45" dt="text" by="2717" sby="0" ng="100" na="100">
  <java.net.URL>http://192.168.237.128:7077/</java.net.URL>
</httpSample>
<httpSample t="1020" it="0" lt="0" ct="1020" ts="1561111317913" s="false" lb="HTTP Request" rc="Non HTTP response code: org.apache.http.conn.HttpHostConnectException" rm="Non HTTP response message: Connect to 192.168.237.128:7077 [/192.168.237.128] failed: Connection refused: connect" tn="Thread Group 1-47" dt="text" by="2717" sby="0" ng="100" na="100">
  <java.net.URL>http://192.168.237.128:7077/</java.net.URL>
</httpSample>
<httpSample t="1004" it="0" lt="0" ct="1004" ts="1561111317933" s="false" lb="HTTP Request" rc="Non HTTP response code: org.apache.http.conn.HttpHostConnectException" rm="Non HTTP response message: Connect to 192.168.237.128:7077 [/192.168.237.128] failed: Connection refused: connect" tn="Thread Group 1-49" dt="text" by="2717" sby="0" ng="100" na="100">
  <java.net.URL>http://192.168.237.128:7077/</java.net.URL>
</httpSample>
<httpSample t="1013" it="0" lt="0" ct="1013" ts="1561111317941" s="false" lb="HTTP Request" rc="Non HTTP response code: org.apache.http.conn.HttpHostConnectException" rm="Non HTTP response message: Connect to 192.168.237.128:7077 [/192.168.237.128] failed: Connection refused: connect" tn="Thread Group 1-41" dt="text" by="2717" sby="0" ng="100" na="100">
  <java.net.URL>http://192.168.237.128:7077/</java.net.URL>
</httpSample>
<httpSample t="1021" it="0" lt="0" ct="1021" ts="1561111317941" s="false" lb="HTTP Request" rc="Non HTTP response code: org.apache.http.conn.HttpHostConnectException" rm="Non HTTP response message: Connect to 192.168.237.128:7077 [/192.168.237.128] failed: Connection refused: connect" tn="Thread Group 1-35" dt="text" by="2717" sby="0" ng="100" na="100">
  <java.net.URL>http://192.168.237.128:7077/</java.net.URL>
</httpSample>
<httpSample t="1021" it="0" lt="0" ct="1021" ts="1561111317942" s="false" lb="HTTP Request" rc="Non HTTP response code: org.apache.http.conn.HttpHostConnectException" rm="Non HTTP response message: Connect to 192.168.237.128:7077 [/192.168.237.128] failed: Connection refused: connect" tn="Thread Group 1-50" dt="text" by="2717" sby="0" ng="100" na="100">
  <java.net.URL>http://192.168.237.128:7077/</java.net.URL>
</httpSample>
<httpSample t="1002" it="0" lt="0" ct="1002" ts="1561111317985" s="false" lb="HTTP Request" rc="Non HTTP response code: org.apache.http.conn.HttpHostConnectException" rm="Non HTTP response message: Connect to 192.168.237.128:7077 [/192.168.237.128] failed: Connection refused: connect" tn="Thread Group 1-53" dt="text" by="2717" sby="0" ng="100" na="100">
  <java.net.URL>http://192.168.237.128:7077/</java.net.URL>
</httpSample>
<httpSample t="1005" it="0" lt="0" ct="1005" ts="1561111317985" s="false" lb="HTTP Request" rc="Non HTTP response code: org.apache.http.conn.HttpHostConnectException" rm="Non HTTP response message: Connect to 192.168.237.128:7077 [/192.168.237.128] failed: Connection refused: connect" tn="Thread Group 1-46" dt="text" by="2717" sby="0" ng="100" na="100">
  <java.net.URL>http://192.168.237.128:7077/</java.net.URL>
</httpSample>
<httpSample t="1009" it="0" lt="0" ct="1009" ts="1561111317985" s="false" lb="HTTP Request" rc="Non HTTP response code: org.apache.http.conn.HttpHostConnectException" rm="Non HTTP response message: Connect to 192.168.237.128:7077 [/192.168.237.128] failed: Connection refused: connect" tn="Thread Group 1-48" dt="text" by="2717" sby="0" ng="100" na="100">
  <java.net.URL>http://192.168.237.128:7077/</java.net.URL>
</httpSample>
<httpSample t="1019" it="0" lt="0" ct="1019" ts="1561111317993" s="false" lb="HTTP Request" rc="Non HTTP response code: org.apache.http.conn.HttpHostConnectException" rm="Non HTTP response message: Connect to 192.168.237.128:7077 [/192.168.237.128] failed: Connection refused: connect" tn="Thread Group 1-55" dt="text" by="2717" sby="0" ng="100" na="100">
  <java.net.URL>http://192.168.237.128:7077/</java.net.URL>
</httpSample>
<httpSample t="1002" it="0" lt="0" ct="1002" ts="1561111318018" s="false" lb="HTTP Request" rc="Non HTTP response code: org.apache.http.conn.HttpHostConnectException" rm="Non HTTP response message: Connect to 192.168.237.128:7077 [/192.168.237.128] failed: Connection refused: connect" tn="Thread Group 1-51" dt="text" by="2717" sby="0" ng="100" na="100">
  <java.net.URL>http://192.168.237.128:7077/</java.net.URL>
</httpSample>
<httpSample t="1010" it="0" lt="0" ct="1010" ts="1561111318014" s="false" lb="HTTP Request" rc="Non HTTP response code: org.apache.http.conn.HttpHostConnectException" rm="Non HTTP response message: Connect to 192.168.237.128:7077 [/192.168.237.128] failed: Connection refused: connect" tn="Thread Group 1-56" dt="text" by="2717" sby="0" ng="100" na="100">
  <java.net.URL>http://192.168.237.128:7077/</java.net.URL>
</httpSample>
<httpSample t="1004" it="0" lt="0" ct="1004" ts="1561111318023" s="false" lb="HTTP Request" rc="Non HTTP response code: org.apache.http.conn.HttpHostConnectException" rm="Non HTTP response message: Connect to 192.168.237.128:7077 [/192.168.237.128] failed: Connection refused: connect" tn="Thread Group 1-58" dt="text" by="2717" sby="0" ng="100" na="100">
  <java.net.URL>http://192.168.237.128:7077/</java.net.URL>
</httpSample>
<httpSample t="1007" it="0" lt="0" ct="1007" ts="1561111318023" s="false" lb="HTTP Request" rc="Non HTTP response code: org.apache.http.conn.HttpHostConnectException" rm="Non HTTP response message: Connect to 192.168.237.128:7077 [/192.168.237.128] failed: Connection refused: connect" tn="Thread Group 1-57" dt="text" by="2717" sby="0" ng="100" na="100">
  <java.net.URL>http://192.168.237.128:7077/</java.net.URL>
</httpSample>
<httpSample t="999" it="0" lt="0" ct="999" ts="1561111318038" s="false" lb="HTTP Request" rc="Non HTTP response code: org.apache.http.conn.HttpHostConnectException" rm="Non HTTP response message: Connect to 192.168.237.128:7077 [/192.168.237.128] failed: Connection refused: connect" tn="Thread Group 1-60" dt="text" by="2717" sby="0" ng="100" na="100">
  <java.net.URL>http://192.168.237.128:7077/</java.net.URL>
</httpSample>
<httpSample t="1006" it="0" lt="0" ct="1005" ts="1561111318041" s="false" lb="HTTP Request" rc="Non HTTP response code: org.apache.http.conn.HttpHostConnectException" rm="Non HTTP response message: Connect to 192.168.237.128:7077 [/192.168.237.128] failed: Connection refused: connect" tn="Thread Group 1-59" dt="text" by="2717" sby="0" ng="100" na="100">
  <java.net.URL>http://192.168.237.128:7077/</java.net.URL>
</httpSample>
<httpSample t="1014" it="0" lt="0" ct="1014" ts="1561111318040" s="false" lb="HTTP Request" rc="Non HTTP response code: org.apache.http.conn.HttpHostConnectException" rm="Non HTTP response message: Connect to 192.168.237.128:7077 [/192.168.237.128] failed: Connection refused: connect" tn="Thread Group 1-52" dt="text" by="2717" sby="0" ng="100" na="100">
  <java.net.URL>http://192.168.237.128:7077/</java.net.URL>
</httpSample>
<httpSample t="1022" it="0" lt="0" ct="1022" ts="1561111318040" s="false" lb="HTTP Request" rc="Non HTTP response code: org.apache.http.conn.HttpHostConnectException" rm="Non HTTP response message: Connect to 192.168.237.128:7077 [/192.168.237.128] failed: Connection refused: connect" tn="Thread Group 1-54" dt="text" by="2717" sby="0" ng="100" na="100">
  <java.net.URL>http://192.168.237.128:7077/</java.net.URL>
</httpSample>
<httpSample t="1008" it="0" lt="0" ct="1008" ts="1561111318072" s="false" lb="HTTP Request" rc="Non HTTP response code: org.apache.http.conn.HttpHostConnectException" rm="Non HTTP response message: Connect to 192.168.237.128:7077 [/192.168.237.128] failed: Connection refused: connect" tn="Thread Group 1-63" dt="text" by="2717" sby="0" ng="100" na="100">
  <java.net.URL>http://192.168.237.128:7077/</java.net.URL>
</httpSample>
<httpSample t="1002" it="0" lt="0" ct="1002" ts="1561111318103" s="false" lb="HTTP Request" rc="Non HTTP response code: org.apache.http.conn.HttpHostConnectException" rm="Non HTTP response message: Connect to 192.168.237.128:7077 [/192.168.237.128] failed: Connection refused: connect" tn="Thread Group 1-65" dt="text" by="2717" sby="0" ng="100" na="100">
  <java.net.URL>http://192.168.237.128:7077/</java.net.URL>
</httpSample>
<httpSample t="1006" it="0" lt="0" ct="1006" ts="1561111318118" s="false" lb="HTTP Request" rc="Non HTTP response code: org.apache.http.conn.HttpHostConnectException" rm="Non HTTP response message: Connect to 192.168.237.128:7077 [/192.168.237.128] failed: Connection refused: connect" tn="Thread Group 1-67" dt="text" by="2717" sby="0" ng="100" na="100">
  <java.net.URL>http://192.168.237.128:7077/</java.net.URL>
</httpSample>
<httpSample t="1004" it="0" lt="0" ct="1004" ts="1561111318123" s="false" lb="HTTP Request" rc="Non HTTP response code: org.apache.http.conn.HttpHostConnectException" rm="Non HTTP response message: Connect to 192.168.237.128:7077 [/192.168.237.128] failed: Connection refused: connect" tn="Thread Group 1-62" dt="text" by="2717" sby="0" ng="100" na="100">
  <java.net.URL>http://192.168.237.128:7077/</java.net.URL>
</httpSample>
<httpSample t="1011" it="0" lt="0" ct="1011" ts="1561111318123" s="false" lb="HTTP Request" rc="Non HTTP response code: org.apache.http.conn.HttpHostConnectException" rm="Non HTTP response message: Connect to 192.168.237.128:7077 [/192.168.237.128] failed: Connection refused: connect" tn="Thread Group 1-68" dt="text" by="2717" sby="0" ng="100" na="100">
  <java.net.URL>http://192.168.237.128:7077/</java.net.URL>
</httpSample>
<httpSample t="1012" it="0" lt="0" ct="1012" ts="1561111318122" s="false" lb="HTTP Request" rc="Non HTTP response code: org.apache.http.conn.HttpHostConnectException" rm="Non HTTP response message: Connect to 192.168.237.128:7077 [/192.168.237.128] failed: Connection refused: connect" tn="Thread Group 1-64" dt="text" by="2717" sby="0" ng="100" na="100">
  <java.net.URL>http://192.168.237.128:7077/</java.net.URL>
</httpSample>
<httpSample t="1007" it="0" lt="0" ct="1007" ts="1561111318141" s="false" lb="HTTP Request" rc="Non HTTP response code: org.apache.http.conn.HttpHostConnectException" rm="Non HTTP response message: Connect to 192.168.237.128:7077 [/192.168.237.128] failed: Connection refused: connect" tn="Thread Group 1-61" dt="text" by="2717" sby="0" ng="100" na="100">
  <java.net.URL>http://192.168.237.128:7077/</java.net.URL>
</httpSample>
<httpSample t="1015" it="0" lt="0" ct="1014" ts="1561111318141" s="false" lb="HTTP Request" rc="Non HTTP response code: org.apache.http.conn.HttpHostConnectException" rm="Non HTTP response message: Connect to 192.168.237.128:7077 [/192.168.237.128] failed: Connection refused: connect" tn="Thread Group 1-66" dt="text" by="2717" sby="0" ng="100" na="100">
  <java.net.URL>http://192.168.237.128:7077/</java.net.URL>
</httpSample>
<httpSample t="1000" it="0" lt="0" ct="1000" ts="1561111318157" s="false" lb="HTTP Request" rc="Non HTTP response code: org.apache.http.conn.HttpHostConnectException" rm="Non HTTP response message: Connect to 192.168.237.128:7077 [/192.168.237.128] failed: Connection refused: connect" tn="Thread Group 1-71" dt="text" by="2717" sby="0" ng="100" na="100">
  <java.net.URL>http://192.168.237.128:7077/</java.net.URL>
</httpSample>
<httpSample t="1013" it="0" lt="0" ct="1013" ts="1561111318152" s="false" lb="HTTP Request" rc="Non HTTP response code: org.apache.http.conn.HttpHostConnectException" rm="Non HTTP response message: Connect to 192.168.237.128:7077 [/192.168.237.128] failed: Connection refused: connect" tn="Thread Group 1-70" dt="text" by="2717" sby="0" ng="100" na="100">
  <java.net.URL>http://192.168.237.128:7077/</java.net.URL>
</httpSample>
<httpSample t="1008" it="0" lt="0" ct="1008" ts="1561111318160" s="false" lb="HTTP Request" rc="Non HTTP response code: org.apache.http.conn.HttpHostConnectException" rm="Non HTTP response message: Connect to 192.168.237.128:7077 [/192.168.237.128] failed: Connection refused: connect" tn="Thread Group 1-72" dt="text" by="2717" sby="0" ng="100" na="100">
  <java.net.URL>http://192.168.237.128:7077/</java.net.URL>
</httpSample>
<httpSample t="1005" it="0" lt="0" ct="1005" ts="1561111318173" s="false" lb="HTTP Request" rc="Non HTTP response code: org.apache.http.conn.HttpHostConnectException" rm="Non HTTP response message: Connect to 192.168.237.128:7077 [/192.168.237.128] failed: Connection refused: connect" tn="Thread Group 1-73" dt="text" by="2717" sby="0" ng="100" na="100">
  <java.net.URL>http://192.168.237.128:7077/</java.net.URL>
</httpSample>
<httpSample t="1005" it="0" lt="0" ct="1005" ts="1561111318223" s="false" lb="HTTP Request" rc="Non HTTP response code: org.apache.http.conn.HttpHostConnectException" rm="Non HTTP response message: Connect to 192.168.237.128:7077 [/192.168.237.128] failed: Connection refused: connect" tn="Thread Group 1-76" dt="text" by="2717" sby="0" ng="100" na="100">
  <java.net.URL>http://192.168.237.128:7077/</java.net.URL>
</httpSample>
<httpSample t="1009" it="0" lt="0" ct="1009" ts="1561111318221" s="false" lb="HTTP Request" rc="Non HTTP response code: org.apache.http.conn.HttpHostConnectException" rm="Non HTTP response message: Connect to 192.168.237.128:7077 [/192.168.237.128] failed: Connection refused: connect" tn="Thread Group 1-77" dt="text" by="2717" sby="0" ng="100" na="100">
  <java.net.URL>http://192.168.237.128:7077/</java.net.URL>
</httpSample>
<httpSample t="1015" it="0" lt="0" ct="1014" ts="1561111318221" s="false" lb="HTTP Request" rc="Non HTTP response code: org.apache.http.conn.HttpHostConnectException" rm="Non HTTP response message: Connect to 192.168.237.128:7077 [/192.168.237.128] failed: Connection refused: connect" tn="Thread Group 1-75" dt="text" by="2717" sby="0" ng="100" na="100">
  <java.net.URL>http://192.168.237.128:7077/</java.net.URL>
</httpSample>
<httpSample t="1008" it="0" lt="0" ct="1008" ts="1561111318263" s="false" lb="HTTP Request" rc="Non HTTP response code: org.apache.http.conn.HttpHostConnectException" rm="Non HTTP response message: Connect to 192.168.237.128:7077 [/192.168.237.128] failed: Connection refused: connect" tn="Thread Group 1-80" dt="text" by="2717" sby="0" ng="100" na="100">
  <java.net.URL>http://192.168.237.128:7077/</java.net.URL>
</httpSample>
<httpSample t="1008" it="0" lt="0" ct="1008" ts="1561111318263" s="false" lb="HTTP Request" rc="Non HTTP response code: org.apache.http.conn.HttpHostConnectException" rm="Non HTTP response message: Connect to 192.168.237.128:7077 [/192.168.237.128] failed: Connection refused: connect" tn="Thread Group 1-74" dt="text" by="2717" sby="0" ng="100" na="100">
  <java.net.URL>http://192.168.237.128:7077/</java.net.URL>
</httpSample>
<httpSample t="1000" it="0" lt="0" ct="1000" ts="1561111318275" s="false" lb="HTTP Request" rc="Non HTTP response code: org.apache.http.conn.HttpHostConnectException" rm="Non HTTP response message: Connect to 192.168.237.128:7077 [/192.168.237.128] failed: Connection refused: connect" tn="Thread Group 1-83" dt="text" by="2717" sby="0" ng="100" na="100">
  <java.net.URL>http://192.168.237.128:7077/</java.net.URL>
</httpSample>
<httpSample t="997" it="0" lt="0" ct="997" ts="1561111318288" s="false" lb="HTTP Request" rc="Non HTTP response code: org.apache.http.conn.HttpHostConnectException" rm="Non HTTP response message: Connect to 192.168.237.128:7077 [/192.168.237.128] failed: Connection refused: connect" tn="Thread Group 1-69" dt="text" by="2717" sby="0" ng="100" na="100">
  <java.net.URL>http://192.168.237.128:7077/</java.net.URL>
</httpSample>
<httpSample t="1003" it="0" lt="0" ct="1003" ts="1561111318288" s="false" lb="HTTP Request" rc="Non HTTP response code: org.apache.http.conn.HttpHostConnectException" rm="Non HTTP response message: Connect to 192.168.237.128:7077 [/192.168.237.128] failed: Connection refused: connect" tn="Thread Group 1-82" dt="text" by="2717" sby="0" ng="100" na="100">
  <java.net.URL>http://192.168.237.128:7077/</java.net.URL>
</httpSample>
<httpSample t="1001" it="0" lt="0" ct="1001" ts="1561111318297" s="false" lb="HTTP Request" rc="Non HTTP response code: org.apache.http.conn.HttpHostConnectException" rm="Non HTTP response message: Connect to 192.168.237.128:7077 [/192.168.237.128] failed: Connection refused: connect" tn="Thread Group 1-78" dt="text" by="2717" sby="0" ng="100" na="100">
  <java.net.URL>http://192.168.237.128:7077/</java.net.URL>
</httpSample>
<httpSample t="1003" it="0" lt="0" ct="1003" ts="1561111318325" s="false" lb="HTTP Request" rc="Non HTTP response code: org.apache.http.conn.HttpHostConnectException" rm="Non HTTP response message: Connect to 192.168.237.128:7077 [/192.168.237.128] failed: Connection refused: connect" tn="Thread Group 1-88" dt="text" by="2717" sby="0" ng="100" na="100">
  <java.net.URL>http://192.168.237.128:7077/</java.net.URL>
</httpSample>
<httpSample t="1002" it="0" lt="0" ct="1002" ts="1561111318342" s="false" lb="HTTP Request" rc="Non HTTP response code: org.apache.http.conn.HttpHostConnectException" rm="Non HTTP response message: Connect to 192.168.237.128:7077 [/192.168.237.128] failed: Connection refused: connect" tn="Thread Group 1-84" dt="text" by="2717" sby="0" ng="100" na="100">
  <java.net.URL>http://192.168.237.128:7077/</java.net.URL>
</httpSample>
<httpSample t="1009" it="0" lt="0" ct="1009" ts="1561111318342" s="false" lb="HTTP Request" rc="Non HTTP response code: org.apache.http.conn.HttpHostConnectException" rm="Non HTTP response message: Connect to 192.168.237.128:7077 [/192.168.237.128] failed: Connection refused: connect" tn="Thread Group 1-79" dt="text" by="2717" sby="0" ng="100" na="100">
  <java.net.URL>http://192.168.237.128:7077/</java.net.URL>
</httpSample>
<httpSample t="1009" it="0" lt="0" ct="1009" ts="1561111318342" s="false" lb="HTTP Request" rc="Non HTTP response code: org.apache.http.conn.HttpHostConnectException" rm="Non HTTP response message: Connect to 192.168.237.128:7077 [/192.168.237.128] failed: Connection refused: connect" tn="Thread Group 1-87" dt="text" by="2717" sby="0" ng="100" na="100">
  <java.net.URL>http://192.168.237.128:7077/</java.net.URL>
</httpSample>
<httpSample t="996" it="0" lt="0" ct="996" ts="1561111318358" s="false" lb="HTTP Request" rc="Non HTTP response code: org.apache.http.conn.HttpHostConnectException" rm="Non HTTP response message: Connect to 192.168.237.128:7077 [/192.168.237.128] failed: Connection refused: connect" tn="Thread Group 1-91" dt="text" by="2717" sby="0" ng="100" na="100">
  <java.net.URL>http://192.168.237.128:7077/</java.net.URL>
</httpSample>
<httpSample t="1005" it="0" lt="0" ct="1005" ts="1561111318373" s="false" lb="HTTP Request" rc="Non HTTP response code: org.apache.http.conn.HttpHostConnectException" rm="Non HTTP response message: Connect to 192.168.237.128:7077 [/192.168.237.128] failed: Connection refused: connect" tn="Thread Group 1-85" dt="text" by="2717" sby="0" ng="100" na="100">
  <java.net.URL>http://192.168.237.128:7077/</java.net.URL>
</httpSample>
<httpSample t="1054" it="0" lt="0" ct="1054" ts="1561111318327" s="false" lb="HTTP Request" rc="Non HTTP response code: org.apache.http.conn.HttpHostConnectException" rm="Non HTTP response message: Connect to 192.168.237.128:7077 [/192.168.237.128] failed: Connection refused: connect" tn="Thread Group 1-81" dt="text" by="2717" sby="0" ng="100" na="100">
  <java.net.URL>http://192.168.237.128:7077/</java.net.URL>
</httpSample>
<httpSample t="1058" it="0" lt="0" ct="1058" ts="1561111318323" s="false" lb="HTTP Request" rc="Non HTTP response code: org.apache.http.conn.HttpHostConnectException" rm="Non HTTP response message: Connect to 192.168.237.128:7077 [/192.168.237.128] failed: Connection refused: connect" tn="Thread Group 1-86" dt="text" by="2717" sby="0" ng="100" na="100">
  <java.net.URL>http://192.168.237.128:7077/</java.net.URL>
</httpSample>
<httpSample t="1007" it="0" lt="0" ct="1007" ts="1561111318393" s="false" lb="HTTP Request" rc="Non HTTP response code: org.apache.http.conn.HttpHostConnectException" rm="Non HTTP response message: Connect to 192.168.237.128:7077 [/192.168.237.128] failed: Connection refused: connect" tn="Thread Group 1-93" dt="text" by="2717" sby="0" ng="100" na="100">
  <java.net.URL>http://192.168.237.128:7077/</java.net.URL>
</httpSample>
<httpSample t="1002" it="0" lt="0" ct="1002" ts="1561111318402" s="false" lb="HTTP Request" rc="Non HTTP response code: org.apache.http.conn.HttpHostConnectException" rm="Non HTTP response message: Connect to 192.168.237.128:7077 [/192.168.237.128] failed: Connection refused: connect" tn="Thread Group 1-94" dt="text" by="2717" sby="0" ng="100" na="100">
  <java.net.URL>http://192.168.237.128:7077/</java.net.URL>
</httpSample>
<httpSample t="1018" it="0" lt="0" ct="1018" ts="1561111318413" s="false" lb="HTTP Request" rc="Non HTTP response code: org.apache.http.conn.HttpHostConnectException" rm="Non HTTP response message: Connect to 192.168.237.128:7077 [/192.168.237.128] failed: Connection refused: connect" tn="Thread Group 1-95" dt="text" by="2717" sby="0" ng="100" na="100">
  <java.net.URL>http://192.168.237.128:7077/</java.net.URL>
</httpSample>
<httpSample t="1002" it="0" lt="0" ct="1002" ts="1561111318436" s="false" lb="HTTP Request" rc="Non HTTP response code: org.apache.http.conn.HttpHostConnectException" rm="Non HTTP response message: Connect to 192.168.237.128:7077 [/192.168.237.128] failed: Connection refused: connect" tn="Thread Group 1-89" dt="text" by="2717" sby="0" ng="100" na="100">
  <java.net.URL>http://192.168.237.128:7077/</java.net.URL>
</httpSample>
<httpSample t="1005" it="0" lt="0" ct="1004" ts="1561111318436" s="false" lb="HTTP Request" rc="Non HTTP response code: org.apache.http.conn.HttpHostConnectException" rm="Non HTTP response message: Connect to 192.168.237.128:7077 [/192.168.237.128] failed: Connection refused: connect" tn="Thread Group 1-96" dt="text" by="2717" sby="0" ng="100" na="100">
  <java.net.URL>http://192.168.237.128:7077/</java.net.URL>
</httpSample>
<httpSample t="1006" it="0" lt="0" ct="1006" ts="1561111318442" s="false" lb="HTTP Request" rc="Non HTTP response code: org.apache.http.conn.HttpHostConnectException" rm="Non HTTP response message: Connect to 192.168.237.128:7077 [/192.168.237.128] failed: Connection refused: connect" tn="Thread Group 1-92" dt="text" by="2717" sby="0" ng="100" na="100">
  <java.net.URL>http://192.168.237.128:7077/</java.net.URL>
</httpSample>
<httpSample t="1007" it="0" lt="0" ct="1007" ts="1561111318443" s="false" lb="HTTP Request" rc="Non HTTP response code: org.apache.http.conn.HttpHostConnectException" rm="Non HTTP response message: Connect to 192.168.237.128:7077 [/192.168.237.128] failed: Connection refused: connect" tn="Thread Group 1-90" dt="text" by="2717" sby="0" ng="100" na="100">
  <java.net.URL>http://192.168.237.128:7077/</java.net.URL>
</httpSample>
<httpSample t="1003" it="0" lt="0" ct="1002" ts="1561111318486" s="false" lb="HTTP Request" rc="Non HTTP response code: org.apache.http.conn.HttpHostConnectException" rm="Non HTTP response message: Connect to 192.168.237.128:7077 [/192.168.237.128] failed: Connection refused: connect" tn="Thread Group 1-4" dt="text" by="2717" sby="0" ng="100" na="100">
  <java.net.URL>http://192.168.237.128:7077/</java.net.URL>
</httpSample>
<httpSample t="1005" it="0" lt="0" ct="1005" ts="1561111318485" s="false" lb="HTTP Request" rc="Non HTTP response code: org.apache.http.conn.HttpHostConnectException" rm="Non HTTP response message: Connect to 192.168.237.128:7077 [/192.168.237.128] failed: Connection refused: connect" tn="Thread Group 1-97" dt="text" by="2717" sby="0" ng="100" na="100">
  <java.net.URL>http://192.168.237.128:7077/</java.net.URL>
</httpSample>
<httpSample t="1016" it="0" lt="0" ct="1016" ts="1561111318486" s="false" lb="HTTP Request" rc="Non HTTP response code: org.apache.http.conn.HttpHostConnectException" rm="Non HTTP response message: Connect to 192.168.237.128:7077 [/192.168.237.128] failed: Connection refused: connect" tn="Thread Group 1-99" dt="text" by="2717" sby="0" ng="100" na="100">
  <java.net.URL>http://192.168.237.128:7077/</java.net.URL>
</httpSample>
<httpSample t="1006" it="0" lt="0" ct="1006" ts="1561111318515" s="false" lb="HTTP Request" rc="Non HTTP response code: org.apache.http.conn.HttpHostConnectException" rm="Non HTTP response message: Connect to 192.168.237.128:7077 [/192.168.237.128] failed: Connection refused: connect" tn="Thread Group 1-1" dt="text" by="2717" sby="0" ng="100" na="100">
  <java.net.URL>http://192.168.237.128:7077/</java.net.URL>
</httpSample>
<httpSample t="1013" it="0" lt="0" ct="1013" ts="1561111318518" s="false" lb="HTTP Request" rc="Non HTTP response code: org.apache.http.conn.HttpHostConnectException" rm="Non HTTP response message: Connect to 192.168.237.128:7077 [/192.168.237.128] failed: Connection refused: connect" tn="Thread Group 1-2" dt="text" by="2717" sby="0" ng="100" na="100">
  <java.net.URL>http://192.168.237.128:7077/</java.net.URL>
</httpSample>
<httpSample t="1004" it="0" lt="0" ct="1003" ts="1561111318534" s="false" lb="HTTP Request" rc="Non HTTP response code: org.apache.http.conn.HttpHostConnectException" rm="Non HTTP response message: Connect to 192.168.237.128:7077 [/192.168.237.128] failed: Connection refused: connect" tn="Thread Group 1-5" dt="text" by="2717" sby="0" ng="100" na="100">
  <java.net.URL>http://192.168.237.128:7077/</java.net.URL>
</httpSample>
<httpSample t="1007" it="0" lt="0" ct="1007" ts="1561111318533" s="false" lb="HTTP Request" rc="Non HTTP response code: org.apache.http.conn.HttpHostConnectException" rm="Non HTTP response message: Connect to 192.168.237.128:7077 [/192.168.237.128] failed: Connection refused: connect" tn="Thread Group 1-10" dt="text" by="2717" sby="0" ng="100" na="100">
  <java.net.URL>http://192.168.237.128:7077/</java.net.URL>
</httpSample>
<httpSample t="1008" it="0" lt="0" ct="1008" ts="1561111318533" s="false" lb="HTTP Request" rc="Non HTTP response code: org.apache.http.conn.HttpHostConnectException" rm="Non HTTP response message: Connect to 192.168.237.128:7077 [/192.168.237.128] failed: Connection refused: connect" tn="Thread Group 1-7" dt="text" by="2717" sby="0" ng="100" na="100">
  <java.net.URL>http://192.168.237.128:7077/</java.net.URL>
</httpSample>
<httpSample t="1002" it="0" lt="0" ct="1002" ts="1561111318539" s="false" lb="HTTP Request" rc="Non HTTP response code: org.apache.http.conn.HttpHostConnectException" rm="Non HTTP response message: Connect to 192.168.237.128:7077 [/192.168.237.128] failed: Connection refused: connect" tn="Thread Group 1-100" dt="text" by="2717" sby="0" ng="100" na="100">
  <java.net.URL>http://192.168.237.128:7077/</java.net.URL>
</httpSample>
<httpSample t="1009" it="0" lt="0" ct="1009" ts="1561111318539" s="false" lb="HTTP Request" rc="Non HTTP response code: org.apache.http.conn.HttpHostConnectException" rm="Non HTTP response message: Connect to 192.168.237.128:7077 [/192.168.237.128] failed: Connection refused: connect" tn="Thread Group 1-3" dt="text" by="2717" sby="0" ng="100" na="100">
  <java.net.URL>http://192.168.237.128:7077/</java.net.URL>
</httpSample>
<httpSample t="1011" it="0" lt="0" ct="1011" ts="1561111318539" s="false" lb="HTTP Request" rc="Non HTTP response code: org.apache.http.conn.HttpHostConnectException" rm="Non HTTP response message: Connect to 192.168.237.128:7077 [/192.168.237.128] failed: Connection refused: connect" tn="Thread Group 1-98" dt="text" by="2717" sby="0" ng="100" na="100">
  <java.net.URL>http://192.168.237.128:7077/</java.net.URL>
</httpSample>
<httpSample t="1018" it="0" lt="0" ct="1018" ts="1561111318533" s="false" lb="HTTP Request" rc="Non HTTP response code: org.apache.http.conn.HttpHostConnectException" rm="Non HTTP response message: Connect to 192.168.237.128:7077 [/192.168.237.128] failed: Connection refused: connect" tn="Thread Group 1-6" dt="text" by="2717" sby="0" ng="100" na="100">
  <java.net.URL>http://192.168.237.128:7077/</java.net.URL>
</httpSample>
<httpSample t="1001" it="0" lt="0" ct="1001" ts="1561111318567" s="false" lb="HTTP Request" rc="Non HTTP response code: org.apache.http.conn.HttpHostConnectException" rm="Non HTTP response message: Connect to 192.168.237.128:7077 [/192.168.237.128] failed: Connection refused: connect" tn="Thread Group 1-14" dt="text" by="2717" sby="0" ng="100" na="100">
  <java.net.URL>http://192.168.237.128:7077/</java.net.URL>
</httpSample>
<httpSample t="1008" it="0" lt="0" ct="1008" ts="1561111318563" s="false" lb="HTTP Request" rc="Non HTTP response code: org.apache.http.conn.HttpHostConnectException" rm="Non HTTP response message: Connect to 192.168.237.128:7077 [/192.168.237.128] failed: Connection refused: connect" tn="Thread Group 1-12" dt="text" by="2717" sby="0" ng="100" na="100">
  <java.net.URL>http://192.168.237.128:7077/</java.net.URL>
</httpSample>
<httpSample t="1008" it="0" lt="0" ct="1008" ts="1561111318603" s="false" lb="HTTP Request" rc="Non HTTP response code: org.apache.http.conn.HttpHostConnectException" rm="Non HTTP response message: Connect to 192.168.237.128:7077 [/192.168.237.128] failed: Connection refused: connect" tn="Thread Group 1-8" dt="text" by="2717" sby="0" ng="100" na="100">
  <java.net.URL>http://192.168.237.128:7077/</java.net.URL>
</httpSample>
<httpSample t="1007" it="0" lt="0" ct="1007" ts="1561111318604" s="false" lb="HTTP Request" rc="Non HTTP response code: org.apache.http.conn.HttpHostConnectException" rm="Non HTTP response message: Connect to 192.168.237.128:7077 [/192.168.237.128] failed: Connection refused: connect" tn="Thread Group 1-13" dt="text" by="2717" sby="0" ng="100" na="100">
  <java.net.URL>http://192.168.237.128:7077/</java.net.URL>
</httpSample>
<httpSample t="1003" it="0" lt="0" ct="1003" ts="1561111318618" s="false" lb="HTTP Request" rc="Non HTTP response code: org.apache.http.conn.HttpHostConnectException" rm="Non HTTP response message: Connect to 192.168.237.128:7077 [/192.168.237.128] failed: Connection refused: connect" tn="Thread Group 1-17" dt="text" by="2717" sby="0" ng="100" na="100">
  <java.net.URL>http://192.168.237.128:7077/</java.net.URL>
</httpSample>
<httpSample t="1005" it="0" lt="0" ct="1004" ts="1561111318627" s="false" lb="HTTP Request" rc="Non HTTP response code: org.apache.http.conn.HttpHostConnectException" rm="Non HTTP response message: Connect to 192.168.237.128:7077 [/192.168.237.128] failed: Connection refused: connect" tn="Thread Group 1-11" dt="text" by="2717" sby="0" ng="100" na="100">
  <java.net.URL>http://192.168.237.128:7077/</java.net.URL>
</httpSample>
<httpSample t="1009" it="0" lt="0" ct="1009" ts="1561111318633" s="false" lb="HTTP Request" rc="Non HTTP response code: org.apache.http.conn.HttpHostConnectException" rm="Non HTTP response message: Connect to 192.168.237.128:7077 [/192.168.237.128] failed: Connection refused: connect" tn="Thread Group 1-19" dt="text" by="2717" sby="0" ng="100" na="100">
  <java.net.URL>http://192.168.237.128:7077/</java.net.URL>
</httpSample>
<httpSample t="1005" it="0" lt="0" ct="1005" ts="1561111318643" s="false" lb="HTTP Request" rc="Non HTTP response code: org.apache.http.conn.HttpHostConnectException" rm="Non HTTP response message: Connect to 192.168.237.128:7077 [/192.168.237.128] failed: Connection refused: connect" tn="Thread Group 1-15" dt="text" by="2717" sby="0" ng="100" na="100">
  <java.net.URL>http://192.168.237.128:7077/</java.net.URL>
</httpSample>
<httpSample t="1009" it="0" lt="0" ct="1009" ts="1561111318639" s="false" lb="HTTP Request" rc="Non HTTP response code: org.apache.http.conn.HttpHostConnectException" rm="Non HTTP response message: Connect to 192.168.237.128:7077 [/192.168.237.128] failed: Connection refused: connect" tn="Thread Group 1-18" dt="text" by="2717" sby="0" ng="100" na="100">
  <java.net.URL>http://192.168.237.128:7077/</java.net.URL>
</httpSample>
<httpSample t="1012" it="0" lt="0" ct="1012" ts="1561111318639" s="false" lb="HTTP Request" rc="Non HTTP response code: org.apache.http.conn.HttpHostConnectException" rm="Non HTTP response message: Connect to 192.168.237.128:7077 [/192.168.237.128] failed: Connection refused: connect" tn="Thread Group 1-9" dt="text" by="2717" sby="0" ng="100" na="100">
  <java.net.URL>http://192.168.237.128:7077/</java.net.URL>
</httpSample>
<httpSample t="1012" it="0" lt="0" ct="1012" ts="1561111318640" s="false" lb="HTTP Request" rc="Non HTTP response code: org.apache.http.conn.HttpHostConnectException" rm="Non HTTP response message: Connect to 192.168.237.128:7077 [/192.168.237.128] failed: Connection refused: connect" tn="Thread Group 1-16" dt="text" by="2717" sby="0" ng="100" na="100">
  <java.net.URL>http://192.168.237.128:7077/</java.net.URL>
</httpSample>
<httpSample t="1008" it="0" lt="0" ct="1008" ts="1561111318653" s="false" lb="HTTP Request" rc="Non HTTP response code: org.apache.http.conn.HttpHostConnectException" rm="Non HTTP response message: Connect to 192.168.237.128:7077 [/192.168.237.128] failed: Connection refused: connect" tn="Thread Group 1-20" dt="text" by="2717" sby="0" ng="100" na="100">
  <java.net.URL>http://192.168.237.128:7077/</java.net.URL>
</httpSample>
<httpSample t="1003" it="0" lt="0" ct="1003" ts="1561111318669" s="false" lb="HTTP Request" rc="Non HTTP response code: org.apache.http.conn.HttpHostConnectException" rm="Non HTTP response message: Connect to 192.168.237.128:7077 [/192.168.237.128] failed: Connection refused: connect" tn="Thread Group 1-23" dt="text" by="2717" sby="0" ng="100" na="100">
  <java.net.URL>http://192.168.237.128:7077/</java.net.URL>
</httpSample>
<httpSample t="1006" it="0" lt="0" ct="1005" ts="1561111318672" s="false" lb="HTTP Request" rc="Non HTTP response code: org.apache.http.conn.HttpHostConnectException" rm="Non HTTP response message: Connect to 192.168.237.128:7077 [/192.168.237.128] failed: Connection refused: connect" tn="Thread Group 1-22" dt="text" by="2717" sby="0" ng="100" na="100">
  <java.net.URL>http://192.168.237.128:7077/</java.net.URL>
</httpSample>
<httpSample t="1002" it="0" lt="0" ct="1002" ts="1561111318678" s="false" lb="HTTP Request" rc="Non HTTP response code: org.apache.http.conn.HttpHostConnectException" rm="Non HTTP response message: Connect to 192.168.237.128:7077 [/192.168.237.128] failed: Connection refused: connect" tn="Thread Group 1-24" dt="text" by="2717" sby="0" ng="100" na="100">
  <java.net.URL>http://192.168.237.128:7077/</java.net.URL>
</httpSample>
<httpSample t="1003" it="0" lt="0" ct="1003" ts="1561111318698" s="false" lb="HTTP Request" rc="Non HTTP response code: org.apache.http.conn.HttpHostConnectException" rm="Non HTTP response message: Connect to 192.168.237.128:7077 [/192.168.237.128] failed: Connection refused: connect" tn="Thread Group 1-25" dt="text" by="2717" sby="0" ng="100" na="100">
  <java.net.URL>http://192.168.237.128:7077/</java.net.URL>
</httpSample>
<httpSample t="1004" it="0" lt="0" ct="1004" ts="1561111318697" s="false" lb="HTTP Request" rc="Non HTTP response code: org.apache.http.conn.HttpHostConnectException" rm="Non HTTP response message: Connect to 192.168.237.128:7077 [/192.168.237.128] failed: Connection refused: connect" tn="Thread Group 1-26" dt="text" by="2717" sby="0" ng="100" na="100">
  <java.net.URL>http://192.168.237.128:7077/</java.net.URL>
</httpSample>
<httpSample t="1008" it="0" lt="0" ct="1008" ts="1561111318733" s="false" lb="HTTP Request" rc="Non HTTP response code: org.apache.http.conn.HttpHostConnectException" rm="Non HTTP response message: Connect to 192.168.237.128:7077 [/192.168.237.128] failed: Connection refused: connect" tn="Thread Group 1-21" dt="text" by="2717" sby="0" ng="100" na="100">
  <java.net.URL>http://192.168.237.128:7077/</java.net.URL>
</httpSample>
<httpSample t="1010" it="0" lt="0" ct="1010" ts="1561111318731" s="false" lb="HTTP Request" rc="Non HTTP response code: org.apache.http.conn.HttpHostConnectException" rm="Non HTTP response message: Connect to 192.168.237.128:7077 [/192.168.237.128] failed: Connection refused: connect" tn="Thread Group 1-28" dt="text" by="2717" sby="0" ng="100" na="100">
  <java.net.URL>http://192.168.237.128:7077/</java.net.URL>
</httpSample>
<httpSample t="996" it="0" lt="0" ct="996" ts="1561111318748" s="false" lb="HTTP Request" rc="Non HTTP response code: org.apache.http.conn.HttpHostConnectException" rm="Non HTTP response message: Connect to 192.168.237.128:7077 [/192.168.237.128] failed: Connection refused: connect" tn="Thread Group 1-31" dt="text" by="2717" sby="0" ng="100" na="100">
  <java.net.URL>http://192.168.237.128:7077/</java.net.URL>
</httpSample>
<httpSample t="1005" it="0" lt="0" ct="1005" ts="1561111318759" s="false" lb="HTTP Request" rc="Non HTTP response code: org.apache.http.conn.HttpHostConnectException" rm="Non HTTP response message: Connect to 192.168.237.128:7077 [/192.168.237.128] failed: Connection refused: connect" tn="Thread Group 1-32" dt="text" by="2717" sby="0" ng="100" na="100">
  <java.net.URL>http://192.168.237.128:7077/</java.net.URL>
</httpSample>
<httpSample t="999" it="0" lt="0" ct="999" ts="1561111318785" s="false" lb="HTTP Request" rc="Non HTTP response code: org.apache.http.conn.HttpHostConnectException" rm="Non HTTP response message: Connect to 192.168.237.128:7077 [/192.168.237.128] failed: Connection refused: connect" tn="Thread Group 1-33" dt="text" by="2717" sby="0" ng="100" na="100">
  <java.net.URL>http://192.168.237.128:7077/</java.net.URL>
</httpSample>
<httpSample t="1011" it="0" lt="0" ct="1011" ts="1561111318784" s="false" lb="HTTP Request" rc="Non HTTP response code: org.apache.http.conn.HttpHostConnectException" rm="Non HTTP response message: Connect to 192.168.237.128:7077 [/192.168.237.128] failed: Connection refused: connect" tn="Thread Group 1-34" dt="text" by="2717" sby="0" ng="100" na="100">
  <java.net.URL>http://192.168.237.128:7077/</java.net.URL>
</httpSample>
<httpSample t="1001" it="0" lt="0" ct="1001" ts="1561111318794" s="false" lb="HTTP Request" rc="Non HTTP response code: org.apache.http.conn.HttpHostConnectException" rm="Non HTTP response message: Connect to 192.168.237.128:7077 [/192.168.237.128] failed: Connection refused: connect" tn="Thread Group 1-27" dt="text" by="2717" sby="0" ng="100" na="100">
  <java.net.URL>http://192.168.237.128:7077/</java.net.URL>
</httpSample>
<httpSample t="1003" it="0" lt="0" ct="1002" ts="1561111318835" s="false" lb="HTTP Request" rc="Non HTTP response code: org.apache.http.conn.HttpHostConnectException" rm="Non HTTP response message: Connect to 192.168.237.128:7077 [/192.168.237.128] failed: Connection refused: connect" tn="Thread Group 1-29" dt="text" by="2717" sby="0" ng="100" na="100">
  <java.net.URL>http://192.168.237.128:7077/</java.net.URL>
</httpSample>
<httpSample t="1003" it="0" lt="0" ct="1003" ts="1561111318835" s="false" lb="HTTP Request" rc="Non HTTP response code: org.apache.http.conn.HttpHostConnectException" rm="Non HTTP response message: Connect to 192.168.237.128:7077 [/192.168.237.128] failed: Connection refused: connect" tn="Thread Group 1-39" dt="text" by="2717" sby="0" ng="100" na="100">
  <java.net.URL>http://192.168.237.128:7077/</java.net.URL>
</httpSample>
<httpSample t="1037" it="0" lt="0" ct="1037" ts="1561111318819" s="false" lb="HTTP Request" rc="Non HTTP response code: org.apache.http.conn.HttpHostConnectException" rm="Non HTTP response message: Connect to 192.168.237.128:7077 [/192.168.237.128] failed: Connection refused: connect" tn="Thread Group 1-37" dt="text" by="2717" sby="0" ng="100" na="100">
  <java.net.URL>http://192.168.237.128:7077/</java.net.URL>
</httpSample>
<httpSample t="1071" it="0" lt="0" ct="1071" ts="1561111318785" s="false" lb="HTTP Request" rc="Non HTTP response code: org.apache.http.conn.HttpHostConnectException" rm="Non HTTP response message: Connect to 192.168.237.128:7077 [/192.168.237.128] failed: Connection refused: connect" tn="Thread Group 1-30" dt="text" by="2717" sby="0" ng="100" na="100">
  <java.net.URL>http://192.168.237.128:7077/</java.net.URL>
</httpSample>
<httpSample t="1004" it="0" lt="0" ct="1004" ts="1561111318869" s="false" lb="HTTP Request" rc="Non HTTP response code: org.apache.http.conn.HttpHostConnectException" rm="Non HTTP response message: Connect to 192.168.237.128:7077 [/192.168.237.128] failed: Connection refused: connect" tn="Thread Group 1-42" dt="text" by="2717" sby="0" ng="100" na="100">
  <java.net.URL>http://192.168.237.128:7077/</java.net.URL>
</httpSample>
<httpSample t="998" it="0" lt="0" ct="998" ts="1561111318879" s="false" lb="HTTP Request" rc="Non HTTP response code: org.apache.http.conn.HttpHostConnectException" rm="Non HTTP response message: Connect to 192.168.237.128:7077 [/192.168.237.128] failed: Connection refused: connect" tn="Thread Group 1-40" dt="text" by="2717" sby="0" ng="100" na="100">
  <java.net.URL>http://192.168.237.128:7077/</java.net.URL>
</httpSample>
<httpSample t="1005" it="0" lt="0" ct="1005" ts="1561111318879" s="false" lb="HTTP Request" rc="Non HTTP response code: org.apache.http.conn.HttpHostConnectException" rm="Non HTTP response message: Connect to 192.168.237.128:7077 [/192.168.237.128] failed: Connection refused: connect" tn="Thread Group 1-38" dt="text" by="2717" sby="0" ng="100" na="100">
  <java.net.URL>http://192.168.237.128:7077/</java.net.URL>
</httpSample>
<httpSample t="1007" it="0" lt="0" ct="1007" ts="1561111318880" s="false" lb="HTTP Request" rc="Non HTTP response code: org.apache.http.conn.HttpHostConnectException" rm="Non HTTP response message: Connect to 192.168.237.128:7077 [/192.168.237.128] failed: Connection refused: connect" tn="Thread Group 1-43" dt="text" by="2717" sby="0" ng="100" na="100">
  <java.net.URL>http://192.168.237.128:7077/</java.net.URL>
</httpSample>
<httpSample t="998" it="0" lt="0" ct="998" ts="1561111318895" s="false" lb="HTTP Request" rc="Non HTTP response code: org.apache.http.conn.HttpHostConnectException" rm="Non HTTP response message: Connect to 192.168.237.128:7077 [/192.168.237.128] failed: Connection refused: connect" tn="Thread Group 1-44" dt="text" by="2717" sby="0" ng="100" na="100">
  <java.net.URL>http://192.168.237.128:7077/</java.net.URL>
</httpSample>
<httpSample t="1004" it="0" lt="0" ct="1004" ts="1561111318934" s="false" lb="HTTP Request" rc="Non HTTP response code: org.apache.http.conn.HttpHostConnectException" rm="Non HTTP response message: Connect to 192.168.237.128:7077 [/192.168.237.128] failed: Connection refused: connect" tn="Thread Group 1-47" dt="text" by="2717" sby="0" ng="100" na="100">
  <java.net.URL>http://192.168.237.128:7077/</java.net.URL>
</httpSample>
<httpSample t="1016" it="0" lt="0" ct="1016" ts="1561111318932" s="false" lb="HTTP Request" rc="Non HTTP response code: org.apache.http.conn.HttpHostConnectException" rm="Non HTTP response message: Connect to 192.168.237.128:7077 [/192.168.237.128] failed: Connection refused: connect" tn="Thread Group 1-45" dt="text" by="2717" sby="0" ng="100" na="100">
  <java.net.URL>http://192.168.237.128:7077/</java.net.URL>
</httpSample>
<httpSample t="1018" it="0" lt="0" ct="1018" ts="1561111318938" s="false" lb="HTTP Request" rc="Non HTTP response code: org.apache.http.conn.HttpHostConnectException" rm="Non HTTP response message: Connect to 192.168.237.128:7077 [/192.168.237.128] failed: Connection refused: connect" tn="Thread Group 1-49" dt="text" by="2717" sby="0" ng="100" na="100">
  <java.net.URL>http://192.168.237.128:7077/</java.net.URL>
</httpSample>
<httpSample t="1078" it="0" lt="0" ct="1078" ts="1561111318879" s="false" lb="HTTP Request" rc="Non HTTP response code: org.apache.http.conn.HttpHostConnectException" rm="Non HTTP response message: Connect to 192.168.237.128:7077 [/192.168.237.128] failed: Connection refused: connect" tn="Thread Group 1-36" dt="text" by="2717" sby="0" ng="100" na="100">
  <java.net.URL>http://192.168.237.128:7077/</java.net.URL>
</httpSample>
<httpSample t="1004" it="0" lt="0" ct="1003" ts="1561111318955" s="false" lb="HTTP Request" rc="Non HTTP response code: org.apache.http.conn.HttpHostConnectException" rm="Non HTTP response message: Connect to 192.168.237.128:7077 [/192.168.237.128] failed: Connection refused: connect" tn="Thread Group 1-41" dt="text" by="2717" sby="0" ng="100" na="100">
  <java.net.URL>http://192.168.237.128:7077/</java.net.URL>
</httpSample>
<httpSample t="1000" it="0" lt="0" ct="1000" ts="1561111318963" s="false" lb="HTTP Request" rc="Non HTTP response code: org.apache.http.conn.HttpHostConnectException" rm="Non HTTP response message: Connect to 192.168.237.128:7077 [/192.168.237.128] failed: Connection refused: connect" tn="Thread Group 1-35" dt="text" by="2717" sby="0" ng="100" na="100">
  <java.net.URL>http://192.168.237.128:7077/</java.net.URL>
</httpSample>
<httpSample t="1000" it="0" lt="0" ct="1000" ts="1561111318988" s="false" lb="HTTP Request" rc="Non HTTP response code: org.apache.http.conn.HttpHostConnectException" rm="Non HTTP response message: Connect to 192.168.237.128:7077 [/192.168.237.128] failed: Connection refused: connect" tn="Thread Group 1-53" dt="text" by="2717" sby="0" ng="100" na="100">
  <java.net.URL>http://192.168.237.128:7077/</java.net.URL>
</httpSample>
<httpSample t="1013" it="0" lt="0" ct="1013" ts="1561111318991" s="false" lb="HTTP Request" rc="Non HTTP response code: org.apache.http.conn.HttpHostConnectException" rm="Non HTTP response message: Connect to 192.168.237.128:7077 [/192.168.237.128] failed: Connection refused: connect" tn="Thread Group 1-46" dt="text" by="2717" sby="0" ng="100" na="100">
  <java.net.URL>http://192.168.237.128:7077/</java.net.URL>
</httpSample>
<httpSample t="1013" it="0" lt="0" ct="1013" ts="1561111318994" s="false" lb="HTTP Request" rc="Non HTTP response code: org.apache.http.conn.HttpHostConnectException" rm="Non HTTP response message: Connect to 192.168.237.128:7077 [/192.168.237.128] failed: Connection refused: connect" tn="Thread Group 1-48" dt="text" by="2717" sby="0" ng="100" na="100">
  <java.net.URL>http://192.168.237.128:7077/</java.net.URL>
</httpSample>
<httpSample t="1008" it="0" lt="0" ct="1008" ts="1561111319013" s="false" lb="HTTP Request" rc="Non HTTP response code: org.apache.http.conn.HttpHostConnectException" rm="Non HTTP response message: Connect to 192.168.237.128:7077 [/192.168.237.128] failed: Connection refused: connect" tn="Thread Group 1-55" dt="text" by="2717" sby="0" ng="100" na="100">
  <java.net.URL>http://192.168.237.128:7077/</java.net.URL>
</httpSample>
<httpSample t="996" it="0" lt="0" ct="996" ts="1561111319027" s="false" lb="HTTP Request" rc="Non HTTP response code: org.apache.http.conn.HttpHostConnectException" rm="Non HTTP response message: Connect to 192.168.237.128:7077 [/192.168.237.128] failed: Connection refused: connect" tn="Thread Group 1-58" dt="text" by="2717" sby="0" ng="100" na="100">
  <java.net.URL>http://192.168.237.128:7077/</java.net.URL>
</httpSample>
<httpSample t="1002" it="0" lt="0" ct="1002" ts="1561111319025" s="false" lb="HTTP Request" rc="Non HTTP response code: org.apache.http.conn.HttpHostConnectException" rm="Non HTTP response message: Connect to 192.168.237.128:7077 [/192.168.237.128] failed: Connection refused: connect" tn="Thread Group 1-56" dt="text" by="2717" sby="0" ng="100" na="100">
  <java.net.URL>http://192.168.237.128:7077/</java.net.URL>
</httpSample>
<httpSample t="1003" it="0" lt="0" ct="1003" ts="1561111319038" s="false" lb="HTTP Request" rc="Non HTTP response code: org.apache.http.conn.HttpHostConnectException" rm="Non HTTP response message: Connect to 192.168.237.128:7077 [/192.168.237.128] failed: Connection refused: connect" tn="Thread Group 1-60" dt="text" by="2717" sby="0" ng="100" na="100">
  <java.net.URL>http://192.168.237.128:7077/</java.net.URL>
</httpSample>
<httpSample t="1009" it="0" lt="0" ct="1009" ts="1561111319047" s="false" lb="HTTP Request" rc="Non HTTP response code: org.apache.http.conn.HttpHostConnectException" rm="Non HTTP response message: Connect to 192.168.237.128:7077 [/192.168.237.128] failed: Connection refused: connect" tn="Thread Group 1-59" dt="text" by="2717" sby="0" ng="100" na="100">
  <java.net.URL>http://192.168.237.128:7077/</java.net.URL>
</httpSample>
<httpSample t="1093" it="0" lt="0" ct="1093" ts="1561111318963" s="false" lb="HTTP Request" rc="Non HTTP response code: org.apache.http.conn.HttpHostConnectException" rm="Non HTTP response message: Connect to 192.168.237.128:7077 [/192.168.237.128] failed: Connection refused: connect" tn="Thread Group 1-50" dt="text" by="2717" sby="0" ng="100" na="100">
  <java.net.URL>http://192.168.237.128:7077/</java.net.URL>
</httpSample>
<httpSample t="1026" it="0" lt="0" ct="1026" ts="1561111319031" s="false" lb="HTTP Request" rc="Non HTTP response code: org.apache.http.conn.HttpHostConnectException" rm="Non HTTP response message: Connect to 192.168.237.128:7077 [/192.168.237.128] failed: Connection refused: connect" tn="Thread Group 1-57" dt="text" by="2717" sby="0" ng="100" na="100">
  <java.net.URL>http://192.168.237.128:7077/</java.net.URL>
</httpSample>
<httpSample t="1035" it="0" lt="0" ct="1035" ts="1561111319021" s="false" lb="HTTP Request" rc="Non HTTP response code: org.apache.http.conn.HttpHostConnectException" rm="Non HTTP response message: Connect to 192.168.237.128:7077 [/192.168.237.128] failed: Connection refused: connect" tn="Thread Group 1-51" dt="text" by="2717" sby="0" ng="100" na="100">
  <java.net.URL>http://192.168.237.128:7077/</java.net.URL>
</httpSample>
<httpSample t="1005" it="0" lt="0" ct="1005" ts="1561111319055" s="false" lb="HTTP Request" rc="Non HTTP response code: org.apache.http.conn.HttpHostConnectException" rm="Non HTTP response message: Connect to 192.168.237.128:7077 [/192.168.237.128] failed: Connection refused: connect" tn="Thread Group 1-52" dt="text" by="2717" sby="0" ng="100" na="100">
  <java.net.URL>http://192.168.237.128:7077/</java.net.URL>
</httpSample>
<httpSample t="1015" it="0" lt="0" ct="1015" ts="1561111319063" s="false" lb="HTTP Request" rc="Non HTTP response code: org.apache.http.conn.HttpHostConnectException" rm="Non HTTP response message: Connect to 192.168.237.128:7077 [/192.168.237.128] failed: Connection refused: connect" tn="Thread Group 1-54" dt="text" by="2717" sby="0" ng="100" na="100">
  <java.net.URL>http://192.168.237.128:7077/</java.net.URL>
</httpSample>
<httpSample t="1012" it="0" lt="0" ct="1012" ts="1561111319081" s="false" lb="HTTP Request" rc="Non HTTP response code: org.apache.http.conn.HttpHostConnectException" rm="Non HTTP response message: Connect to 192.168.237.128:7077 [/192.168.237.128] failed: Connection refused: connect" tn="Thread Group 1-63" dt="text" by="2717" sby="0" ng="100" na="100">
  <java.net.URL>http://192.168.237.128:7077/</java.net.URL>
</httpSample>
<httpSample t="1004" it="0" lt="0" ct="1004" ts="1561111319126" s="false" lb="HTTP Request" rc="Non HTTP response code: org.apache.http.conn.HttpHostConnectException" rm="Non HTTP response message: Connect to 192.168.237.128:7077 [/192.168.237.128] failed: Connection refused: connect" tn="Thread Group 1-67" dt="text" by="2717" sby="0" ng="100" na="100">
  <java.net.URL>http://192.168.237.128:7077/</java.net.URL>
</httpSample>
<httpSample t="1013" it="0" lt="0" ct="1013" ts="1561111319127" s="false" lb="HTTP Request" rc="Non HTTP response code: org.apache.http.conn.HttpHostConnectException" rm="Non HTTP response message: Connect to 192.168.237.128:7077 [/192.168.237.128] failed: Connection refused: connect" tn="Thread Group 1-62" dt="text" by="2717" sby="0" ng="100" na="100">
  <java.net.URL>http://192.168.237.128:7077/</java.net.URL>
</httpSample>
<httpSample t="1011" it="0" lt="0" ct="1011" ts="1561111319135" s="false" lb="HTTP Request" rc="Non HTTP response code: org.apache.http.conn.HttpHostConnectException" rm="Non HTTP response message: Connect to 192.168.237.128:7077 [/192.168.237.128] failed: Connection refused: connect" tn="Thread Group 1-64" dt="text" by="2717" sby="0" ng="100" na="100">
  <java.net.URL>http://192.168.237.128:7077/</java.net.URL>
</httpSample>
<httpSample t="1015" it="0" lt="0" ct="1015" ts="1561111319135" s="false" lb="HTTP Request" rc="Non HTTP response code: org.apache.http.conn.HttpHostConnectException" rm="Non HTTP response message: Connect to 192.168.237.128:7077 [/192.168.237.128] failed: Connection refused: connect" tn="Thread Group 1-68" dt="text" by="2717" sby="0" ng="100" na="100">
  <java.net.URL>http://192.168.237.128:7077/</java.net.URL>
</httpSample>
<httpSample t="1007" it="0" lt="0" ct="1007" ts="1561111319149" s="false" lb="HTTP Request" rc="Non HTTP response code: org.apache.http.conn.HttpHostConnectException" rm="Non HTTP response message: Connect to 192.168.237.128:7077 [/192.168.237.128] failed: Connection refused: connect" tn="Thread Group 1-61" dt="text" by="2717" sby="0" ng="100" na="100">
  <java.net.URL>http://192.168.237.128:7077/</java.net.URL>
</httpSample>
<httpSample t="1001" it="0" lt="0" ct="1001" ts="1561111319156" s="false" lb="HTTP Request" rc="Non HTTP response code: org.apache.http.conn.HttpHostConnectException" rm="Non HTTP response message: Connect to 192.168.237.128:7077 [/192.168.237.128] failed: Connection refused: connect" tn="Thread Group 1-66" dt="text" by="2717" sby="0" ng="100" na="100">
  <java.net.URL>http://192.168.237.128:7077/</java.net.URL>
</httpSample>
<httpSample t="1051" it="0" lt="0" ct="1051" ts="1561111319106" s="false" lb="HTTP Request" rc="Non HTTP response code: org.apache.http.conn.HttpHostConnectException" rm="Non HTTP response message: Connect to 192.168.237.128:7077 [/192.168.237.128] failed: Connection refused: connect" tn="Thread Group 1-65" dt="text" by="2717" sby="0" ng="100" na="100">
  <java.net.URL>http://192.168.237.128:7077/</java.net.URL>
</httpSample>
<httpSample t="1004" it="0" lt="0" ct="1004" ts="1561111319157" s="false" lb="HTTP Request" rc="Non HTTP response code: org.apache.http.conn.HttpHostConnectException" rm="Non HTTP response message: Connect to 192.168.237.128:7077 [/192.168.237.128] failed: Connection refused: connect" tn="Thread Group 1-71" dt="text" by="2717" sby="0" ng="100" na="100">
  <java.net.URL>http://192.168.237.128:7077/</java.net.URL>
</httpSample>
<httpSample t="1010" it="0" lt="0" ct="1010" ts="1561111319166" s="false" lb="HTTP Request" rc="Non HTTP response code: org.apache.http.conn.HttpHostConnectException" rm="Non HTTP response message: Connect to 192.168.237.128:7077 [/192.168.237.128] failed: Connection refused: connect" tn="Thread Group 1-70" dt="text" by="2717" sby="0" ng="100" na="100">
  <java.net.URL>http://192.168.237.128:7077/</java.net.URL>
</httpSample>
<httpSample t="1001" it="0" lt="0" ct="1001" ts="1561111319179" s="false" lb="HTTP Request" rc="Non HTTP response code: org.apache.http.conn.HttpHostConnectException" rm="Non HTTP response message: Connect to 192.168.237.128:7077 [/192.168.237.128] failed: Connection refused: connect" tn="Thread Group 1-73" dt="text" by="2717" sby="0" ng="100" na="100">
  <java.net.URL>http://192.168.237.128:7077/</java.net.URL>
</httpSample>
<httpSample t="1011" it="0" lt="0" ct="1011" ts="1561111319169" s="false" lb="HTTP Request" rc="Non HTTP response code: org.apache.http.conn.HttpHostConnectException" rm="Non HTTP response message: Connect to 192.168.237.128:7077 [/192.168.237.128] failed: Connection refused: connect" tn="Thread Group 1-72" dt="text" by="2717" sby="0" ng="100" na="100">
  <java.net.URL>http://192.168.237.128:7077/</java.net.URL>
</httpSample>
<httpSample t="1010" it="0" lt="0" ct="1010" ts="1561111319231" s="false" lb="HTTP Request" rc="Non HTTP response code: org.apache.http.conn.HttpHostConnectException" rm="Non HTTP response message: Connect to 192.168.237.128:7077 [/192.168.237.128] failed: Connection refused: connect" tn="Thread Group 1-77" dt="text" by="2717" sby="0" ng="100" na="100">
  <java.net.URL>http://192.168.237.128:7077/</java.net.URL>
</httpSample>
<httpSample t="1021" it="0" lt="0" ct="1021" ts="1561111319236" s="false" lb="HTTP Request" rc="Non HTTP response code: org.apache.http.conn.HttpHostConnectException" rm="Non HTTP response message: Connect to 192.168.237.128:7077 [/192.168.237.128] failed: Connection refused: connect" tn="Thread Group 1-75" dt="text" by="2717" sby="0" ng="100" na="100">
  <java.net.URL>http://192.168.237.128:7077/</java.net.URL>
</httpSample>
<httpSample t="1028" it="0" lt="0" ct="1028" ts="1561111319229" s="false" lb="HTTP Request" rc="Non HTTP response code: org.apache.http.conn.HttpHostConnectException" rm="Non HTTP response message: Connect to 192.168.237.128:7077 [/192.168.237.128] failed: Connection refused: connect" tn="Thread Group 1-76" dt="text" by="2717" sby="0" ng="100" na="100">
  <java.net.URL>http://192.168.237.128:7077/</java.net.URL>
</httpSample>
<httpSample t="1001" it="0" lt="0" ct="1001" ts="1561111319272" s="false" lb="HTTP Request" rc="Non HTTP response code: org.apache.http.conn.HttpHostConnectException" rm="Non HTTP response message: Connect to 192.168.237.128:7077 [/192.168.237.128] failed: Connection refused: connect" tn="Thread Group 1-80" dt="text" by="2717" sby="0" ng="100" na="100">
  <java.net.URL>http://192.168.237.128:7077/</java.net.URL>
</httpSample>
<httpSample t="1004" it="0" lt="0" ct="1004" ts="1561111319272" s="false" lb="HTTP Request" rc="Non HTTP response code: org.apache.http.conn.HttpHostConnectException" rm="Non HTTP response message: Connect to 192.168.237.128:7077 [/192.168.237.128] failed: Connection refused: connect" tn="Thread Group 1-74" dt="text" by="2717" sby="0" ng="100" na="100">
  <java.net.URL>http://192.168.237.128:7077/</java.net.URL>
</httpSample>
<httpSample t="1004" it="0" lt="0" ct="1004" ts="1561111319276" s="false" lb="HTTP Request" rc="Non HTTP response code: org.apache.http.conn.HttpHostConnectException" rm="Non HTTP response message: Connect to 192.168.237.128:7077 [/192.168.237.128] failed: Connection refused: connect" tn="Thread Group 1-83" dt="text" by="2717" sby="0" ng="100" na="100">
  <java.net.URL>http://192.168.237.128:7077/</java.net.URL>
</httpSample>
<httpSample t="994" it="0" lt="0" ct="994" ts="1561111319299" s="false" lb="HTTP Request" rc="Non HTTP response code: org.apache.http.conn.HttpHostConnectException" rm="Non HTTP response message: Connect to 192.168.237.128:7077 [/192.168.237.128] failed: Connection refused: connect" tn="Thread Group 1-78" dt="text" by="2717" sby="0" ng="100" na="100">
  <java.net.URL>http://192.168.237.128:7077/</java.net.URL>
</httpSample>
<httpSample t="1004" it="0" lt="0" ct="1003" ts="1561111319292" s="false" lb="HTTP Request" rc="Non HTTP response code: org.apache.http.conn.HttpHostConnectException" rm="Non HTTP response message: Connect to 192.168.237.128:7077 [/192.168.237.128] failed: Connection refused: connect" tn="Thread Group 1-82" dt="text" by="2717" sby="0" ng="100" na="100">
  <java.net.URL>http://192.168.237.128:7077/</java.net.URL>
</httpSample>
<httpSample t="997" it="0" lt="0" ct="997" ts="1561111319329" s="false" lb="HTTP Request" rc="Non HTTP response code: org.apache.http.conn.HttpHostConnectException" rm="Non HTTP response message: Connect to 192.168.237.128:7077 [/192.168.237.128] failed: Connection refused: connect" tn="Thread Group 1-88" dt="text" by="2717" sby="0" ng="100" na="100">
  <java.net.URL>http://192.168.237.128:7077/</java.net.URL>
</httpSample>
<httpSample t="1001" it="0" lt="0" ct="1001" ts="1561111319345" s="false" lb="HTTP Request" rc="Non HTTP response code: org.apache.http.conn.HttpHostConnectException" rm="Non HTTP response message: Connect to 192.168.237.128:7077 [/192.168.237.128] failed: Connection refused: connect" tn="Thread Group 1-84" dt="text" by="2717" sby="0" ng="100" na="100">
  <java.net.URL>http://192.168.237.128:7077/</java.net.URL>
</httpSample>
<httpSample t="1001" it="0" lt="0" ct="1001" ts="1561111319354" s="false" lb="HTTP Request" rc="Non HTTP response code: org.apache.http.conn.HttpHostConnectException" rm="Non HTTP response message: Connect to 192.168.237.128:7077 [/192.168.237.128] failed: Connection refused: connect" tn="Thread Group 1-91" dt="text" by="2717" sby="0" ng="100" na="100">
  <java.net.URL>http://192.168.237.128:7077/</java.net.URL>
</httpSample>
<httpSample t="1006" it="0" lt="0" ct="1006" ts="1561111319352" s="false" lb="HTTP Request" rc="Non HTTP response code: org.apache.http.conn.HttpHostConnectException" rm="Non HTTP response message: Connect to 192.168.237.128:7077 [/192.168.237.128] failed: Connection refused: connect" tn="Thread Group 1-87" dt="text" by="2717" sby="0" ng="100" na="100">
  <java.net.URL>http://192.168.237.128:7077/</java.net.URL>
</httpSample>
<httpSample t="1073" it="0" lt="0" ct="1073" ts="1561111319286" s="false" lb="HTTP Request" rc="Non HTTP response code: org.apache.http.conn.HttpHostConnectException" rm="Non HTTP response message: Connect to 192.168.237.128:7077 [/192.168.237.128] failed: Connection refused: connect" tn="Thread Group 1-69" dt="text" by="2717" sby="0" ng="100" na="100">
  <java.net.URL>http://192.168.237.128:7077/</java.net.URL>
</httpSample>
<httpSample t="1009" it="0" lt="0" ct="1009" ts="1561111319351" s="false" lb="HTTP Request" rc="Non HTTP response code: org.apache.http.conn.HttpHostConnectException" rm="Non HTTP response message: Connect to 192.168.237.128:7077 [/192.168.237.128] failed: Connection refused: connect" tn="Thread Group 1-79" dt="text" by="2717" sby="0" ng="100" na="100">
  <java.net.URL>http://192.168.237.128:7077/</java.net.URL>
</httpSample>
<httpSample t="1007" it="0" lt="0" ct="1007" ts="1561111319379" s="false" lb="HTTP Request" rc="Non HTTP response code: org.apache.http.conn.HttpHostConnectException" rm="Non HTTP response message: Connect to 192.168.237.128:7077 [/192.168.237.128] failed: Connection refused: connect" tn="Thread Group 1-85" dt="text" by="2717" sby="0" ng="100" na="100">
  <java.net.URL>http://192.168.237.128:7077/</java.net.URL>
</httpSample>
<httpSample t="1009" it="0" lt="0" ct="1009" ts="1561111319381" s="false" lb="HTTP Request" rc="Non HTTP response code: org.apache.http.conn.HttpHostConnectException" rm="Non HTTP response message: Connect to 192.168.237.128:7077 [/192.168.237.128] failed: Connection refused: connect" tn="Thread Group 1-86" dt="text" by="2717" sby="0" ng="100" na="100">
  <java.net.URL>http://192.168.237.128:7077/</java.net.URL>
</httpSample>
<httpSample t="1005" it="0" lt="0" ct="1005" ts="1561111319405" s="false" lb="HTTP Request" rc="Non HTTP response code: org.apache.http.conn.HttpHostConnectException" rm="Non HTTP response message: Connect to 192.168.237.128:7077 [/192.168.237.128] failed: Connection refused: connect" tn="Thread Group 1-94" dt="text" by="2717" sby="0" ng="100" na="100">
  <java.net.URL>http://192.168.237.128:7077/</java.net.URL>
</httpSample>
<httpSample t="1003" it="0" lt="0" ct="1003" ts="1561111319432" s="false" lb="HTTP Request" rc="Non HTTP response code: org.apache.http.conn.HttpHostConnectException" rm="Non HTTP response message: Connect to 192.168.237.128:7077 [/192.168.237.128] failed: Connection refused: connect" tn="Thread Group 1-95" dt="text" by="2717" sby="0" ng="100" na="100">
  <java.net.URL>http://192.168.237.128:7077/</java.net.URL>
</httpSample>
<httpSample t="998" it="0" lt="0" ct="998" ts="1561111319438" s="false" lb="HTTP Request" rc="Non HTTP response code: org.apache.http.conn.HttpHostConnectException" rm="Non HTTP response message: Connect to 192.168.237.128:7077 [/192.168.237.128] failed: Connection refused: connect" tn="Thread Group 1-89" dt="text" by="2717" sby="0" ng="100" na="100">
  <java.net.URL>http://192.168.237.128:7077/</java.net.URL>
</httpSample>
<httpSample t="1002" it="0" lt="0" ct="1002" ts="1561111319448" s="false" lb="HTTP Request" rc="Non HTTP response code: org.apache.http.conn.HttpHostConnectException" rm="Non HTTP response message: Connect to 192.168.237.128:7077 [/192.168.237.128] failed: Connection refused: connect" tn="Thread Group 1-92" dt="text" by="2717" sby="0" ng="100" na="100">
  <java.net.URL>http://192.168.237.128:7077/</java.net.URL>
</httpSample>
<httpSample t="1004" it="0" lt="0" ct="1004" ts="1561111319451" s="false" lb="HTTP Request" rc="Non HTTP response code: org.apache.http.conn.HttpHostConnectException" rm="Non HTTP response message: Connect to 192.168.237.128:7077 [/192.168.237.128] failed: Connection refused: connect" tn="Thread Group 1-90" dt="text" by="2717" sby="0" ng="100" na="100">
  <java.net.URL>http://192.168.237.128:7077/</java.net.URL>
</httpSample>
<httpSample t="1058" it="0" lt="0" ct="1058" ts="1561111319401" s="false" lb="HTTP Request" rc="Non HTTP response code: org.apache.http.conn.HttpHostConnectException" rm="Non HTTP response message: Connect to 192.168.237.128:7077 [/192.168.237.128] failed: Connection refused: connect" tn="Thread Group 1-93" dt="text" by="2717" sby="0" ng="100" na="100">
  <java.net.URL>http://192.168.237.128:7077/</java.net.URL>
</httpSample>
<httpSample t="1078" it="0" lt="0" ct="1078" ts="1561111319381" s="false" lb="HTTP Request" rc="Non HTTP response code: org.apache.http.conn.HttpHostConnectException" rm="Non HTTP response message: Connect to 192.168.237.128:7077 [/192.168.237.128] failed: Connection refused: connect" tn="Thread Group 1-81" dt="text" by="2717" sby="0" ng="100" na="100">
  <java.net.URL>http://192.168.237.128:7077/</java.net.URL>
</httpSample>
<httpSample t="1018" it="0" lt="0" ct="1018" ts="1561111319441" s="false" lb="HTTP Request" rc="Non HTTP response code: org.apache.http.conn.HttpHostConnectException" rm="Non HTTP response message: Connect to 192.168.237.128:7077 [/192.168.237.128] failed: Connection refused: connect" tn="Thread Group 1-96" dt="text" by="2717" sby="0" ng="100" na="100">
  <java.net.URL>http://192.168.237.128:7077/</java.net.URL>
</httpSample>
<httpSample t="1006" it="0" lt="0" ct="1006" ts="1561111319490" s="false" lb="HTTP Request" rc="Non HTTP response code: org.apache.http.conn.HttpHostConnectException" rm="Non HTTP response message: Connect to 192.168.237.128:7077 [/192.168.237.128] failed: Connection refused: connect" tn="Thread Group 1-4" dt="text" by="2717" sby="0" ng="100" na="100">
  <java.net.URL>http://192.168.237.128:7077/</java.net.URL>
</httpSample>
<httpSample t="1011" it="0" lt="0" ct="1011" ts="1561111319490" s="false" lb="HTTP Request" rc="Non HTTP response code: org.apache.http.conn.HttpHostConnectException" rm="Non HTTP response message: Connect to 192.168.237.128:7077 [/192.168.237.128] failed: Connection refused: connect" tn="Thread Group 1-97" dt="text" by="2717" sby="0" ng="100" na="100">
  <java.net.URL>http://192.168.237.128:7077/</java.net.URL>
</httpSample>
<httpSample t="1003" it="0" lt="0" ct="1003" ts="1561111319503" s="false" lb="HTTP Request" rc="Non HTTP response code: org.apache.http.conn.HttpHostConnectException" rm="Non HTTP response message: Connect to 192.168.237.128:7077 [/192.168.237.128] failed: Connection refused: connect" tn="Thread Group 1-99" dt="text" by="2717" sby="0" ng="100" na="100">
  <java.net.URL>http://192.168.237.128:7077/</java.net.URL>
</httpSample>
<httpSample t="998" it="0" lt="0" ct="998" ts="1561111319538" s="false" lb="HTTP Request" rc="Non HTTP response code: org.apache.http.conn.HttpHostConnectException" rm="Non HTTP response message: Connect to 192.168.237.128:7077 [/192.168.237.128] failed: Connection refused: connect" tn="Thread Group 1-5" dt="text" by="2717" sby="0" ng="100" na="100">
  <java.net.URL>http://192.168.237.128:7077/</java.net.URL>
</httpSample>
<httpSample t="1008" it="0" lt="0" ct="1008" ts="1561111319542" s="false" lb="HTTP Request" rc="Non HTTP response code: org.apache.http.conn.HttpHostConnectException" rm="Non HTTP response message: Connect to 192.168.237.128:7077 [/192.168.237.128] failed: Connection refused: connect" tn="Thread Group 1-7" dt="text" by="2717" sby="0" ng="100" na="100">
  <java.net.URL>http://192.168.237.128:7077/</java.net.URL>
</httpSample>
<httpSample t="1003" it="0" lt="0" ct="1003" ts="1561111319548" s="false" lb="HTTP Request" rc="Non HTTP response code: org.apache.http.conn.HttpHostConnectException" rm="Non HTTP response message: Connect to 192.168.237.128:7077 [/192.168.237.128] failed: Connection refused: connect" tn="Thread Group 1-3" dt="text" by="2717" sby="0" ng="100" na="100">
  <java.net.URL>http://192.168.237.128:7077/</java.net.URL>
</httpSample>
<httpSample t="1020" it="0" lt="0" ct="1020" ts="1561111319532" s="false" lb="HTTP Request" rc="Non HTTP response code: org.apache.http.conn.HttpHostConnectException" rm="Non HTTP response message: Connect to 192.168.237.128:7077 [/192.168.237.128] failed: Connection refused: connect" tn="Thread Group 1-2" dt="text" by="2717" sby="0" ng="100" na="100">
  <java.net.URL>http://192.168.237.128:7077/</java.net.URL>
</httpSample>
<httpSample t="1011" it="0" lt="0" ct="1011" ts="1561111319541" s="false" lb="HTTP Request" rc="Non HTTP response code: org.apache.http.conn.HttpHostConnectException" rm="Non HTTP response message: Connect to 192.168.237.128:7077 [/192.168.237.128] failed: Connection refused: connect" tn="Thread Group 1-10" dt="text" by="2717" sby="0" ng="100" na="100">
  <java.net.URL>http://192.168.237.128:7077/</java.net.URL>
</httpSample>
<httpSample t="1005" it="0" lt="0" ct="1005" ts="1561111319551" s="false" lb="HTTP Request" rc="Non HTTP response code: org.apache.http.conn.HttpHostConnectException" rm="Non HTTP response message: Connect to 192.168.237.128:7077 [/192.168.237.128] failed: Connection refused: connect" tn="Thread Group 1-6" dt="text" by="2717" sby="0" ng="100" na="100">
  <java.net.URL>http://192.168.237.128:7077/</java.net.URL>
</httpSample>
<httpSample t="1037" it="0" lt="0" ct="1037" ts="1561111319522" s="false" lb="HTTP Request" rc="Non HTTP response code: org.apache.http.conn.HttpHostConnectException" rm="Non HTTP response message: Connect to 192.168.237.128:7077 [/192.168.237.128] failed: Connection refused: connect" tn="Thread Group 1-1" dt="text" by="2717" sby="0" ng="100" na="100">
  <java.net.URL>http://192.168.237.128:7077/</java.net.URL>
</httpSample>
<httpSample t="1009" it="0" lt="0" ct="1009" ts="1561111319551" s="false" lb="HTTP Request" rc="Non HTTP response code: org.apache.http.conn.HttpHostConnectException" rm="Non HTTP response message: Connect to 192.168.237.128:7077 [/192.168.237.128] failed: Connection refused: connect" tn="Thread Group 1-98" dt="text" by="2717" sby="0" ng="100" na="100">
  <java.net.URL>http://192.168.237.128:7077/</java.net.URL>
</httpSample>
<httpSample t="1018" it="0" lt="0" ct="1018" ts="1561111319542" s="false" lb="HTTP Request" rc="Non HTTP response code: org.apache.http.conn.HttpHostConnectException" rm="Non HTTP response message: Connect to 192.168.237.128:7077 [/192.168.237.128] failed: Connection refused: connect" tn="Thread Group 1-100" dt="text" by="2717" sby="0" ng="100" na="100">
  <java.net.URL>http://192.168.237.128:7077/</java.net.URL>
</httpSample>
<httpSample t="1004" it="0" lt="0" ct="1004" ts="1561111319572" s="false" lb="HTTP Request" rc="Non HTTP response code: org.apache.http.conn.HttpHostConnectException" rm="Non HTTP response message: Connect to 192.168.237.128:7077 [/192.168.237.128] failed: Connection refused: connect" tn="Thread Group 1-12" dt="text" by="2717" sby="0" ng="100" na="100">
  <java.net.URL>http://192.168.237.128:7077/</java.net.URL>
</httpSample>
<httpSample t="1012" it="0" lt="0" ct="1012" ts="1561111319569" s="false" lb="HTTP Request" rc="Non HTTP response code: org.apache.http.conn.HttpHostConnectException" rm="Non HTTP response message: Connect to 192.168.237.128:7077 [/192.168.237.128] failed: Connection refused: connect" tn="Thread Group 1-14" dt="text" by="2717" sby="0" ng="100" na="100">
  <java.net.URL>http://192.168.237.128:7077/</java.net.URL>
</httpSample>
<httpSample t="1004" it="0" lt="0" ct="1003" ts="1561111319612" s="false" lb="HTTP Request" rc="Non HTTP response code: org.apache.http.conn.HttpHostConnectException" rm="Non HTTP response message: Connect to 192.168.237.128:7077 [/192.168.237.128] failed: Connection refused: connect" tn="Thread Group 1-13" dt="text" by="2717" sby="0" ng="100" na="100">
  <java.net.URL>http://192.168.237.128:7077/</java.net.URL>
</httpSample>
<httpSample t="1008" it="0" lt="0" ct="1008" ts="1561111319612" s="false" lb="HTTP Request" rc="Non HTTP response code: org.apache.http.conn.HttpHostConnectException" rm="Non HTTP response message: Connect to 192.168.237.128:7077 [/192.168.237.128] failed: Connection refused: connect" tn="Thread Group 1-8" dt="text" by="2717" sby="0" ng="100" na="100">
  <java.net.URL>http://192.168.237.128:7077/</java.net.URL>
</httpSample>
<httpSample t="1007" it="0" lt="0" ct="1007" ts="1561111319633" s="false" lb="HTTP Request" rc="Non HTTP response code: org.apache.http.conn.HttpHostConnectException" rm="Non HTTP response message: Connect to 192.168.237.128:7077 [/192.168.237.128] failed: Connection refused: connect" tn="Thread Group 1-11" dt="text" by="2717" sby="0" ng="100" na="100">
  <java.net.URL>http://192.168.237.128:7077/</java.net.URL>
</httpSample>
<httpSample t="1003" it="0" lt="0" ct="1003" ts="1561111319649" s="false" lb="HTTP Request" rc="Non HTTP response code: org.apache.http.conn.HttpHostConnectException" rm="Non HTTP response message: Connect to 192.168.237.128:7077 [/192.168.237.128] failed: Connection refused: connect" tn="Thread Group 1-18" dt="text" by="2717" sby="0" ng="100" na="100">
  <java.net.URL>http://192.168.237.128:7077/</java.net.URL>
</httpSample>
<httpSample t="1015" it="0" lt="0" ct="1015" ts="1561111319643" s="false" lb="HTTP Request" rc="Non HTTP response code: org.apache.http.conn.HttpHostConnectException" rm="Non HTTP response message: Connect to 192.168.237.128:7077 [/192.168.237.128] failed: Connection refused: connect" tn="Thread Group 1-19" dt="text" by="2717" sby="0" ng="100" na="100">
  <java.net.URL>http://192.168.237.128:7077/</java.net.URL>
</httpSample>
<httpSample t="1037" it="0" lt="0" ct="1037" ts="1561111319622" s="false" lb="HTTP Request" rc="Non HTTP response code: org.apache.http.conn.HttpHostConnectException" rm="Non HTTP response message: Connect to 192.168.237.128:7077 [/192.168.237.128] failed: Connection refused: connect" tn="Thread Group 1-17" dt="text" by="2717" sby="0" ng="100" na="100">
  <java.net.URL>http://192.168.237.128:7077/</java.net.URL>
</httpSample>
<httpSample t="1007" it="0" lt="0" ct="1007" ts="1561111319652" s="false" lb="HTTP Request" rc="Non HTTP response code: org.apache.http.conn.HttpHostConnectException" rm="Non HTTP response message: Connect to 192.168.237.128:7077 [/192.168.237.128] failed: Connection refused: connect" tn="Thread Group 1-9" dt="text" by="2717" sby="0" ng="100" na="100">
  <java.net.URL>http://192.168.237.128:7077/</java.net.URL>
</httpSample>
<httpSample t="1009" it="0" lt="0" ct="1009" ts="1561111319652" s="false" lb="HTTP Request" rc="Non HTTP response code: org.apache.http.conn.HttpHostConnectException" rm="Non HTTP response message: Connect to 192.168.237.128:7077 [/192.168.237.128] failed: Connection refused: connect" tn="Thread Group 1-16" dt="text" by="2717" sby="0" ng="100" na="100">
  <java.net.URL>http://192.168.237.128:7077/</java.net.URL>
</httpSample>
<httpSample t="1017" it="0" lt="0" ct="1017" ts="1561111319649" s="false" lb="HTTP Request" rc="Non HTTP response code: org.apache.http.conn.HttpHostConnectException" rm="Non HTTP response message: Connect to 192.168.237.128:7077 [/192.168.237.128] failed: Connection refused: connect" tn="Thread Group 1-15" dt="text" by="2717" sby="0" ng="100" na="100">
  <java.net.URL>http://192.168.237.128:7077/</java.net.URL>
</httpSample>
<httpSample t="1005" it="0" lt="0" ct="1005" ts="1561111319662" s="false" lb="HTTP Request" rc="Non HTTP response code: org.apache.http.conn.HttpHostConnectException" rm="Non HTTP response message: Connect to 192.168.237.128:7077 [/192.168.237.128] failed: Connection refused: connect" tn="Thread Group 1-20" dt="text" by="2717" sby="0" ng="100" na="100">
  <java.net.URL>http://192.168.237.128:7077/</java.net.URL>
</httpSample>
<httpSample t="999" it="0" lt="0" ct="999" ts="1561111319673" s="false" lb="HTTP Request" rc="Non HTTP response code: org.apache.http.conn.HttpHostConnectException" rm="Non HTTP response message: Connect to 192.168.237.128:7077 [/192.168.237.128] failed: Connection refused: connect" tn="Thread Group 1-23" dt="text" by="2717" sby="0" ng="100" na="100">
  <java.net.URL>http://192.168.237.128:7077/</java.net.URL>
</httpSample>
<httpSample t="998" it="0" lt="0" ct="998" ts="1561111319678" s="false" lb="HTTP Request" rc="Non HTTP response code: org.apache.http.conn.HttpHostConnectException" rm="Non HTTP response message: Connect to 192.168.237.128:7077 [/192.168.237.128] failed: Connection refused: connect" tn="Thread Group 1-22" dt="text" by="2717" sby="0" ng="100" na="100">
  <java.net.URL>http://192.168.237.128:7077/</java.net.URL>
</httpSample>
<httpSample t="1001" it="0" lt="0" ct="1001" ts="1561111319681" s="false" lb="HTTP Request" rc="Non HTTP response code: org.apache.http.conn.HttpHostConnectException" rm="Non HTTP response message: Connect to 192.168.237.128:7077 [/192.168.237.128] failed: Connection refused: connect" tn="Thread Group 1-24" dt="text" by="2717" sby="0" ng="100" na="100">
  <java.net.URL>http://192.168.237.128:7077/</java.net.URL>
</httpSample>
<httpSample t="1009" it="0" lt="0" ct="1008" ts="1561111319702" s="false" lb="HTTP Request" rc="Non HTTP response code: org.apache.http.conn.HttpHostConnectException" rm="Non HTTP response message: Connect to 192.168.237.128:7077 [/192.168.237.128] failed: Connection refused: connect" tn="Thread Group 1-25" dt="text" by="2717" sby="0" ng="100" na="100">
  <java.net.URL>http://192.168.237.128:7077/</java.net.URL>
</httpSample>
<httpSample t="1000" it="0" lt="0" ct="1000" ts="1561111319742" s="false" lb="HTTP Request" rc="Non HTTP response code: org.apache.http.conn.HttpHostConnectException" rm="Non HTTP response message: Connect to 192.168.237.128:7077 [/192.168.237.128] failed: Connection refused: connect" tn="Thread Group 1-28" dt="text" by="2717" sby="0" ng="100" na="100">
  <java.net.URL>http://192.168.237.128:7077/</java.net.URL>
</httpSample>
<httpSample t="1004" it="0" lt="0" ct="1004" ts="1561111319742" s="false" lb="HTTP Request" rc="Non HTTP response code: org.apache.http.conn.HttpHostConnectException" rm="Non HTTP response message: Connect to 192.168.237.128:7077 [/192.168.237.128] failed: Connection refused: connect" tn="Thread Group 1-21" dt="text" by="2717" sby="0" ng="100" na="100">
  <java.net.URL>http://192.168.237.128:7077/</java.net.URL>
</httpSample>
<httpSample t="1052" it="0" lt="0" ct="1052" ts="1561111319702" s="false" lb="HTTP Request" rc="Non HTTP response code: org.apache.http.conn.HttpHostConnectException" rm="Non HTTP response message: Connect to 192.168.237.128:7077 [/192.168.237.128] failed: Connection refused: connect" tn="Thread Group 1-26" dt="text" by="2717" sby="0" ng="100" na="100">
  <java.net.URL>http://192.168.237.128:7077/</java.net.URL>
</httpSample>
<httpSample t="1009" it="0" lt="0" ct="1009" ts="1561111319745" s="false" lb="HTTP Request" rc="Non HTTP response code: org.apache.http.conn.HttpHostConnectException" rm="Non HTTP response message: Connect to 192.168.237.128:7077 [/192.168.237.128] failed: Connection refused: connect" tn="Thread Group 1-31" dt="text" by="2717" sby="0" ng="100" na="100">
  <java.net.URL>http://192.168.237.128:7077/</java.net.URL>
</httpSample>
<httpSample t="1006" it="0" lt="0" ct="1006" ts="1561111319765" s="false" lb="HTTP Request" rc="Non HTTP response code: org.apache.http.conn.HttpHostConnectException" rm="Non HTTP response message: Connect to 192.168.237.128:7077 [/192.168.237.128] failed: Connection refused: connect" tn="Thread Group 1-32" dt="text" by="2717" sby="0" ng="100" na="100">
  <java.net.URL>http://192.168.237.128:7077/</java.net.URL>
</httpSample>
<httpSample t="998" it="0" lt="0" ct="998" ts="1561111319785" s="false" lb="HTTP Request" rc="Non HTTP response code: org.apache.http.conn.HttpHostConnectException" rm="Non HTTP response message: Connect to 192.168.237.128:7077 [/192.168.237.128] failed: Connection refused: connect" tn="Thread Group 1-33" dt="text" by="2717" sby="0" ng="100" na="100">
  <java.net.URL>http://192.168.237.128:7077/</java.net.URL>
</httpSample>
<httpSample t="1000" it="0" lt="0" ct="1000" ts="1561111319796" s="false" lb="HTTP Request" rc="Non HTTP response code: org.apache.http.conn.HttpHostConnectException" rm="Non HTTP response message: Connect to 192.168.237.128:7077 [/192.168.237.128] failed: Connection refused: connect" tn="Thread Group 1-27" dt="text" by="2717" sby="0" ng="100" na="100">
  <java.net.URL>http://192.168.237.128:7077/</java.net.URL>
</httpSample>
<httpSample t="1007" it="0" lt="0" ct="1007" ts="1561111319839" s="false" lb="HTTP Request" rc="Non HTTP response code: org.apache.http.conn.HttpHostConnectException" rm="Non HTTP response message: Connect to 192.168.237.128:7077 [/192.168.237.128] failed: Connection refused: connect" tn="Thread Group 1-29" dt="text" by="2717" sby="0" ng="100" na="100">
  <java.net.URL>http://192.168.237.128:7077/</java.net.URL>
</httpSample>
<httpSample t="996" it="0" lt="0" ct="996" ts="1561111319857" s="false" lb="HTTP Request" rc="Non HTTP response code: org.apache.http.conn.HttpHostConnectException" rm="Non HTTP response message: Connect to 192.168.237.128:7077 [/192.168.237.128] failed: Connection refused: connect" tn="Thread Group 1-37" dt="text" by="2717" sby="0" ng="100" na="100">
  <java.net.URL>http://192.168.237.128:7077/</java.net.URL>
</httpSample>
<httpSample t="999" it="0" lt="0" ct="999" ts="1561111319857" s="false" lb="HTTP Request" rc="Non HTTP response code: org.apache.http.conn.HttpHostConnectException" rm="Non HTTP response message: Connect to 192.168.237.128:7077 [/192.168.237.128] failed: Connection refused: connect" tn="Thread Group 1-30" dt="text" by="2717" sby="0" ng="100" na="100">
  <java.net.URL>http://192.168.237.128:7077/</java.net.URL>
</httpSample>
<httpSample t="998" it="0" lt="0" ct="998" ts="1561111319878" s="false" lb="HTTP Request" rc="Non HTTP response code: org.apache.http.conn.HttpHostConnectException" rm="Non HTTP response message: Connect to 192.168.237.128:7077 [/192.168.237.128] failed: Connection refused: connect" tn="Thread Group 1-40" dt="text" by="2717" sby="0" ng="100" na="100">
  <java.net.URL>http://192.168.237.128:7077/</java.net.URL>
</httpSample>
<httpSample t="1005" it="0" lt="0" ct="1005" ts="1561111319874" s="false" lb="HTTP Request" rc="Non HTTP response code: org.apache.http.conn.HttpHostConnectException" rm="Non HTTP response message: Connect to 192.168.237.128:7077 [/192.168.237.128] failed: Connection refused: connect" tn="Thread Group 1-42" dt="text" by="2717" sby="0" ng="100" na="100">
  <java.net.URL>http://192.168.237.128:7077/</java.net.URL>
</httpSample>
<httpSample t="996" it="0" lt="0" ct="995" ts="1561111319888" s="false" lb="HTTP Request" rc="Non HTTP response code: org.apache.http.conn.HttpHostConnectException" rm="Non HTTP response message: Connect to 192.168.237.128:7077 [/192.168.237.128] failed: Connection refused: connect" tn="Thread Group 1-43" dt="text" by="2717" sby="0" ng="100" na="100">
  <java.net.URL>http://192.168.237.128:7077/</java.net.URL>
</httpSample>
<httpSample t="1051" it="0" lt="0" ct="1051" ts="1561111319839" s="false" lb="HTTP Request" rc="Non HTTP response code: org.apache.http.conn.HttpHostConnectException" rm="Non HTTP response message: Connect to 192.168.237.128:7077 [/192.168.237.128] failed: Connection refused: connect" tn="Thread Group 1-39" dt="text" by="2717" sby="0" ng="100" na="100">
  <java.net.URL>http://192.168.237.128:7077/</java.net.URL>
</httpSample>
<httpSample t="1096" it="0" lt="0" ct="1096" ts="1561111319796" s="false" lb="HTTP Request" rc="Non HTTP response code: org.apache.http.conn.HttpHostConnectException" rm="Non HTTP response message: Connect to 192.168.237.128:7077 [/192.168.237.128] failed: Connection refused: connect" tn="Thread Group 1-34" dt="text" by="2717" sby="0" ng="100" na="100">
  <java.net.URL>http://192.168.237.128:7077/</java.net.URL>
</httpSample>
<httpSample t="1006" it="0" lt="0" ct="1006" ts="1561111319885" s="false" lb="HTTP Request" rc="Non HTTP response code: org.apache.http.conn.HttpHostConnectException" rm="Non HTTP response message: Connect to 192.168.237.128:7077 [/192.168.237.128] failed: Connection refused: connect" tn="Thread Group 1-38" dt="text" by="2717" sby="0" ng="100" na="100">
  <java.net.URL>http://192.168.237.128:7077/</java.net.URL>
</httpSample>
<httpSample t="1000" it="0" lt="0" ct="1000" ts="1561111319894" s="false" lb="HTTP Request" rc="Non HTTP response code: org.apache.http.conn.HttpHostConnectException" rm="Non HTTP response message: Connect to 192.168.237.128:7077 [/192.168.237.128] failed: Connection refused: connect" tn="Thread Group 1-44" dt="text" by="2717" sby="0" ng="100" na="100">
  <java.net.URL>http://192.168.237.128:7077/</java.net.URL>
</httpSample>
<httpSample t="996" it="0" lt="0" ct="996" ts="1561111319948" s="false" lb="HTTP Request" rc="Non HTTP response code: org.apache.http.conn.HttpHostConnectException" rm="Non HTTP response message: Connect to 192.168.237.128:7077 [/192.168.237.128] failed: Connection refused: connect" tn="Thread Group 1-45" dt="text" by="2717" sby="0" ng="100" na="100">
  <java.net.URL>http://192.168.237.128:7077/</java.net.URL>
</httpSample>
<httpSample t="996" it="0" lt="0" ct="996" ts="1561111319958" s="false" lb="HTTP Request" rc="Non HTTP response code: org.apache.http.conn.HttpHostConnectException" rm="Non HTTP response message: Connect to 192.168.237.128:7077 [/192.168.237.128] failed: Connection refused: connect" tn="Thread Group 1-36" dt="text" by="2717" sby="0" ng="100" na="100">
  <java.net.URL>http://192.168.237.128:7077/</java.net.URL>
</httpSample>
<httpSample t="999" it="0" lt="0" ct="999" ts="1561111319957" s="false" lb="HTTP Request" rc="Non HTTP response code: org.apache.http.conn.HttpHostConnectException" rm="Non HTTP response message: Connect to 192.168.237.128:7077 [/192.168.237.128] failed: Connection refused: connect" tn="Thread Group 1-49" dt="text" by="2717" sby="0" ng="100" na="100">
  <java.net.URL>http://192.168.237.128:7077/</java.net.URL>
</httpSample>
<httpSample t="1001" it="0" lt="0" ct="1001" ts="1561111319964" s="false" lb="HTTP Request" rc="Non HTTP response code: org.apache.http.conn.HttpHostConnectException" rm="Non HTTP response message: Connect to 192.168.237.128:7077 [/192.168.237.128] failed: Connection refused: connect" tn="Thread Group 1-35" dt="text" by="2717" sby="0" ng="100" na="100">
  <java.net.URL>http://192.168.237.128:7077/</java.net.URL>
</httpSample>
<httpSample t="1007" it="0" lt="0" ct="1007" ts="1561111319959" s="false" lb="HTTP Request" rc="Non HTTP response code: org.apache.http.conn.HttpHostConnectException" rm="Non HTTP response message: Connect to 192.168.237.128:7077 [/192.168.237.128] failed: Connection refused: connect" tn="Thread Group 1-41" dt="text" by="2717" sby="0" ng="100" na="100">
  <java.net.URL>http://192.168.237.128:7077/</java.net.URL>
</httpSample>
<httpSample t="1002" it="0" lt="0" ct="1002" ts="1561111319989" s="false" lb="HTTP Request" rc="Non HTTP response code: org.apache.http.conn.HttpHostConnectException" rm="Non HTTP response message: Connect to 192.168.237.128:7077 [/192.168.237.128] failed: Connection refused: connect" tn="Thread Group 1-53" dt="text" by="2717" sby="0" ng="100" na="100">
  <java.net.URL>http://192.168.237.128:7077/</java.net.URL>
</httpSample>
<httpSample t="1053" it="0" lt="0" ct="1053" ts="1561111319939" s="false" lb="HTTP Request" rc="Non HTTP response code: org.apache.http.conn.HttpHostConnectException" rm="Non HTTP response message: Connect to 192.168.237.128:7077 [/192.168.237.128] failed: Connection refused: connect" tn="Thread Group 1-47" dt="text" by="2717" sby="0" ng="100" na="100">
  <java.net.URL>http://192.168.237.128:7077/</java.net.URL>
</httpSample>
<httpSample t="1003" it="0" lt="0" ct="1003" ts="1561111320005" s="false" lb="HTTP Request" rc="Non HTTP response code: org.apache.http.conn.HttpHostConnectException" rm="Non HTTP response message: Connect to 192.168.237.128:7077 [/192.168.237.128] failed: Connection refused: connect" tn="Thread Group 1-46" dt="text" by="2717" sby="0" ng="100" na="100">
  <java.net.URL>http://192.168.237.128:7077/</java.net.URL>
</httpSample>
<httpSample t="1009" it="0" lt="0" ct="1009" ts="1561111320008" s="false" lb="HTTP Request" rc="Non HTTP response code: org.apache.http.conn.HttpHostConnectException" rm="Non HTTP response message: Connect to 192.168.237.128:7077 [/192.168.237.128] failed: Connection refused: connect" tn="Thread Group 1-48" dt="text" by="2717" sby="0" ng="100" na="100">
  <java.net.URL>http://192.168.237.128:7077/</java.net.URL>
</httpSample>
<httpSample t="1000" it="0" lt="0" ct="1000" ts="1561111320024" s="false" lb="HTTP Request" rc="Non HTTP response code: org.apache.http.conn.HttpHostConnectException" rm="Non HTTP response message: Connect to 192.168.237.128:7077 [/192.168.237.128] failed: Connection refused: connect" tn="Thread Group 1-58" dt="text" by="2717" sby="0" ng="100" na="100">
  <java.net.URL>http://192.168.237.128:7077/</java.net.URL>
</httpSample>
<httpSample t="1003" it="0" lt="0" ct="1003" ts="1561111320028" s="false" lb="HTTP Request" rc="Non HTTP response code: org.apache.http.conn.HttpHostConnectException" rm="Non HTTP response message: Connect to 192.168.237.128:7077 [/192.168.237.128] failed: Connection refused: connect" tn="Thread Group 1-56" dt="text" by="2717" sby="0" ng="100" na="100">
  <java.net.URL>http://192.168.237.128:7077/</java.net.URL>
</httpSample>
<httpSample t="1019" it="0" lt="0" ct="1019" ts="1561111320022" s="false" lb="HTTP Request" rc="Non HTTP response code: org.apache.http.conn.HttpHostConnectException" rm="Non HTTP response message: Connect to 192.168.237.128:7077 [/192.168.237.128] failed: Connection refused: connect" tn="Thread Group 1-55" dt="text" by="2717" sby="0" ng="100" na="100">
  <java.net.URL>http://192.168.237.128:7077/</java.net.URL>
</httpSample>
<httpSample t="1002" it="0" lt="0" ct="1002" ts="1561111320042" s="false" lb="HTTP Request" rc="Non HTTP response code: org.apache.http.conn.HttpHostConnectException" rm="Non HTTP response message: Connect to 192.168.237.128:7077 [/192.168.237.128] failed: Connection refused: connect" tn="Thread Group 1-60" dt="text" by="2717" sby="0" ng="100" na="100">
  <java.net.URL>http://192.168.237.128:7077/</java.net.URL>
</httpSample>
<httpSample t="996" it="0" lt="0" ct="996" ts="1561111320058" s="false" lb="HTTP Request" rc="Non HTTP response code: org.apache.http.conn.HttpHostConnectException" rm="Non HTTP response message: Connect to 192.168.237.128:7077 [/192.168.237.128] failed: Connection refused: connect" tn="Thread Group 1-51" dt="text" by="2717" sby="0" ng="100" na="100">
  <java.net.URL>http://192.168.237.128:7077/</java.net.URL>
</httpSample>
<httpSample t="999" it="0" lt="0" ct="999" ts="1561111320057" s="false" lb="HTTP Request" rc="Non HTTP response code: org.apache.http.conn.HttpHostConnectException" rm="Non HTTP response message: Connect to 192.168.237.128:7077 [/192.168.237.128] failed: Connection refused: connect" tn="Thread Group 1-59" dt="text" by="2717" sby="0" ng="100" na="100">
  <java.net.URL>http://192.168.237.128:7077/</java.net.URL>
</httpSample>
<httpSample t="1005" it="0" lt="0" ct="1005" ts="1561111320061" s="false" lb="HTTP Request" rc="Non HTTP response code: org.apache.http.conn.HttpHostConnectException" rm="Non HTTP response message: Connect to 192.168.237.128:7077 [/192.168.237.128] failed: Connection refused: connect" tn="Thread Group 1-52" dt="text" by="2717" sby="0" ng="100" na="100">
  <java.net.URL>http://192.168.237.128:7077/</java.net.URL>
</httpSample>
<httpSample t="1009" it="0" lt="0" ct="1009" ts="1561111320057" s="false" lb="HTTP Request" rc="Non HTTP response code: org.apache.http.conn.HttpHostConnectException" rm="Non HTTP response message: Connect to 192.168.237.128:7077 [/192.168.237.128] failed: Connection refused: connect" tn="Thread Group 1-50" dt="text" by="2717" sby="0" ng="100" na="100">
  <java.net.URL>http://192.168.237.128:7077/</java.net.URL>
</httpSample>
<httpSample t="1008" it="0" lt="0" ct="1008" ts="1561111320079" s="false" lb="HTTP Request" rc="Non HTTP response code: org.apache.http.conn.HttpHostConnectException" rm="Non HTTP response message: Connect to 192.168.237.128:7077 [/192.168.237.128] failed: Connection refused: connect" tn="Thread Group 1-54" dt="text" by="2717" sby="0" ng="100" na="100">
  <java.net.URL>http://192.168.237.128:7077/</java.net.URL>
</httpSample>
<httpSample t="1002" it="0" lt="0" ct="1002" ts="1561111320094" s="false" lb="HTTP Request" rc="Non HTTP response code: org.apache.http.conn.HttpHostConnectException" rm="Non HTTP response message: Connect to 192.168.237.128:7077 [/192.168.237.128] failed: Connection refused: connect" tn="Thread Group 1-63" dt="text" by="2717" sby="0" ng="100" na="100">
  <java.net.URL>http://192.168.237.128:7077/</java.net.URL>
</httpSample>
<httpSample t="1006" it="0" lt="0" ct="1006" ts="1561111320131" s="false" lb="HTTP Request" rc="Non HTTP response code: org.apache.http.conn.HttpHostConnectException" rm="Non HTTP response message: Connect to 192.168.237.128:7077 [/192.168.237.128] failed: Connection refused: connect" tn="Thread Group 1-67" dt="text" by="2717" sby="0" ng="100" na="100">
  <java.net.URL>http://192.168.237.128:7077/</java.net.URL>
</httpSample>
<httpSample t="1003" it="0" lt="0" ct="1003" ts="1561111320146" s="false" lb="HTTP Request" rc="Non HTTP response code: org.apache.http.conn.HttpHostConnectException" rm="Non HTTP response message: Connect to 192.168.237.128:7077 [/192.168.237.128] failed: Connection refused: connect" tn="Thread Group 1-64" dt="text" by="2717" sby="0" ng="100" na="100">
  <java.net.URL>http://192.168.237.128:7077/</java.net.URL>
</httpSample>
<httpSample t="1000" it="0" lt="0" ct="1000" ts="1561111320156" s="false" lb="HTTP Request" rc="Non HTTP response code: org.apache.http.conn.HttpHostConnectException" rm="Non HTTP response message: Connect to 192.168.237.128:7077 [/192.168.237.128] failed: Connection refused: connect" tn="Thread Group 1-61" dt="text" by="2717" sby="0" ng="100" na="100">
  <java.net.URL>http://192.168.237.128:7077/</java.net.URL>
</httpSample>
<httpSample t="1006" it="0" lt="0" ct="1006" ts="1561111320151" s="false" lb="HTTP Request" rc="Non HTTP response code: org.apache.http.conn.HttpHostConnectException" rm="Non HTTP response message: Connect to 192.168.237.128:7077 [/192.168.237.128] failed: Connection refused: connect" tn="Thread Group 1-68" dt="text" by="2717" sby="0" ng="100" na="100">
  <java.net.URL>http://192.168.237.128:7077/</java.net.URL>
</httpSample>
<httpSample t="1002" it="0" lt="0" ct="1002" ts="1561111320157" s="false" lb="HTTP Request" rc="Non HTTP response code: org.apache.http.conn.HttpHostConnectException" rm="Non HTTP response message: Connect to 192.168.237.128:7077 [/192.168.237.128] failed: Connection refused: connect" tn="Thread Group 1-66" dt="text" by="2717" sby="0" ng="100" na="100">
  <java.net.URL>http://192.168.237.128:7077/</java.net.URL>
</httpSample>
<httpSample t="1020" it="0" lt="0" ct="1020" ts="1561111320141" s="false" lb="HTTP Request" rc="Non HTTP response code: org.apache.http.conn.HttpHostConnectException" rm="Non HTTP response message: Connect to 192.168.237.128:7077 [/192.168.237.128] failed: Connection refused: connect" tn="Thread Group 1-62" dt="text" by="2717" sby="0" ng="100" na="100">
  <java.net.URL>http://192.168.237.128:7077/</java.net.URL>
</httpSample>
<httpSample t="1104" it="0" lt="0" ct="1104" ts="1561111320057" s="false" lb="HTTP Request" rc="Non HTTP response code: org.apache.http.conn.HttpHostConnectException" rm="Non HTTP response message: Connect to 192.168.237.128:7077 [/192.168.237.128] failed: Connection refused: connect" tn="Thread Group 1-57" dt="text" by="2717" sby="0" ng="100" na="100">
  <java.net.URL>http://192.168.237.128:7077/</java.net.URL>
</httpSample>
<httpSample t="1008" it="0" lt="0" ct="1008" ts="1561111320162" s="false" lb="HTTP Request" rc="Non HTTP response code: org.apache.http.conn.HttpHostConnectException" rm="Non HTTP response message: Connect to 192.168.237.128:7077 [/192.168.237.128] failed: Connection refused: connect" tn="Thread Group 1-71" dt="text" by="2717" sby="0" ng="100" na="100">
  <java.net.URL>http://192.168.237.128:7077/</java.net.URL>
</httpSample>
<httpSample t="1006" it="0" lt="0" ct="1005" ts="1561111320181" s="false" lb="HTTP Request" rc="Non HTTP response code: org.apache.http.conn.HttpHostConnectException" rm="Non HTTP response message: Connect to 192.168.237.128:7077 [/192.168.237.128] failed: Connection refused: connect" tn="Thread Group 1-72" dt="text" by="2717" sby="0" ng="100" na="100">
  <java.net.URL>http://192.168.237.128:7077/</java.net.URL>
</httpSample>
<httpSample t="1005" it="0" lt="0" ct="1005" ts="1561111320181" s="false" lb="HTTP Request" rc="Non HTTP response code: org.apache.http.conn.HttpHostConnectException" rm="Non HTTP response message: Connect to 192.168.237.128:7077 [/192.168.237.128] failed: Connection refused: connect" tn="Thread Group 1-73" dt="text" by="2717" sby="0" ng="100" na="100">
  <java.net.URL>http://192.168.237.128:7077/</java.net.URL>
</httpSample>
<httpSample t="1008" it="0" lt="0" ct="1008" ts="1561111320242" s="false" lb="HTTP Request" rc="Non HTTP response code: org.apache.http.conn.HttpHostConnectException" rm="Non HTTP response message: Connect to 192.168.237.128:7077 [/192.168.237.128] failed: Connection refused: connect" tn="Thread Group 1-77" dt="text" by="2717" sby="0" ng="100" na="100">
  <java.net.URL>http://192.168.237.128:7077/</java.net.URL>
</httpSample>
<httpSample t="999" it="0" lt="0" ct="999" ts="1561111320257" s="false" lb="HTTP Request" rc="Non HTTP response code: org.apache.http.conn.HttpHostConnectException" rm="Non HTTP response message: Connect to 192.168.237.128:7077 [/192.168.237.128] failed: Connection refused: connect" tn="Thread Group 1-75" dt="text" by="2717" sby="0" ng="100" na="100">
  <java.net.URL>http://192.168.237.128:7077/</java.net.URL>
</httpSample>
<httpSample t="1003" it="0" lt="0" ct="1003" ts="1561111320257" s="false" lb="HTTP Request" rc="Non HTTP response code: org.apache.http.conn.HttpHostConnectException" rm="Non HTTP response message: Connect to 192.168.237.128:7077 [/192.168.237.128] failed: Connection refused: connect" tn="Thread Group 1-76" dt="text" by="2717" sby="0" ng="100" na="100">
  <java.net.URL>http://192.168.237.128:7077/</java.net.URL>
</httpSample>
<httpSample t="1085" it="0" lt="0" ct="1085" ts="1561111320177" s="false" lb="HTTP Request" rc="Non HTTP response code: org.apache.http.conn.HttpHostConnectException" rm="Non HTTP response message: Connect to 192.168.237.128:7077 [/192.168.237.128] failed: Connection refused: connect" tn="Thread Group 1-70" dt="text" by="2717" sby="0" ng="100" na="100">
  <java.net.URL>http://192.168.237.128:7077/</java.net.URL>
</httpSample>
<httpSample t="1105" it="0" lt="0" ct="1105" ts="1561111320157" s="false" lb="HTTP Request" rc="Non HTTP response code: org.apache.http.conn.HttpHostConnectException" rm="Non HTTP response message: Connect to 192.168.237.128:7077 [/192.168.237.128] failed: Connection refused: connect" tn="Thread Group 1-65" dt="text" by="2717" sby="0" ng="100" na="100">
  <java.net.URL>http://192.168.237.128:7077/</java.net.URL>
</httpSample>
<httpSample t="1007" it="0" lt="0" ct="1007" ts="1561111320274" s="false" lb="HTTP Request" rc="Non HTTP response code: org.apache.http.conn.HttpHostConnectException" rm="Non HTTP response message: Connect to 192.168.237.128:7077 [/192.168.237.128] failed: Connection refused: connect" tn="Thread Group 1-80" dt="text" by="2717" sby="0" ng="100" na="100">
  <java.net.URL>http://192.168.237.128:7077/</java.net.URL>
</httpSample>
<httpSample t="1005" it="0" lt="0" ct="1005" ts="1561111320276" s="false" lb="HTTP Request" rc="Non HTTP response code: org.apache.http.conn.HttpHostConnectException" rm="Non HTTP response message: Connect to 192.168.237.128:7077 [/192.168.237.128] failed: Connection refused: connect" tn="Thread Group 1-74" dt="text" by="2717" sby="0" ng="100" na="100">
  <java.net.URL>http://192.168.237.128:7077/</java.net.URL>
</httpSample>
<httpSample t="1010" it="0" lt="0" ct="1010" ts="1561111320281" s="false" lb="HTTP Request" rc="Non HTTP response code: org.apache.http.conn.HttpHostConnectException" rm="Non HTTP response message: Connect to 192.168.237.128:7077 [/192.168.237.128] failed: Connection refused: connect" tn="Thread Group 1-83" dt="text" by="2717" sby="0" ng="100" na="100">
  <java.net.URL>http://192.168.237.128:7077/</java.net.URL>
</httpSample>
<httpSample t="998" it="0" lt="0" ct="998" ts="1561111320296" s="false" lb="HTTP Request" rc="Non HTTP response code: org.apache.http.conn.HttpHostConnectException" rm="Non HTTP response message: Connect to 192.168.237.128:7077 [/192.168.237.128] failed: Connection refused: connect" tn="Thread Group 1-82" dt="text" by="2717" sby="0" ng="100" na="100">
  <java.net.URL>http://192.168.237.128:7077/</java.net.URL>
</httpSample>
<httpSample t="1001" it="0" lt="0" ct="1001" ts="1561111320294" s="false" lb="HTTP Request" rc="Non HTTP response code: org.apache.http.conn.HttpHostConnectException" rm="Non HTTP response message: Connect to 192.168.237.128:7077 [/192.168.237.128] failed: Connection refused: connect" tn="Thread Group 1-78" dt="text" by="2717" sby="0" ng="100" na="100">
  <java.net.URL>http://192.168.237.128:7077/</java.net.URL>
</httpSample>
<httpSample t="1003" it="0" lt="0" ct="1003" ts="1561111320347" s="false" lb="HTTP Request" rc="Non HTTP response code: org.apache.http.conn.HttpHostConnectException" rm="Non HTTP response message: Connect to 192.168.237.128:7077 [/192.168.237.128] failed: Connection refused: connect" tn="Thread Group 1-84" dt="text" by="2717" sby="0" ng="100" na="100">
  <java.net.URL>http://192.168.237.128:7077/</java.net.URL>
</httpSample>
<httpSample t="994" it="0" lt="0" ct="994" ts="1561111320359" s="false" lb="HTTP Request" rc="Non HTTP response code: org.apache.http.conn.HttpHostConnectException" rm="Non HTTP response message: Connect to 192.168.237.128:7077 [/192.168.237.128] failed: Connection refused: connect" tn="Thread Group 1-69" dt="text" by="2717" sby="0" ng="100" na="100">
  <java.net.URL>http://192.168.237.128:7077/</java.net.URL>
</httpSample>
<httpSample t="999" it="0" lt="0" ct="999" ts="1561111320355" s="false" lb="HTTP Request" rc="Non HTTP response code: org.apache.http.conn.HttpHostConnectException" rm="Non HTTP response message: Connect to 192.168.237.128:7077 [/192.168.237.128] failed: Connection refused: connect" tn="Thread Group 1-91" dt="text" by="2717" sby="0" ng="100" na="100">
  <java.net.URL>http://192.168.237.128:7077/</java.net.URL>
</httpSample>
<httpSample t="995" it="0" lt="0" ct="995" ts="1561111320359" s="false" lb="HTTP Request" rc="Non HTTP response code: org.apache.http.conn.HttpHostConnectException" rm="Non HTTP response message: Connect to 192.168.237.128:7077 [/192.168.237.128] failed: Connection refused: connect" tn="Thread Group 1-87" dt="text" by="2717" sby="0" ng="100" na="100">
  <java.net.URL>http://192.168.237.128:7077/</java.net.URL>
</httpSample>
<httpSample t="1003" it="0" lt="0" ct="1003" ts="1561111320361" s="false" lb="HTTP Request" rc="Non HTTP response code: org.apache.http.conn.HttpHostConnectException" rm="Non HTTP response message: Connect to 192.168.237.128:7077 [/192.168.237.128] failed: Connection refused: connect" tn="Thread Group 1-79" dt="text" by="2717" sby="0" ng="100" na="100">
  <java.net.URL>http://192.168.237.128:7077/</java.net.URL>
</httpSample>
<httpSample t="1000" it="0" lt="0" ct="1000" ts="1561111320387" s="false" lb="HTTP Request" rc="Non HTTP response code: org.apache.http.conn.HttpHostConnectException" rm="Non HTTP response message: Connect to 192.168.237.128:7077 [/192.168.237.128] failed: Connection refused: connect" tn="Thread Group 1-85" dt="text" by="2717" sby="0" ng="100" na="100">
  <java.net.URL>http://192.168.237.128:7077/</java.net.URL>
</httpSample>
<httpSample t="1069" it="0" lt="0" ct="1069" ts="1561111320327" s="false" lb="HTTP Request" rc="Non HTTP response code: org.apache.http.conn.HttpHostConnectException" rm="Non HTTP response message: Connect to 192.168.237.128:7077 [/192.168.237.128] failed: Connection refused: connect" tn="Thread Group 1-88" dt="text" by="2717" sby="0" ng="100" na="100">
  <java.net.URL>http://192.168.237.128:7077/</java.net.URL>
</httpSample>
<httpSample t="1009" it="0" lt="0" ct="1009" ts="1561111320391" s="false" lb="HTTP Request" rc="Non HTTP response code: org.apache.http.conn.HttpHostConnectException" rm="Non HTTP response message: Connect to 192.168.237.128:7077 [/192.168.237.128] failed: Connection refused: connect" tn="Thread Group 1-86" dt="text" by="2717" sby="0" ng="100" na="100">
  <java.net.URL>http://192.168.237.128:7077/</java.net.URL>
</httpSample>
<httpSample t="1003" it="0" lt="0" ct="1003" ts="1561111320411" s="false" lb="HTTP Request" rc="Non HTTP response code: org.apache.http.conn.HttpHostConnectException" rm="Non HTTP response message: Connect to 192.168.237.128:7077 [/192.168.237.128] failed: Connection refused: connect" tn="Thread Group 1-94" dt="text" by="2717" sby="0" ng="100" na="100">
  <java.net.URL>http://192.168.237.128:7077/</java.net.URL>
</httpSample>
<httpSample t="999" it="0" lt="0" ct="999" ts="1561111320436" s="false" lb="HTTP Request" rc="Non HTTP response code: org.apache.http.conn.HttpHostConnectException" rm="Non HTTP response message: Connect to 192.168.237.128:7077 [/192.168.237.128] failed: Connection refused: connect" tn="Thread Group 1-95" dt="text" by="2717" sby="0" ng="100" na="100">
  <java.net.URL>http://192.168.237.128:7077/</java.net.URL>
</httpSample>
<httpSample t="1009" it="0" lt="0" ct="1009" ts="1561111320451" s="false" lb="HTTP Request" rc="Non HTTP response code: org.apache.http.conn.HttpHostConnectException" rm="Non HTTP response message: Connect to 192.168.237.128:7077 [/192.168.237.128] failed: Connection refused: connect" tn="Thread Group 1-92" dt="text" by="2717" sby="0" ng="100" na="100">
  <java.net.URL>http://192.168.237.128:7077/</java.net.URL>
</httpSample>
<httpSample t="1004" it="0" lt="0" ct="1004" ts="1561111320460" s="false" lb="HTTP Request" rc="Non HTTP response code: org.apache.http.conn.HttpHostConnectException" rm="Non HTTP response message: Connect to 192.168.237.128:7077 [/192.168.237.128] failed: Connection refused: connect" tn="Thread Group 1-81" dt="text" by="2717" sby="0" ng="100" na="100">
  <java.net.URL>http://192.168.237.128:7077/</java.net.URL>
</httpSample>
<httpSample t="1008" it="0" lt="0" ct="1008" ts="1561111320460" s="false" lb="HTTP Request" rc="Non HTTP response code: org.apache.http.conn.HttpHostConnectException" rm="Non HTTP response message: Connect to 192.168.237.128:7077 [/192.168.237.128] failed: Connection refused: connect" tn="Thread Group 1-96" dt="text" by="2717" sby="0" ng="100" na="100">
  <java.net.URL>http://192.168.237.128:7077/</java.net.URL>
</httpSample>
<httpSample t="1010" it="0" lt="0" ct="1010" ts="1561111320459" s="false" lb="HTTP Request" rc="Non HTTP response code: org.apache.http.conn.HttpHostConnectException" rm="Non HTTP response message: Connect to 192.168.237.128:7077 [/192.168.237.128] failed: Connection refused: connect" tn="Thread Group 1-93" dt="text" by="2717" sby="0" ng="100" na="100">
  <java.net.URL>http://192.168.237.128:7077/</java.net.URL>
</httpSample>
<httpSample t="1054" it="0" lt="0" ct="1054" ts="1561111320436" s="false" lb="HTTP Request" rc="Non HTTP response code: org.apache.http.conn.HttpHostConnectException" rm="Non HTTP response message: Connect to 192.168.237.128:7077 [/192.168.237.128] failed: Connection refused: connect" tn="Thread Group 1-89" dt="text" by="2717" sby="0" ng="100" na="100">
  <java.net.URL>http://192.168.237.128:7077/</java.net.URL>
</httpSample>
<httpSample t="1034" it="0" lt="0" ct="1034" ts="1561111320456" s="false" lb="HTTP Request" rc="Non HTTP response code: org.apache.http.conn.HttpHostConnectException" rm="Non HTTP response message: Connect to 192.168.237.128:7077 [/192.168.237.128] failed: Connection refused: connect" tn="Thread Group 1-90" dt="text" by="2717" sby="0" ng="100" na="100">
  <java.net.URL>http://192.168.237.128:7077/</java.net.URL>
</httpSample>
<httpSample t="1003" it="0" lt="0" ct="1003" ts="1561111320497" s="false" lb="HTTP Request" rc="Non HTTP response code: org.apache.http.conn.HttpHostConnectException" rm="Non HTTP response message: Connect to 192.168.237.128:7077 [/192.168.237.128] failed: Connection refused: connect" tn="Thread Group 1-4" dt="text" by="2717" sby="0" ng="100" na="100">
  <java.net.URL>http://192.168.237.128:7077/</java.net.URL>
</httpSample>
<httpSample t="1002" it="0" lt="0" ct="1002" ts="1561111320506" s="false" lb="HTTP Request" rc="Non HTTP response code: org.apache.http.conn.HttpHostConnectException" rm="Non HTTP response message: Connect to 192.168.237.128:7077 [/192.168.237.128] failed: Connection refused: connect" tn="Thread Group 1-99" dt="text" by="2717" sby="0" ng="100" na="100">
  <java.net.URL>http://192.168.237.128:7077/</java.net.URL>
</httpSample>
<httpSample t="1007" it="0" lt="0" ct="1007" ts="1561111320502" s="false" lb="HTTP Request" rc="Non HTTP response code: org.apache.http.conn.HttpHostConnectException" rm="Non HTTP response message: Connect to 192.168.237.128:7077 [/192.168.237.128] failed: Connection refused: connect" tn="Thread Group 1-97" dt="text" by="2717" sby="0" ng="100" na="100">
  <java.net.URL>http://192.168.237.128:7077/</java.net.URL>
</httpSample>
<httpSample t="995" it="0" lt="0" ct="995" ts="1561111320537" s="false" lb="HTTP Request" rc="Non HTTP response code: org.apache.http.conn.HttpHostConnectException" rm="Non HTTP response message: Connect to 192.168.237.128:7077 [/192.168.237.128] failed: Connection refused: connect" tn="Thread Group 1-5" dt="text" by="2717" sby="0" ng="100" na="100">
  <java.net.URL>http://192.168.237.128:7077/</java.net.URL>
</httpSample>
<httpSample t="1001" it="0" lt="0" ct="1001" ts="1561111320551" s="false" lb="HTTP Request" rc="Non HTTP response code: org.apache.http.conn.HttpHostConnectException" rm="Non HTTP response message: Connect to 192.168.237.128:7077 [/192.168.237.128] failed: Connection refused: connect" tn="Thread Group 1-3" dt="text" by="2717" sby="0" ng="100" na="100">
  <java.net.URL>http://192.168.237.128:7077/</java.net.URL>
</httpSample>
<httpSample t="1002" it="0" lt="0" ct="1002" ts="1561111320557" s="false" lb="HTTP Request" rc="Non HTTP response code: org.apache.http.conn.HttpHostConnectException" rm="Non HTTP response message: Connect to 192.168.237.128:7077 [/192.168.237.128] failed: Connection refused: connect" tn="Thread Group 1-6" dt="text" by="2717" sby="0" ng="100" na="100">
  <java.net.URL>http://192.168.237.128:7077/</java.net.URL>
</httpSample>
<httpSample t="1008" it="0" lt="0" ct="1008" ts="1561111320551" s="false" lb="HTTP Request" rc="Non HTTP response code: org.apache.http.conn.HttpHostConnectException" rm="Non HTTP response message: Connect to 192.168.237.128:7077 [/192.168.237.128] failed: Connection refused: connect" tn="Thread Group 1-7" dt="text" by="2717" sby="0" ng="100" na="100">
  <java.net.URL>http://192.168.237.128:7077/</java.net.URL>
</httpSample>
<httpSample t="1008" it="0" lt="0" ct="1008" ts="1561111320552" s="false" lb="HTTP Request" rc="Non HTTP response code: org.apache.http.conn.HttpHostConnectException" rm="Non HTTP response message: Connect to 192.168.237.128:7077 [/192.168.237.128] failed: Connection refused: connect" tn="Thread Group 1-2" dt="text" by="2717" sby="0" ng="100" na="100">
  <java.net.URL>http://192.168.237.128:7077/</java.net.URL>
</httpSample>
<httpSample t="1008" it="0" lt="0" ct="1008" ts="1561111320553" s="false" lb="HTTP Request" rc="Non HTTP response code: org.apache.http.conn.HttpHostConnectException" rm="Non HTTP response message: Connect to 192.168.237.128:7077 [/192.168.237.128] failed: Connection refused: connect" tn="Thread Group 1-10" dt="text" by="2717" sby="0" ng="100" na="100">
  <java.net.URL>http://192.168.237.128:7077/</java.net.URL>
</httpSample>
<httpSample t="1002" it="0" lt="0" ct="1002" ts="1561111320560" s="false" lb="HTTP Request" rc="Non HTTP response code: org.apache.http.conn.HttpHostConnectException" rm="Non HTTP response message: Connect to 192.168.237.128:7077 [/192.168.237.128] failed: Connection refused: connect" tn="Thread Group 1-1" dt="text" by="2717" sby="0" ng="100" na="100">
  <java.net.URL>http://192.168.237.128:7077/</java.net.URL>
</httpSample>
<httpSample t="1010" it="0" lt="0" ct="1010" ts="1561111320560" s="false" lb="HTTP Request" rc="Non HTTP response code: org.apache.http.conn.HttpHostConnectException" rm="Non HTTP response message: Connect to 192.168.237.128:7077 [/192.168.237.128] failed: Connection refused: connect" tn="Thread Group 1-98" dt="text" by="2717" sby="0" ng="100" na="100">
  <java.net.URL>http://192.168.237.128:7077/</java.net.URL>
</httpSample>
<httpSample t="1003" it="0" lt="0" ct="1003" ts="1561111320577" s="false" lb="HTTP Request" rc="Non HTTP response code: org.apache.http.conn.HttpHostConnectException" rm="Non HTTP response message: Connect to 192.168.237.128:7077 [/192.168.237.128] failed: Connection refused: connect" tn="Thread Group 1-12" dt="text" by="2717" sby="0" ng="100" na="100">
  <java.net.URL>http://192.168.237.128:7077/</java.net.URL>
</httpSample>
<httpSample t="1003" it="0" lt="0" ct="1002" ts="1561111320616" s="false" lb="HTTP Request" rc="Non HTTP response code: org.apache.http.conn.HttpHostConnectException" rm="Non HTTP response message: Connect to 192.168.237.128:7077 [/192.168.237.128] failed: Connection refused: connect" tn="Thread Group 1-13" dt="text" by="2717" sby="0" ng="100" na="100">
  <java.net.URL>http://192.168.237.128:7077/</java.net.URL>
</httpSample>
<httpSample t="1000" it="0" lt="0" ct="1000" ts="1561111320621" s="false" lb="HTTP Request" rc="Non HTTP response code: org.apache.http.conn.HttpHostConnectException" rm="Non HTTP response message: Connect to 192.168.237.128:7077 [/192.168.237.128] failed: Connection refused: connect" tn="Thread Group 1-8" dt="text" by="2717" sby="0" ng="100" na="100">
  <java.net.URL>http://192.168.237.128:7077/</java.net.URL>
</httpSample>
<httpSample t="1000" it="0" lt="0" ct="1000" ts="1561111320653" s="false" lb="HTTP Request" rc="Non HTTP response code: org.apache.http.conn.HttpHostConnectException" rm="Non HTTP response message: Connect to 192.168.237.128:7077 [/192.168.237.128] failed: Connection refused: connect" tn="Thread Group 1-18" dt="text" by="2717" sby="0" ng="100" na="100">
  <java.net.URL>http://192.168.237.128:7077/</java.net.URL>
</httpSample>
<httpSample t="1077" it="0" lt="0" ct="1077" ts="1561111320582" s="false" lb="HTTP Request" rc="Non HTTP response code: org.apache.http.conn.HttpHostConnectException" rm="Non HTTP response message: Connect to 192.168.237.128:7077 [/192.168.237.128] failed: Connection refused: connect" tn="Thread Group 1-14" dt="text" by="2717" sby="0" ng="100" na="100">
  <java.net.URL>http://192.168.237.128:7077/</java.net.URL>
</httpSample>
<httpSample t="1018" it="0" lt="0" ct="1018" ts="1561111320641" s="false" lb="HTTP Request" rc="Non HTTP response code: org.apache.http.conn.HttpHostConnectException" rm="Non HTTP response message: Connect to 192.168.237.128:7077 [/192.168.237.128] failed: Connection refused: connect" tn="Thread Group 1-11" dt="text" by="2717" sby="0" ng="100" na="100">
  <java.net.URL>http://192.168.237.128:7077/</java.net.URL>
</httpSample>
<httpSample t="1098" it="0" lt="0" ct="1098" ts="1561111320561" s="false" lb="HTTP Request" rc="Non HTTP response code: org.apache.http.conn.HttpHostConnectException" rm="Non HTTP response message: Connect to 192.168.237.128:7077 [/192.168.237.128] failed: Connection refused: connect" tn="Thread Group 1-100" dt="text" by="2717" sby="0" ng="100" na="100">
  <java.net.URL>http://192.168.237.128:7077/</java.net.URL>
</httpSample>
<httpSample t="1003" it="0" lt="0" ct="1003" ts="1561111320660" s="false" lb="HTTP Request" rc="Non HTTP response code: org.apache.http.conn.HttpHostConnectException" rm="Non HTTP response message: Connect to 192.168.237.128:7077 [/192.168.237.128] failed: Connection refused: connect" tn="Thread Group 1-9" dt="text" by="2717" sby="0" ng="100" na="100">
  <java.net.URL>http://192.168.237.128:7077/</java.net.URL>
</httpSample>
<httpSample t="1005" it="0" lt="0" ct="1005" ts="1561111320659" s="false" lb="HTTP Request" rc="Non HTTP response code: org.apache.http.conn.HttpHostConnectException" rm="Non HTTP response message: Connect to 192.168.237.128:7077 [/192.168.237.128] failed: Connection refused: connect" tn="Thread Group 1-17" dt="text" by="2717" sby="0" ng="100" na="100">
  <java.net.URL>http://192.168.237.128:7077/</java.net.URL>
</httpSample>
<httpSample t="997" it="0" lt="0" ct="997" ts="1561111320667" s="false" lb="HTTP Request" rc="Non HTTP response code: org.apache.http.conn.HttpHostConnectException" rm="Non HTTP response message: Connect to 192.168.237.128:7077 [/192.168.237.128] failed: Connection refused: connect" tn="Thread Group 1-20" dt="text" by="2717" sby="0" ng="100" na="100">
  <java.net.URL>http://192.168.237.128:7077/</java.net.URL>
</httpSample>
<httpSample t="1009" it="0" lt="0" ct="1009" ts="1561111320659" s="false" lb="HTTP Request" rc="Non HTTP response code: org.apache.http.conn.HttpHostConnectException" rm="Non HTTP response message: Connect to 192.168.237.128:7077 [/192.168.237.128] failed: Connection refused: connect" tn="Thread Group 1-19" dt="text" by="2717" sby="0" ng="100" na="100">
  <java.net.URL>http://192.168.237.128:7077/</java.net.URL>
</httpSample>
<httpSample t="1007" it="0" lt="0" ct="1007" ts="1561111320661" s="false" lb="HTTP Request" rc="Non HTTP response code: org.apache.http.conn.HttpHostConnectException" rm="Non HTTP response message: Connect to 192.168.237.128:7077 [/192.168.237.128] failed: Connection refused: connect" tn="Thread Group 1-16" dt="text" by="2717" sby="0" ng="100" na="100">
  <java.net.URL>http://192.168.237.128:7077/</java.net.URL>
</httpSample>
<httpSample t="1000" it="0" lt="0" ct="1000" ts="1561111320672" s="false" lb="HTTP Request" rc="Non HTTP response code: org.apache.http.conn.HttpHostConnectException" rm="Non HTTP response message: Connect to 192.168.237.128:7077 [/192.168.237.128] failed: Connection refused: connect" tn="Thread Group 1-23" dt="text" by="2717" sby="0" ng="100" na="100">
  <java.net.URL>http://192.168.237.128:7077/</java.net.URL>
</httpSample>
<httpSample t="1002" it="0" lt="0" ct="1002" ts="1561111320676" s="false" lb="HTTP Request" rc="Non HTTP response code: org.apache.http.conn.HttpHostConnectException" rm="Non HTTP response message: Connect to 192.168.237.128:7077 [/192.168.237.128] failed: Connection refused: connect" tn="Thread Group 1-22" dt="text" by="2717" sby="0" ng="100" na="100">
  <java.net.URL>http://192.168.237.128:7077/</java.net.URL>
</httpSample>
<httpSample t="1001" it="0" lt="0" ct="1001" ts="1561111320712" s="false" lb="HTTP Request" rc="Non HTTP response code: org.apache.http.conn.HttpHostConnectException" rm="Non HTTP response message: Connect to 192.168.237.128:7077 [/192.168.237.128] failed: Connection refused: connect" tn="Thread Group 1-25" dt="text" by="2717" sby="0" ng="100" na="100">
  <java.net.URL>http://192.168.237.128:7077/</java.net.URL>
</httpSample>
<httpSample t="999" it="0" lt="0" ct="999" ts="1561111320747" s="false" lb="HTTP Request" rc="Non HTTP response code: org.apache.http.conn.HttpHostConnectException" rm="Non HTTP response message: Connect to 192.168.237.128:7077 [/192.168.237.128] failed: Connection refused: connect" tn="Thread Group 1-21" dt="text" by="2717" sby="0" ng="100" na="100">
  <java.net.URL>http://192.168.237.128:7077/</java.net.URL>
</httpSample>
<httpSample t="997" it="0" lt="0" ct="997" ts="1561111320755" s="false" lb="HTTP Request" rc="Non HTTP response code: org.apache.http.conn.HttpHostConnectException" rm="Non HTTP response message: Connect to 192.168.237.128:7077 [/192.168.237.128] failed: Connection refused: connect" tn="Thread Group 1-31" dt="text" by="2717" sby="0" ng="100" na="100">
  <java.net.URL>http://192.168.237.128:7077/</java.net.URL>
</httpSample>
<httpSample t="1003" it="0" lt="0" ct="1003" ts="1561111320755" s="false" lb="HTTP Request" rc="Non HTTP response code: org.apache.http.conn.HttpHostConnectException" rm="Non HTTP response message: Connect to 192.168.237.128:7077 [/192.168.237.128] failed: Connection refused: connect" tn="Thread Group 1-26" dt="text" by="2717" sby="0" ng="100" na="100">
  <java.net.URL>http://192.168.237.128:7077/</java.net.URL>
</httpSample>
<httpSample t="1092" it="0" lt="0" ct="1092" ts="1561111320667" s="false" lb="HTTP Request" rc="Non HTTP response code: org.apache.http.conn.HttpHostConnectException" rm="Non HTTP response message: Connect to 192.168.237.128:7077 [/192.168.237.128] failed: Connection refused: connect" tn="Thread Group 1-15" dt="text" by="2717" sby="0" ng="100" na="100">
  <java.net.URL>http://192.168.237.128:7077/</java.net.URL>
</httpSample>
<httpSample t="1027" it="0" lt="0" ct="1027" ts="1561111320743" s="false" lb="HTTP Request" rc="Non HTTP response code: org.apache.http.conn.HttpHostConnectException" rm="Non HTTP response message: Connect to 192.168.237.128:7077 [/192.168.237.128] failed: Connection refused: connect" tn="Thread Group 1-28" dt="text" by="2717" sby="0" ng="100" na="100">
  <java.net.URL>http://192.168.237.128:7077/</java.net.URL>
</httpSample>
<httpSample t="1087" it="0" lt="0" ct="1087" ts="1561111320683" s="false" lb="HTTP Request" rc="Non HTTP response code: org.apache.http.conn.HttpHostConnectException" rm="Non HTTP response message: Connect to 192.168.237.128:7077 [/192.168.237.128] failed: Connection refused: connect" tn="Thread Group 1-24" dt="text" by="2717" sby="0" ng="100" na="100">
  <java.net.URL>http://192.168.237.128:7077/</java.net.URL>
</httpSample>
<httpSample t="1004" it="0" lt="0" ct="1004" ts="1561111320772" s="false" lb="HTTP Request" rc="Non HTTP response code: org.apache.http.conn.HttpHostConnectException" rm="Non HTTP response message: Connect to 192.168.237.128:7077 [/192.168.237.128] failed: Connection refused: connect" tn="Thread Group 1-32" dt="text" by="2717" sby="0" ng="100" na="100">
  <java.net.URL>http://192.168.237.128:7077/</java.net.URL>
</httpSample>
<httpSample t="1005" it="0" lt="0" ct="1005" ts="1561111320784" s="false" lb="HTTP Request" rc="Non HTTP response code: org.apache.http.conn.HttpHostConnectException" rm="Non HTTP response message: Connect to 192.168.237.128:7077 [/192.168.237.128] failed: Connection refused: connect" tn="Thread Group 1-33" dt="text" by="2717" sby="0" ng="100" na="100">
  <java.net.URL>http://192.168.237.128:7077/</java.net.URL>
</httpSample>
<httpSample t="1002" it="0" lt="0" ct="1002" ts="1561111320797" s="false" lb="HTTP Request" rc="Non HTTP response code: org.apache.http.conn.HttpHostConnectException" rm="Non HTTP response message: Connect to 192.168.237.128:7077 [/192.168.237.128] failed: Connection refused: connect" tn="Thread Group 1-27" dt="text" by="2717" sby="0" ng="100" na="100">
  <java.net.URL>http://192.168.237.128:7077/</java.net.URL>
</httpSample>
<httpSample t="997" it="0" lt="0" ct="997" ts="1561111320846" s="false" lb="HTTP Request" rc="Non HTTP response code: org.apache.http.conn.HttpHostConnectException" rm="Non HTTP response message: Connect to 192.168.237.128:7077 [/192.168.237.128] failed: Connection refused: connect" tn="Thread Group 1-29" dt="text" by="2717" sby="0" ng="100" na="100">
  <java.net.URL>http://192.168.237.128:7077/</java.net.URL>
</httpSample>
<httpSample t="997" it="0" lt="0" ct="997" ts="1561111320856" s="false" lb="HTTP Request" rc="Non HTTP response code: org.apache.http.conn.HttpHostConnectException" rm="Non HTTP response message: Connect to 192.168.237.128:7077 [/192.168.237.128] failed: Connection refused: connect" tn="Thread Group 1-30" dt="text" by="2717" sby="0" ng="100" na="100">
  <java.net.URL>http://192.168.237.128:7077/</java.net.URL>
</httpSample>
<httpSample t="999" it="0" lt="0" ct="999" ts="1561111320854" s="false" lb="HTTP Request" rc="Non HTTP response code: org.apache.http.conn.HttpHostConnectException" rm="Non HTTP response message: Connect to 192.168.237.128:7077 [/192.168.237.128] failed: Connection refused: connect" tn="Thread Group 1-37" dt="text" by="2717" sby="0" ng="100" na="100">
  <java.net.URL>http://192.168.237.128:7077/</java.net.URL>
</httpSample>
<httpSample t="999" it="0" lt="0" ct="999" ts="1561111320877" s="false" lb="HTTP Request" rc="Non HTTP response code: org.apache.http.conn.HttpHostConnectException" rm="Non HTTP response message: Connect to 192.168.237.128:7077 [/192.168.237.128] failed: Connection refused: connect" tn="Thread Group 1-40" dt="text" by="2717" sby="0" ng="100" na="100">
  <java.net.URL>http://192.168.237.128:7077/</java.net.URL>
</httpSample>
<httpSample t="1002" it="0" lt="0" ct="1002" ts="1561111320884" s="false" lb="HTTP Request" rc="Non HTTP response code: org.apache.http.conn.HttpHostConnectException" rm="Non HTTP response message: Connect to 192.168.237.128:7077 [/192.168.237.128] failed: Connection refused: connect" tn="Thread Group 1-43" dt="text" by="2717" sby="0" ng="100" na="100">
  <java.net.URL>http://192.168.237.128:7077/</java.net.URL>
</httpSample>
<httpSample t="1010" it="0" lt="0" ct="1010" ts="1561111320880" s="false" lb="HTTP Request" rc="Non HTTP response code: org.apache.http.conn.HttpHostConnectException" rm="Non HTTP response message: Connect to 192.168.237.128:7077 [/192.168.237.128] failed: Connection refused: connect" tn="Thread Group 1-42" dt="text" by="2717" sby="0" ng="100" na="100">
  <java.net.URL>http://192.168.237.128:7077/</java.net.URL>
</httpSample>
<httpSample t="1001" it="0" lt="0" ct="1001" ts="1561111320892" s="false" lb="HTTP Request" rc="Non HTTP response code: org.apache.http.conn.HttpHostConnectException" rm="Non HTTP response message: Connect to 192.168.237.128:7077 [/192.168.237.128] failed: Connection refused: connect" tn="Thread Group 1-34" dt="text" by="2717" sby="0" ng="100" na="100">
  <java.net.URL>http://192.168.237.128:7077/</java.net.URL>
</httpSample>
<httpSample t="1000" it="0" lt="0" ct="1000" ts="1561111320893" s="false" lb="HTTP Request" rc="Non HTTP response code: org.apache.http.conn.HttpHostConnectException" rm="Non HTTP response message: Connect to 192.168.237.128:7077 [/192.168.237.128] failed: Connection refused: connect" tn="Thread Group 1-38" dt="text" by="2717" sby="0" ng="100" na="100">
  <java.net.URL>http://192.168.237.128:7077/</java.net.URL>
</httpSample>
<httpSample t="1000" it="0" lt="0" ct="1000" ts="1561111320894" s="false" lb="HTTP Request" rc="Non HTTP response code: org.apache.http.conn.HttpHostConnectException" rm="Non HTTP response message: Connect to 192.168.237.128:7077 [/192.168.237.128] failed: Connection refused: connect" tn="Thread Group 1-44" dt="text" by="2717" sby="0" ng="100" na="100">
  <java.net.URL>http://192.168.237.128:7077/</java.net.URL>
</httpSample>
<httpSample t="998" it="0" lt="0" ct="998" ts="1561111320945" s="false" lb="HTTP Request" rc="Non HTTP response code: org.apache.http.conn.HttpHostConnectException" rm="Non HTTP response message: Connect to 192.168.237.128:7077 [/192.168.237.128] failed: Connection refused: connect" tn="Thread Group 1-45" dt="text" by="2717" sby="0" ng="100" na="100">
  <java.net.URL>http://192.168.237.128:7077/</java.net.URL>
</httpSample>
<httpSample t="1002" it="0" lt="0" ct="1002" ts="1561111320954" s="false" lb="HTTP Request" rc="Non HTTP response code: org.apache.http.conn.HttpHostConnectException" rm="Non HTTP response message: Connect to 192.168.237.128:7077 [/192.168.237.128] failed: Connection refused: connect" tn="Thread Group 1-36" dt="text" by="2717" sby="0" ng="100" na="100">
  <java.net.URL>http://192.168.237.128:7077/</java.net.URL>
</httpSample>
<httpSample t="997" it="0" lt="0" ct="997" ts="1561111320966" s="false" lb="HTTP Request" rc="Non HTTP response code: org.apache.http.conn.HttpHostConnectException" rm="Non HTTP response message: Connect to 192.168.237.128:7077 [/192.168.237.128] failed: Connection refused: connect" tn="Thread Group 1-41" dt="text" by="2717" sby="0" ng="100" na="100">
  <java.net.URL>http://192.168.237.128:7077/</java.net.URL>
</httpSample>
<httpSample t="997" it="0" lt="0" ct="997" ts="1561111320966" s="false" lb="HTTP Request" rc="Non HTTP response code: org.apache.http.conn.HttpHostConnectException" rm="Non HTTP response message: Connect to 192.168.237.128:7077 [/192.168.237.128] failed: Connection refused: connect" tn="Thread Group 1-35" dt="text" by="2717" sby="0" ng="100" na="100">
  <java.net.URL>http://192.168.237.128:7077/</java.net.URL>
</httpSample>
<httpSample t="1099" it="0" lt="0" ct="1099" ts="1561111320891" s="false" lb="HTTP Request" rc="Non HTTP response code: org.apache.http.conn.HttpHostConnectException" rm="Non HTTP response message: Connect to 192.168.237.128:7077 [/192.168.237.128] failed: Connection refused: connect" tn="Thread Group 1-39" dt="text" by="2717" sby="0" ng="100" na="100">
  <java.net.URL>http://192.168.237.128:7077/</java.net.URL>
</httpSample>
<httpSample t="1033" it="0" lt="0" ct="1033" ts="1561111320957" s="false" lb="HTTP Request" rc="Non HTTP response code: org.apache.http.conn.HttpHostConnectException" rm="Non HTTP response message: Connect to 192.168.237.128:7077 [/192.168.237.128] failed: Connection refused: connect" tn="Thread Group 1-49" dt="text" by="2717" sby="0" ng="100" na="100">
  <java.net.URL>http://192.168.237.128:7077/</java.net.URL>
</httpSample>
<httpSample t="1002" it="0" lt="0" ct="1002" ts="1561111320993" s="false" lb="HTTP Request" rc="Non HTTP response code: org.apache.http.conn.HttpHostConnectException" rm="Non HTTP response message: Connect to 192.168.237.128:7077 [/192.168.237.128] failed: Connection refused: connect" tn="Thread Group 1-47" dt="text" by="2717" sby="0" ng="100" na="100">
  <java.net.URL>http://192.168.237.128:7077/</java.net.URL>
</httpSample>
<httpSample t="1000" it="0" lt="0" ct="999" ts="1561111321017" s="false" lb="HTTP Request" rc="Non HTTP response code: org.apache.http.conn.HttpHostConnectException" rm="Non HTTP response message: Connect to 192.168.237.128:7077 [/192.168.237.128] failed: Connection refused: connect" tn="Thread Group 1-48" dt="text" by="2717" sby="0" ng="100" na="100">
  <java.net.URL>http://192.168.237.128:7077/</java.net.URL>
</httpSample>
<httpSample t="997" it="0" lt="0" ct="997" ts="1561111321025" s="false" lb="HTTP Request" rc="Non HTTP response code: org.apache.http.conn.HttpHostConnectException" rm="Non HTTP response message: Connect to 192.168.237.128:7077 [/192.168.237.128] failed: Connection refused: connect" tn="Thread Group 1-58" dt="text" by="2717" sby="0" ng="100" na="100">
  <java.net.URL>http://192.168.237.128:7077/</java.net.URL>
</httpSample>
<httpSample t="1002" it="0" lt="0" ct="1002" ts="1561111321031" s="false" lb="HTTP Request" rc="Non HTTP response code: org.apache.http.conn.HttpHostConnectException" rm="Non HTTP response message: Connect to 192.168.237.128:7077 [/192.168.237.128] failed: Connection refused: connect" tn="Thread Group 1-56" dt="text" by="2717" sby="0" ng="100" na="100">
  <java.net.URL>http://192.168.237.128:7077/</java.net.URL>
</httpSample>
<httpSample t="998" it="0" lt="0" ct="997" ts="1561111321045" s="false" lb="HTTP Request" rc="Non HTTP response code: org.apache.http.conn.HttpHostConnectException" rm="Non HTTP response message: Connect to 192.168.237.128:7077 [/192.168.237.128] failed: Connection refused: connect" tn="Thread Group 1-60" dt="text" by="2717" sby="0" ng="100" na="100">
  <java.net.URL>http://192.168.237.128:7077/</java.net.URL>
</httpSample>
<httpSample t="997" it="0" lt="0" ct="997" ts="1561111321056" s="false" lb="HTTP Request" rc="Non HTTP response code: org.apache.http.conn.HttpHostConnectException" rm="Non HTTP response message: Connect to 192.168.237.128:7077 [/192.168.237.128] failed: Connection refused: connect" tn="Thread Group 1-59" dt="text" by="2717" sby="0" ng="100" na="100">
  <java.net.URL>http://192.168.237.128:7077/</java.net.URL>
</httpSample>
<httpSample t="997" it="0" lt="0" ct="997" ts="1561111321055" s="false" lb="HTTP Request" rc="Non HTTP response code: org.apache.http.conn.HttpHostConnectException" rm="Non HTTP response message: Connect to 192.168.237.128:7077 [/192.168.237.128] failed: Connection refused: connect" tn="Thread Group 1-51" dt="text" by="2717" sby="0" ng="100" na="100">
  <java.net.URL>http://192.168.237.128:7077/</java.net.URL>
</httpSample>
<httpSample t="996" it="0" lt="0" ct="996" ts="1561111321067" s="false" lb="HTTP Request" rc="Non HTTP response code: org.apache.http.conn.HttpHostConnectException" rm="Non HTTP response message: Connect to 192.168.237.128:7077 [/192.168.237.128] failed: Connection refused: connect" tn="Thread Group 1-52" dt="text" by="2717" sby="0" ng="100" na="100">
  <java.net.URL>http://192.168.237.128:7077/</java.net.URL>
</httpSample>
<httpSample t="1002" it="0" lt="0" ct="1002" ts="1561111321088" s="false" lb="HTTP Request" rc="Non HTTP response code: org.apache.http.conn.HttpHostConnectException" rm="Non HTTP response message: Connect to 192.168.237.128:7077 [/192.168.237.128] failed: Connection refused: connect" tn="Thread Group 1-54" dt="text" by="2717" sby="0" ng="100" na="100">
  <java.net.URL>http://192.168.237.128:7077/</java.net.URL>
</httpSample>
<httpSample t="1081" it="0" lt="0" ct="1081" ts="1561111321009" s="false" lb="HTTP Request" rc="Non HTTP response code: org.apache.http.conn.HttpHostConnectException" rm="Non HTTP response message: Connect to 192.168.237.128:7077 [/192.168.237.128] failed: Connection refused: connect" tn="Thread Group 1-46" dt="text" by="2717" sby="0" ng="100" na="100">
  <java.net.URL>http://192.168.237.128:7077/</java.net.URL>
</httpSample>
<httpSample t="1024" it="0" lt="0" ct="1024" ts="1561111321067" s="false" lb="HTTP Request" rc="Non HTTP response code: org.apache.http.conn.HttpHostConnectException" rm="Non HTTP response message: Connect to 192.168.237.128:7077 [/192.168.237.128] failed: Connection refused: connect" tn="Thread Group 1-50" dt="text" by="2717" sby="0" ng="100" na="100">
  <java.net.URL>http://192.168.237.128:7077/</java.net.URL>
</httpSample>
<httpSample t="1050" it="0" lt="0" ct="1050" ts="1561111321042" s="false" lb="HTTP Request" rc="Non HTTP response code: org.apache.http.conn.HttpHostConnectException" rm="Non HTTP response message: Connect to 192.168.237.128:7077 [/192.168.237.128] failed: Connection refused: connect" tn="Thread Group 1-55" dt="text" by="2717" sby="0" ng="100" na="100">
  <java.net.URL>http://192.168.237.128:7077/</java.net.URL>
</httpSample>
<httpSample t="1100" it="0" lt="0" ct="1100" ts="1561111320992" s="false" lb="HTTP Request" rc="Non HTTP response code: org.apache.http.conn.HttpHostConnectException" rm="Non HTTP response message: Connect to 192.168.237.128:7077 [/192.168.237.128] failed: Connection refused: connect" tn="Thread Group 1-53" dt="text" by="2717" sby="0" ng="100" na="100">
  <java.net.URL>http://192.168.237.128:7077/</java.net.URL>
</httpSample>
<httpSample t="995" it="0" lt="0" ct="995" ts="1561111321097" s="false" lb="HTTP Request" rc="Non HTTP response code: org.apache.http.conn.HttpHostConnectException" rm="Non HTTP response message: Connect to 192.168.237.128:7077 [/192.168.237.128] failed: Connection refused: connect" tn="Thread Group 1-63" dt="text" by="2717" sby="0" ng="100" na="100">
  <java.net.URL>http://192.168.237.128:7077/</java.net.URL>
</httpSample>
<httpSample t="1004" it="0" lt="0" ct="1004" ts="1561111321138" s="false" lb="HTTP Request" rc="Non HTTP response code: org.apache.http.conn.HttpHostConnectException" rm="Non HTTP response message: Connect to 192.168.237.128:7077 [/192.168.237.128] failed: Connection refused: connect" tn="Thread Group 1-67" dt="text" by="2717" sby="0" ng="100" na="100">
  <java.net.URL>http://192.168.237.128:7077/</java.net.URL>
</httpSample>
<httpSample t="1009" it="0" lt="0" ct="1009" ts="1561111321150" s="false" lb="HTTP Request" rc="Non HTTP response code: org.apache.http.conn.HttpHostConnectException" rm="Non HTTP response message: Connect to 192.168.237.128:7077 [/192.168.237.128] failed: Connection refused: connect" tn="Thread Group 1-64" dt="text" by="2717" sby="0" ng="100" na="100">
  <java.net.URL>http://192.168.237.128:7077/</java.net.URL>
</httpSample>
<httpSample t="1002" it="0" lt="0" ct="1002" ts="1561111321157" s="false" lb="HTTP Request" rc="Non HTTP response code: org.apache.http.conn.HttpHostConnectException" rm="Non HTTP response message: Connect to 192.168.237.128:7077 [/192.168.237.128] failed: Connection refused: connect" tn="Thread Group 1-68" dt="text" by="2717" sby="0" ng="100" na="100">
  <java.net.URL>http://192.168.237.128:7077/</java.net.URL>
</httpSample>
<httpSample t="1001" it="0" lt="0" ct="1001" ts="1561111321162" s="false" lb="HTTP Request" rc="Non HTTP response code: org.apache.http.conn.HttpHostConnectException" rm="Non HTTP response message: Connect to 192.168.237.128:7077 [/192.168.237.128] failed: Connection refused: connect" tn="Thread Group 1-57" dt="text" by="2717" sby="0" ng="100" na="100">
  <java.net.URL>http://192.168.237.128:7077/</java.net.URL>
</httpSample>
<httpSample t="1004" it="0" lt="0" ct="1004" ts="1561111321161" s="false" lb="HTTP Request" rc="Non HTTP response code: org.apache.http.conn.HttpHostConnectException" rm="Non HTTP response message: Connect to 192.168.237.128:7077 [/192.168.237.128] failed: Connection refused: connect" tn="Thread Group 1-62" dt="text" by="2717" sby="0" ng="100" na="100">
  <java.net.URL>http://192.168.237.128:7077/</java.net.URL>
</httpSample>
<httpSample t="1002" it="0" lt="0" ct="1002" ts="1561111321171" s="false" lb="HTTP Request" rc="Non HTTP response code: org.apache.http.conn.HttpHostConnectException" rm="Non HTTP response message: Connect to 192.168.237.128:7077 [/192.168.237.128] failed: Connection refused: connect" tn="Thread Group 1-71" dt="text" by="2717" sby="0" ng="100" na="100">
  <java.net.URL>http://192.168.237.128:7077/</java.net.URL>
</httpSample>
<httpSample t="996" it="0" lt="0" ct="995" ts="1561111321188" s="false" lb="HTTP Request" rc="Non HTTP response code: org.apache.http.conn.HttpHostConnectException" rm="Non HTTP response message: Connect to 192.168.237.128:7077 [/192.168.237.128] failed: Connection refused: connect" tn="Thread Group 1-73" dt="text" by="2717" sby="0" ng="100" na="100">
  <java.net.URL>http://192.168.237.128:7077/</java.net.URL>
</httpSample>
<httpSample t="1030" it="0" lt="0" ct="1030" ts="1561111321160" s="false" lb="HTTP Request" rc="Non HTTP response code: org.apache.http.conn.HttpHostConnectException" rm="Non HTTP response message: Connect to 192.168.237.128:7077 [/192.168.237.128] failed: Connection refused: connect" tn="Thread Group 1-66" dt="text" by="2717" sby="0" ng="100" na="100">
  <java.net.URL>http://192.168.237.128:7077/</java.net.URL>
</httpSample>
<httpSample t="1003" it="0" lt="0" ct="1003" ts="1561111321187" s="false" lb="HTTP Request" rc="Non HTTP response code: org.apache.http.conn.HttpHostConnectException" rm="Non HTTP response message: Connect to 192.168.237.128:7077 [/192.168.237.128] failed: Connection refused: connect" tn="Thread Group 1-72" dt="text" by="2717" sby="0" ng="100" na="100">
  <java.net.URL>http://192.168.237.128:7077/</java.net.URL>
</httpSample>
<httpSample t="1034" it="0" lt="0" ct="1034" ts="1561111321156" s="false" lb="HTTP Request" rc="Non HTTP response code: org.apache.http.conn.HttpHostConnectException" rm="Non HTTP response message: Connect to 192.168.237.128:7077 [/192.168.237.128] failed: Connection refused: connect" tn="Thread Group 1-61" dt="text" by="2717" sby="0" ng="100" na="100">
  <java.net.URL>http://192.168.237.128:7077/</java.net.URL>
</httpSample>
<httpSample t="1006" it="0" lt="0" ct="1005" ts="1561111321251" s="false" lb="HTTP Request" rc="Non HTTP response code: org.apache.http.conn.HttpHostConnectException" rm="Non HTTP response message: Connect to 192.168.237.128:7077 [/192.168.237.128] failed: Connection refused: connect" tn="Thread Group 1-77" dt="text" by="2717" sby="0" ng="100" na="100">
  <java.net.URL>http://192.168.237.128:7077/</java.net.URL>
</httpSample>
<httpSample t="1000" it="0" lt="0" ct="1000" ts="1561111321262" s="false" lb="HTTP Request" rc="Non HTTP response code: org.apache.http.conn.HttpHostConnectException" rm="Non HTTP response message: Connect to 192.168.237.128:7077 [/192.168.237.128] failed: Connection refused: connect" tn="Thread Group 1-70" dt="text" by="2717" sby="0" ng="100" na="100">
  <java.net.URL>http://192.168.237.128:7077/</java.net.URL>
</httpSample>
<httpSample t="1001" it="0" lt="0" ct="1001" ts="1561111321262" s="false" lb="HTTP Request" rc="Non HTTP response code: org.apache.http.conn.HttpHostConnectException" rm="Non HTTP response message: Connect to 192.168.237.128:7077 [/192.168.237.128] failed: Connection refused: connect" tn="Thread Group 1-65" dt="text" by="2717" sby="0" ng="100" na="100">
  <java.net.URL>http://192.168.237.128:7077/</java.net.URL>
</httpSample>
<httpSample t="1005" it="0" lt="0" ct="1005" ts="1561111321261" s="false" lb="HTTP Request" rc="Non HTTP response code: org.apache.http.conn.HttpHostConnectException" rm="Non HTTP response message: Connect to 192.168.237.128:7077 [/192.168.237.128] failed: Connection refused: connect" tn="Thread Group 1-76" dt="text" by="2717" sby="0" ng="100" na="100">
  <java.net.URL>http://192.168.237.128:7077/</java.net.URL>
</httpSample>
<httpSample t="1004" it="0" lt="0" ct="1004" ts="1561111321282" s="false" lb="HTTP Request" rc="Non HTTP response code: org.apache.http.conn.HttpHostConnectException" rm="Non HTTP response message: Connect to 192.168.237.128:7077 [/192.168.237.128] failed: Connection refused: connect" tn="Thread Group 1-80" dt="text" by="2717" sby="0" ng="100" na="100">
  <java.net.URL>http://192.168.237.128:7077/</java.net.URL>
</httpSample>
<httpSample t="1034" it="0" lt="0" ct="1034" ts="1561111321257" s="false" lb="HTTP Request" rc="Non HTTP response code: org.apache.http.conn.HttpHostConnectException" rm="Non HTTP response message: Connect to 192.168.237.128:7077 [/192.168.237.128] failed: Connection refused: connect" tn="Thread Group 1-75" dt="text" by="2717" sby="0" ng="100" na="100">
  <java.net.URL>http://192.168.237.128:7077/</java.net.URL>
</httpSample>
<httpSample t="1010" it="0" lt="0" ct="1010" ts="1561111321282" s="false" lb="HTTP Request" rc="Non HTTP response code: org.apache.http.conn.HttpHostConnectException" rm="Non HTTP response message: Connect to 192.168.237.128:7077 [/192.168.237.128] failed: Connection refused: connect" tn="Thread Group 1-74" dt="text" by="2717" sby="0" ng="100" na="100">
  <java.net.URL>http://192.168.237.128:7077/</java.net.URL>
</httpSample>
<httpSample t="998" it="0" lt="0" ct="998" ts="1561111321294" s="false" lb="HTTP Request" rc="Non HTTP response code: org.apache.http.conn.HttpHostConnectException" rm="Non HTTP response message: Connect to 192.168.237.128:7077 [/192.168.237.128] failed: Connection refused: connect" tn="Thread Group 1-82" dt="text" by="2717" sby="0" ng="100" na="100">
  <java.net.URL>http://192.168.237.128:7077/</java.net.URL>
</httpSample>
<httpSample t="1002" it="0" lt="0" ct="1002" ts="1561111321292" s="false" lb="HTTP Request" rc="Non HTTP response code: org.apache.http.conn.HttpHostConnectException" rm="Non HTTP response message: Connect to 192.168.237.128:7077 [/192.168.237.128] failed: Connection refused: connect" tn="Thread Group 1-83" dt="text" by="2717" sby="0" ng="100" na="100">
  <java.net.URL>http://192.168.237.128:7077/</java.net.URL>
</httpSample>
<httpSample t="999" it="0" lt="0" ct="999" ts="1561111321296" s="false" lb="HTTP Request" rc="Non HTTP response code: org.apache.http.conn.HttpHostConnectException" rm="Non HTTP response message: Connect to 192.168.237.128:7077 [/192.168.237.128] failed: Connection refused: connect" tn="Thread Group 1-78" dt="text" by="2717" sby="0" ng="100" na="100">
  <java.net.URL>http://192.168.237.128:7077/</java.net.URL>
</httpSample>
<httpSample t="1001" it="0" lt="0" ct="1001" ts="1561111321351" s="false" lb="HTTP Request" rc="Non HTTP response code: org.apache.http.conn.HttpHostConnectException" rm="Non HTTP response message: Connect to 192.168.237.128:7077 [/192.168.237.128] failed: Connection refused: connect" tn="Thread Group 1-84" dt="text" by="2717" sby="0" ng="100" na="100">
  <java.net.URL>http://192.168.237.128:7077/</java.net.URL>
</httpSample>
<httpSample t="998" it="0" lt="0" ct="998" ts="1561111321355" s="false" lb="HTTP Request" rc="Non HTTP response code: org.apache.http.conn.HttpHostConnectException" rm="Non HTTP response message: Connect to 192.168.237.128:7077 [/192.168.237.128] failed: Connection refused: connect" tn="Thread Group 1-87" dt="text" by="2717" sby="0" ng="100" na="100">
  <java.net.URL>http://192.168.237.128:7077/</java.net.URL>
</httpSample>
<httpSample t="1000" it="0" lt="0" ct="1000" ts="1561111321354" s="false" lb="HTTP Request" rc="Non HTTP response code: org.apache.http.conn.HttpHostConnectException" rm="Non HTTP response message: Connect to 192.168.237.128:7077 [/192.168.237.128] failed: Connection refused: connect" tn="Thread Group 1-69" dt="text" by="2717" sby="0" ng="100" na="100">
  <java.net.URL>http://192.168.237.128:7077/</java.net.URL>
</httpSample>
<httpSample t="997" it="0" lt="0" ct="997" ts="1561111321365" s="false" lb="HTTP Request" rc="Non HTTP response code: org.apache.http.conn.HttpHostConnectException" rm="Non HTTP response message: Connect to 192.168.237.128:7077 [/192.168.237.128] failed: Connection refused: connect" tn="Thread Group 1-79" dt="text" by="2717" sby="0" ng="100" na="100">
  <java.net.URL>http://192.168.237.128:7077/</java.net.URL>
</httpSample>
<httpSample t="997" it="0" lt="0" ct="997" ts="1561111321388" s="false" lb="HTTP Request" rc="Non HTTP response code: org.apache.http.conn.HttpHostConnectException" rm="Non HTTP response message: Connect to 192.168.237.128:7077 [/192.168.237.128] failed: Connection refused: connect" tn="Thread Group 1-85" dt="text" by="2717" sby="0" ng="100" na="100">
  <java.net.URL>http://192.168.237.128:7077/</java.net.URL>
</httpSample>
<httpSample t="1043" it="0" lt="0" ct="1043" ts="1561111321354" s="false" lb="HTTP Request" rc="Non HTTP response code: org.apache.http.conn.HttpHostConnectException" rm="Non HTTP response message: Connect to 192.168.237.128:7077 [/192.168.237.128] failed: Connection refused: connect" tn="Thread Group 1-91" dt="text" by="2717" sby="0" ng="100" na="100">
  <java.net.URL>http://192.168.237.128:7077/</java.net.URL>
</httpSample>
<httpSample t="1004" it="0" lt="0" ct="1004" ts="1561111321401" s="false" lb="HTTP Request" rc="Non HTTP response code: org.apache.http.conn.HttpHostConnectException" rm="Non HTTP response message: Connect to 192.168.237.128:7077 [/192.168.237.128] failed: Connection refused: connect" tn="Thread Group 1-86" dt="text" by="2717" sby="0" ng="100" na="100">
  <java.net.URL>http://192.168.237.128:7077/</java.net.URL>
</httpSample>
<httpSample t="1003" it="0" lt="0" ct="1003" ts="1561111321436" s="false" lb="HTTP Request" rc="Non HTTP response code: org.apache.http.conn.HttpHostConnectException" rm="Non HTTP response message: Connect to 192.168.237.128:7077 [/192.168.237.128] failed: Connection refused: connect" tn="Thread Group 1-95" dt="text" by="2717" sby="0" ng="100" na="100">
  <java.net.URL>http://192.168.237.128:7077/</java.net.URL>
</httpSample>
<httpSample t="997" it="0" lt="0" ct="997" ts="1561111321469" s="false" lb="HTTP Request" rc="Non HTTP response code: org.apache.http.conn.HttpHostConnectException" rm="Non HTTP response message: Connect to 192.168.237.128:7077 [/192.168.237.128] failed: Connection refused: connect" tn="Thread Group 1-96" dt="text" by="2717" sby="0" ng="100" na="100">
  <java.net.URL>http://192.168.237.128:7077/</java.net.URL>
</httpSample>
<httpSample t="1006" it="0" lt="0" ct="1006" ts="1561111321461" s="false" lb="HTTP Request" rc="Non HTTP response code: org.apache.http.conn.HttpHostConnectException" rm="Non HTTP response message: Connect to 192.168.237.128:7077 [/192.168.237.128] failed: Connection refused: connect" tn="Thread Group 1-92" dt="text" by="2717" sby="0" ng="100" na="100">
  <java.net.URL>http://192.168.237.128:7077/</java.net.URL>
</httpSample>
<httpSample t="1007" it="0" lt="0" ct="1007" ts="1561111321470" s="false" lb="HTTP Request" rc="Non HTTP response code: org.apache.http.conn.HttpHostConnectException" rm="Non HTTP response message: Connect to 192.168.237.128:7077 [/192.168.237.128] failed: Connection refused: connect" tn="Thread Group 1-93" dt="text" by="2717" sby="0" ng="100" na="100">
  <java.net.URL>http://192.168.237.128:7077/</java.net.URL>
</httpSample>
<httpSample t="1027" it="0" lt="0" ct="1027" ts="1561111321465" s="false" lb="HTTP Request" rc="Non HTTP response code: org.apache.http.conn.HttpHostConnectException" rm="Non HTTP response message: Connect to 192.168.237.128:7077 [/192.168.237.128] failed: Connection refused: connect" tn="Thread Group 1-81" dt="text" by="2717" sby="0" ng="100" na="100">
  <java.net.URL>http://192.168.237.128:7077/</java.net.URL>
</httpSample>
<httpSample t="1077" it="0" lt="0" ct="1077" ts="1561111321415" s="false" lb="HTTP Request" rc="Non HTTP response code: org.apache.http.conn.HttpHostConnectException" rm="Non HTTP response message: Connect to 192.168.237.128:7077 [/192.168.237.128] failed: Connection refused: connect" tn="Thread Group 1-94" dt="text" by="2717" sby="0" ng="100" na="100">
  <java.net.URL>http://192.168.237.128:7077/</java.net.URL>
</httpSample>
<httpSample t="1095" it="0" lt="0" ct="1095" ts="1561111321397" s="false" lb="HTTP Request" rc="Non HTTP response code: org.apache.http.conn.HttpHostConnectException" rm="Non HTTP response message: Connect to 192.168.237.128:7077 [/192.168.237.128] failed: Connection refused: connect" tn="Thread Group 1-88" dt="text" by="2717" sby="0" ng="100" na="100">
  <java.net.URL>http://192.168.237.128:7077/</java.net.URL>
</httpSample>
<httpSample t="1007" it="0" lt="0" ct="1007" ts="1561111321490" s="false" lb="HTTP Request" rc="Non HTTP response code: org.apache.http.conn.HttpHostConnectException" rm="Non HTTP response message: Connect to 192.168.237.128:7077 [/192.168.237.128] failed: Connection refused: connect" tn="Thread Group 1-89" dt="text" by="2717" sby="0" ng="100" na="100">
  <java.net.URL>http://192.168.237.128:7077/</java.net.URL>
</httpSample>
<httpSample t="1008" it="0" lt="0" ct="1008" ts="1561111321491" s="false" lb="HTTP Request" rc="Non HTTP response code: org.apache.http.conn.HttpHostConnectException" rm="Non HTTP response message: Connect to 192.168.237.128:7077 [/192.168.237.128] failed: Connection refused: connect" tn="Thread Group 1-90" dt="text" by="2717" sby="0" ng="100" na="100">
  <java.net.URL>http://192.168.237.128:7077/</java.net.URL>
</httpSample>
<httpSample t="1008" it="0" lt="0" ct="1008" ts="1561111321501" s="false" lb="HTTP Request" rc="Non HTTP response code: org.apache.http.conn.HttpHostConnectException" rm="Non HTTP response message: Connect to 192.168.237.128:7077 [/192.168.237.128] failed: Connection refused: connect" tn="Thread Group 1-4" dt="text" by="2717" sby="0" ng="100" na="100">
  <java.net.URL>http://192.168.237.128:7077/</java.net.URL>
</httpSample>
<httpSample t="1009" it="0" lt="0" ct="1009" ts="1561111321510" s="false" lb="HTTP Request" rc="Non HTTP response code: org.apache.http.conn.HttpHostConnectException" rm="Non HTTP response message: Connect to 192.168.237.128:7077 [/192.168.237.128] failed: Connection refused: connect" tn="Thread Group 1-97" dt="text" by="2717" sby="0" ng="100" na="100">
  <java.net.URL>http://192.168.237.128:7077/</java.net.URL>
</httpSample>
<httpSample t="1006" it="0" lt="0" ct="1006" ts="1561111321553" s="false" lb="HTTP Request" rc="Non HTTP response code: org.apache.http.conn.HttpHostConnectException" rm="Non HTTP response message: Connect to 192.168.237.128:7077 [/192.168.237.128] failed: Connection refused: connect" tn="Thread Group 1-3" dt="text" by="2717" sby="0" ng="100" na="100">
  <java.net.URL>http://192.168.237.128:7077/</java.net.URL>
</httpSample>
<httpSample t="1007" it="0" lt="0" ct="1007" ts="1561111321560" s="false" lb="HTTP Request" rc="Non HTTP response code: org.apache.http.conn.HttpHostConnectException" rm="Non HTTP response message: Connect to 192.168.237.128:7077 [/192.168.237.128] failed: Connection refused: connect" tn="Thread Group 1-6" dt="text" by="2717" sby="0" ng="100" na="100">
  <java.net.URL>http://192.168.237.128:7077/</java.net.URL>
</httpSample>
<httpSample t="1006" it="0" lt="0" ct="1006" ts="1561111321561" s="false" lb="HTTP Request" rc="Non HTTP response code: org.apache.http.conn.HttpHostConnectException" rm="Non HTTP response message: Connect to 192.168.237.128:7077 [/192.168.237.128] failed: Connection refused: connect" tn="Thread Group 1-2" dt="text" by="2717" sby="0" ng="100" na="100">
  <java.net.URL>http://192.168.237.128:7077/</java.net.URL>
</httpSample>
<httpSample t="1009" it="0" lt="0" ct="1009" ts="1561111321560" s="false" lb="HTTP Request" rc="Non HTTP response code: org.apache.http.conn.HttpHostConnectException" rm="Non HTTP response message: Connect to 192.168.237.128:7077 [/192.168.237.128] failed: Connection refused: connect" tn="Thread Group 1-7" dt="text" by="2717" sby="0" ng="100" na="100">
  <java.net.URL>http://192.168.237.128:7077/</java.net.URL>
</httpSample>
<httpSample t="1008" it="0" lt="0" ct="1008" ts="1561111321561" s="false" lb="HTTP Request" rc="Non HTTP response code: org.apache.http.conn.HttpHostConnectException" rm="Non HTTP response message: Connect to 192.168.237.128:7077 [/192.168.237.128] failed: Connection refused: connect" tn="Thread Group 1-10" dt="text" by="2717" sby="0" ng="100" na="100">
  <java.net.URL>http://192.168.237.128:7077/</java.net.URL>
</httpSample>
<httpSample t="1008" it="0" lt="0" ct="1007" ts="1561111321571" s="false" lb="HTTP Request" rc="Non HTTP response code: org.apache.http.conn.HttpHostConnectException" rm="Non HTTP response message: Connect to 192.168.237.128:7077 [/192.168.237.128] failed: Connection refused: connect" tn="Thread Group 1-98" dt="text" by="2717" sby="0" ng="100" na="100">
  <java.net.URL>http://192.168.237.128:7077/</java.net.URL>
</httpSample>
<httpSample t="1008" it="0" lt="0" ct="1008" ts="1561111321581" s="false" lb="HTTP Request" rc="Non HTTP response code: org.apache.http.conn.HttpHostConnectException" rm="Non HTTP response message: Connect to 192.168.237.128:7077 [/192.168.237.128] failed: Connection refused: connect" tn="Thread Group 1-12" dt="text" by="2717" sby="0" ng="100" na="100">
  <java.net.URL>http://192.168.237.128:7077/</java.net.URL>
</httpSample>
<httpSample t="1029" it="0" lt="0" ct="1028" ts="1561111321563" s="false" lb="HTTP Request" rc="Non HTTP response code: org.apache.http.conn.HttpHostConnectException" rm="Non HTTP response message: Connect to 192.168.237.128:7077 [/192.168.237.128] failed: Connection refused: connect" tn="Thread Group 1-1" dt="text" by="2717" sby="0" ng="100" na="100">
  <java.net.URL>http://192.168.237.128:7077/</java.net.URL>
</httpSample>
<httpSample t="1059" it="0" lt="0" ct="1059" ts="1561111321533" s="false" lb="HTTP Request" rc="Non HTTP response code: org.apache.http.conn.HttpHostConnectException" rm="Non HTTP response message: Connect to 192.168.237.128:7077 [/192.168.237.128] failed: Connection refused: connect" tn="Thread Group 1-5" dt="text" by="2717" sby="0" ng="100" na="100">
  <java.net.URL>http://192.168.237.128:7077/</java.net.URL>
</httpSample>
<httpSample t="1093" it="0" lt="0" ct="1093" ts="1561111321509" s="false" lb="HTTP Request" rc="Non HTTP response code: org.apache.http.conn.HttpHostConnectException" rm="Non HTTP response message: Connect to 192.168.237.128:7077 [/192.168.237.128] failed: Connection refused: connect" tn="Thread Group 1-99" dt="text" by="2717" sby="0" ng="100" na="100">
  <java.net.URL>http://192.168.237.128:7077/</java.net.URL>
</httpSample>
<httpSample t="1008" it="0" lt="0" ct="1008" ts="1561111321619" s="false" lb="HTTP Request" rc="Non HTTP response code: org.apache.http.conn.HttpHostConnectException" rm="Non HTTP response message: Connect to 192.168.237.128:7077 [/192.168.237.128] failed: Connection refused: connect" tn="Thread Group 1-13" dt="text" by="2717" sby="0" ng="100" na="100">
  <java.net.URL>http://192.168.237.128:7077/</java.net.URL>
</httpSample>
<httpSample t="1007" it="0" lt="0" ct="1006" ts="1561111321622" s="false" lb="HTTP Request" rc="Non HTTP response code: org.apache.http.conn.HttpHostConnectException" rm="Non HTTP response message: Connect to 192.168.237.128:7077 [/192.168.237.128] failed: Connection refused: connect" tn="Thread Group 1-8" dt="text" by="2717" sby="0" ng="100" na="100">
  <java.net.URL>http://192.168.237.128:7077/</java.net.URL>
</httpSample>
<httpSample t="1004" it="0" lt="0" ct="1004" ts="1561111321664" s="false" lb="HTTP Request" rc="Non HTTP response code: org.apache.http.conn.HttpHostConnectException" rm="Non HTTP response message: Connect to 192.168.237.128:7077 [/192.168.237.128] failed: Connection refused: connect" tn="Thread Group 1-20" dt="text" by="2717" sby="0" ng="100" na="100">
  <java.net.URL>http://192.168.237.128:7077/</java.net.URL>
</httpSample>
<httpSample t="1000" it="0" lt="0" ct="1000" ts="1561111321669" s="false" lb="HTTP Request" rc="Non HTTP response code: org.apache.http.conn.HttpHostConnectException" rm="Non HTTP response message: Connect to 192.168.237.128:7077 [/192.168.237.128] failed: Connection refused: connect" tn="Thread Group 1-16" dt="text" by="2717" sby="0" ng="100" na="100">
  <java.net.URL>http://192.168.237.128:7077/</java.net.URL>
</httpSample>
<httpSample t="1008" it="0" lt="0" ct="1008" ts="1561111321664" s="false" lb="HTTP Request" rc="Non HTTP response code: org.apache.http.conn.HttpHostConnectException" rm="Non HTTP response message: Connect to 192.168.237.128:7077 [/192.168.237.128] failed: Connection refused: connect" tn="Thread Group 1-17" dt="text" by="2717" sby="0" ng="100" na="100">
  <java.net.URL>http://192.168.237.128:7077/</java.net.URL>
</httpSample>
<httpSample t="1014" it="0" lt="0" ct="1014" ts="1561111321660" s="false" lb="HTTP Request" rc="Non HTTP response code: org.apache.http.conn.HttpHostConnectException" rm="Non HTTP response message: Connect to 192.168.237.128:7077 [/192.168.237.128] failed: Connection refused: connect" tn="Thread Group 1-14" dt="text" by="2717" sby="0" ng="100" na="100">
  <java.net.URL>http://192.168.237.128:7077/</java.net.URL>
</httpSample>
<httpSample t="1006" it="0" lt="0" ct="1006" ts="1561111321668" s="false" lb="HTTP Request" rc="Non HTTP response code: org.apache.http.conn.HttpHostConnectException" rm="Non HTTP response message: Connect to 192.168.237.128:7077 [/192.168.237.128] failed: Connection refused: connect" tn="Thread Group 1-19" dt="text" by="2717" sby="0" ng="100" na="100">
  <java.net.URL>http://192.168.237.128:7077/</java.net.URL>
</httpSample>
<httpSample t="1015" it="0" lt="0" ct="1015" ts="1561111321660" s="false" lb="HTTP Request" rc="Non HTTP response code: org.apache.http.conn.HttpHostConnectException" rm="Non HTTP response message: Connect to 192.168.237.128:7077 [/192.168.237.128] failed: Connection refused: connect" tn="Thread Group 1-100" dt="text" by="2717" sby="0" ng="100" na="100">
  <java.net.URL>http://192.168.237.128:7077/</java.net.URL>
</httpSample>
<httpSample t="1000" it="0" lt="0" ct="1000" ts="1561111321678" s="false" lb="HTTP Request" rc="Non HTTP response code: org.apache.http.conn.HttpHostConnectException" rm="Non HTTP response message: Connect to 192.168.237.128:7077 [/192.168.237.128] failed: Connection refused: connect" tn="Thread Group 1-22" dt="text" by="2717" sby="0" ng="100" na="100">
  <java.net.URL>http://192.168.237.128:7077/</java.net.URL>
</httpSample>
<httpSample t="1006" it="0" lt="0" ct="1006" ts="1561111321673" s="false" lb="HTTP Request" rc="Non HTTP response code: org.apache.http.conn.HttpHostConnectException" rm="Non HTTP response message: Connect to 192.168.237.128:7077 [/192.168.237.128] failed: Connection refused: connect" tn="Thread Group 1-23" dt="text" by="2717" sby="0" ng="100" na="100">
  <java.net.URL>http://192.168.237.128:7077/</java.net.URL>
</httpSample>
<httpSample t="1039" it="0" lt="0" ct="1039" ts="1561111321654" s="false" lb="HTTP Request" rc="Non HTTP response code: org.apache.http.conn.HttpHostConnectException" rm="Non HTTP response message: Connect to 192.168.237.128:7077 [/192.168.237.128] failed: Connection refused: connect" tn="Thread Group 1-18" dt="text" by="2717" sby="0" ng="100" na="100">
  <java.net.URL>http://192.168.237.128:7077/</java.net.URL>
</httpSample>
<httpSample t="1033" it="0" lt="0" ct="1033" ts="1561111321660" s="false" lb="HTTP Request" rc="Non HTTP response code: org.apache.http.conn.HttpHostConnectException" rm="Non HTTP response message: Connect to 192.168.237.128:7077 [/192.168.237.128] failed: Connection refused: connect" tn="Thread Group 1-11" dt="text" by="2717" sby="0" ng="100" na="100">
  <java.net.URL>http://192.168.237.128:7077/</java.net.URL>
</httpSample>
<httpSample t="1030" it="0" lt="0" ct="1030" ts="1561111321664" s="false" lb="HTTP Request" rc="Non HTTP response code: org.apache.http.conn.HttpHostConnectException" rm="Non HTTP response message: Connect to 192.168.237.128:7077 [/192.168.237.128] failed: Connection refused: connect" tn="Thread Group 1-9" dt="text" by="2717" sby="0" ng="100" na="100">
  <java.net.URL>http://192.168.237.128:7077/</java.net.URL>
</httpSample>
<httpSample t="1005" it="0" lt="0" ct="1005" ts="1561111321714" s="false" lb="HTTP Request" rc="Non HTTP response code: org.apache.http.conn.HttpHostConnectException" rm="Non HTTP response message: Connect to 192.168.237.128:7077 [/192.168.237.128] failed: Connection refused: connect" tn="Thread Group 1-25" dt="text" by="2717" sby="0" ng="100" na="100">
  <java.net.URL>http://192.168.237.128:7077/</java.net.URL>
</httpSample>
<httpSample t="1004" it="0" lt="0" ct="1004" ts="1561111321753" s="false" lb="HTTP Request" rc="Non HTTP response code: org.apache.http.conn.HttpHostConnectException" rm="Non HTTP response message: Connect to 192.168.237.128:7077 [/192.168.237.128] failed: Connection refused: connect" tn="Thread Group 1-31" dt="text" by="2717" sby="0" ng="100" na="100">
  <java.net.URL>http://192.168.237.128:7077/</java.net.URL>
</httpSample>
<httpSample t="1002" it="0" lt="0" ct="1002" ts="1561111321759" s="false" lb="HTTP Request" rc="Non HTTP response code: org.apache.http.conn.HttpHostConnectException" rm="Non HTTP response message: Connect to 192.168.237.128:7077 [/192.168.237.128] failed: Connection refused: connect" tn="Thread Group 1-26" dt="text" by="2717" sby="0" ng="100" na="100">
  <java.net.URL>http://192.168.237.128:7077/</java.net.URL>
</httpSample>
<httpSample t="1001" it="0" lt="0" ct="1001" ts="1561111321771" s="false" lb="HTTP Request" rc="Non HTTP response code: org.apache.http.conn.HttpHostConnectException" rm="Non HTTP response message: Connect to 192.168.237.128:7077 [/192.168.237.128] failed: Connection refused: connect" tn="Thread Group 1-24" dt="text" by="2717" sby="0" ng="100" na="100">
  <java.net.URL>http://192.168.237.128:7077/</java.net.URL>
</httpSample>
<httpSample t="996" it="0" lt="0" ct="996" ts="1561111321776" s="false" lb="HTTP Request" rc="Non HTTP response code: org.apache.http.conn.HttpHostConnectException" rm="Non HTTP response message: Connect to 192.168.237.128:7077 [/192.168.237.128] failed: Connection refused: connect" tn="Thread Group 1-32" dt="text" by="2717" sby="0" ng="100" na="100">
  <java.net.URL>http://192.168.237.128:7077/</java.net.URL>
</httpSample>
<httpSample t="1045" it="0" lt="0" ct="1045" ts="1561111321747" s="false" lb="HTTP Request" rc="Non HTTP response code: org.apache.http.conn.HttpHostConnectException" rm="Non HTTP response message: Connect to 192.168.237.128:7077 [/192.168.237.128] failed: Connection refused: connect" tn="Thread Group 1-21" dt="text" by="2717" sby="0" ng="100" na="100">
  <java.net.URL>http://192.168.237.128:7077/</java.net.URL>
</httpSample>
<httpSample t="1007" it="0" lt="0" ct="1007" ts="1561111321791" s="false" lb="HTTP Request" rc="Non HTTP response code: org.apache.http.conn.HttpHostConnectException" rm="Non HTTP response message: Connect to 192.168.237.128:7077 [/192.168.237.128] failed: Connection refused: connect" tn="Thread Group 1-33" dt="text" by="2717" sby="0" ng="100" na="100">
  <java.net.URL>http://192.168.237.128:7077/</java.net.URL>
</httpSample>
<httpSample t="1032" it="0" lt="0" ct="1032" ts="1561111321771" s="false" lb="HTTP Request" rc="Non HTTP response code: org.apache.http.conn.HttpHostConnectException" rm="Non HTTP response message: Connect to 192.168.237.128:7077 [/192.168.237.128] failed: Connection refused: connect" tn="Thread Group 1-28" dt="text" by="2717" sby="0" ng="100" na="100">
  <java.net.URL>http://192.168.237.128:7077/</java.net.URL>
</httpSample>
<httpSample t="1044" it="0" lt="0" ct="1044" ts="1561111321759" s="false" lb="HTTP Request" rc="Non HTTP response code: org.apache.http.conn.HttpHostConnectException" rm="Non HTTP response message: Connect to 192.168.237.128:7077 [/192.168.237.128] failed: Connection refused: connect" tn="Thread Group 1-15" dt="text" by="2717" sby="0" ng="100" na="100">
  <java.net.URL>http://192.168.237.128:7077/</java.net.URL>
</httpSample>
<httpSample t="1008" it="0" lt="0" ct="1008" ts="1561111321801" s="false" lb="HTTP Request" rc="Non HTTP response code: org.apache.http.conn.HttpHostConnectException" rm="Non HTTP response message: Connect to 192.168.237.128:7077 [/192.168.237.128] failed: Connection refused: connect" tn="Thread Group 1-27" dt="text" by="2717" sby="0" ng="100" na="100">
  <java.net.URL>http://192.168.237.128:7077/</java.net.URL>
</httpSample>
<httpSample t="1009" it="0" lt="0" ct="1009" ts="1561111321844" s="false" lb="HTTP Request" rc="Non HTTP response code: org.apache.http.conn.HttpHostConnectException" rm="Non HTTP response message: Connect to 192.168.237.128:7077 [/192.168.237.128] failed: Connection refused: connect" tn="Thread Group 1-29" dt="text" by="2717" sby="0" ng="100" na="100">
  <java.net.URL>http://192.168.237.128:7077/</java.net.URL>
</httpSample>
<httpSample t="1002" it="0" lt="0" ct="1002" ts="1561111321854" s="false" lb="HTTP Request" rc="Non HTTP response code: org.apache.http.conn.HttpHostConnectException" rm="Non HTTP response message: Connect to 192.168.237.128:7077 [/192.168.237.128] failed: Connection refused: connect" tn="Thread Group 1-30" dt="text" by="2717" sby="0" ng="100" na="100">
  <java.net.URL>http://192.168.237.128:7077/</java.net.URL>
</httpSample>
<httpSample t="1004" it="0" lt="0" ct="1004" ts="1561111321854" s="false" lb="HTTP Request" rc="Non HTTP response code: org.apache.http.conn.HttpHostConnectException" rm="Non HTTP response message: Connect to 192.168.237.128:7077 [/192.168.237.128] failed: Connection refused: connect" tn="Thread Group 1-37" dt="text" by="2717" sby="0" ng="100" na="100">
  <java.net.URL>http://192.168.237.128:7077/</java.net.URL>
</httpSample>
<httpSample t="1002" it="0" lt="0" ct="1002" ts="1561111321877" s="false" lb="HTTP Request" rc="Non HTTP response code: org.apache.http.conn.HttpHostConnectException" rm="Non HTTP response message: Connect to 192.168.237.128:7077 [/192.168.237.128] failed: Connection refused: connect" tn="Thread Group 1-40" dt="text" by="2717" sby="0" ng="100" na="100">
  <java.net.URL>http://192.168.237.128:7077/</java.net.URL>
</httpSample>
<httpSample t="1001" it="0" lt="0" ct="1001" ts="1561111321887" s="false" lb="HTTP Request" rc="Non HTTP response code: org.apache.http.conn.HttpHostConnectException" rm="Non HTTP response message: Connect to 192.168.237.128:7077 [/192.168.237.128] failed: Connection refused: connect" tn="Thread Group 1-43" dt="text" by="2717" sby="0" ng="100" na="100">
  <java.net.URL>http://192.168.237.128:7077/</java.net.URL>
</httpSample>
<httpSample t="1001" it="0" lt="0" ct="1001" ts="1561111321894" s="false" lb="HTTP Request" rc="Non HTTP response code: org.apache.http.conn.HttpHostConnectException" rm="Non HTTP response message: Connect to 192.168.237.128:7077 [/192.168.237.128] failed: Connection refused: connect" tn="Thread Group 1-38" dt="text" by="2717" sby="0" ng="100" na="100">
  <java.net.URL>http://192.168.237.128:7077/</java.net.URL>
</httpSample>
<httpSample t="1005" it="0" lt="0" ct="1005" ts="1561111321894" s="false" lb="HTTP Request" rc="Non HTTP response code: org.apache.http.conn.HttpHostConnectException" rm="Non HTTP response message: Connect to 192.168.237.128:7077 [/192.168.237.128] failed: Connection refused: connect" tn="Thread Group 1-44" dt="text" by="2717" sby="0" ng="100" na="100">
  <java.net.URL>http://192.168.237.128:7077/</java.net.URL>
</httpSample>
<httpSample t="1009" it="0" lt="0" ct="1009" ts="1561111321891" s="false" lb="HTTP Request" rc="Non HTTP response code: org.apache.http.conn.HttpHostConnectException" rm="Non HTTP response message: Connect to 192.168.237.128:7077 [/192.168.237.128] failed: Connection refused: connect" tn="Thread Group 1-42" dt="text" by="2717" sby="0" ng="100" na="100">
  <java.net.URL>http://192.168.237.128:7077/</java.net.URL>
</httpSample>
<httpSample t="1003" it="0" lt="0" ct="1003" ts="1561111321944" s="false" lb="HTTP Request" rc="Non HTTP response code: org.apache.http.conn.HttpHostConnectException" rm="Non HTTP response message: Connect to 192.168.237.128:7077 [/192.168.237.128] failed: Connection refused: connect" tn="Thread Group 1-45" dt="text" by="2717" sby="0" ng="100" na="100">
  <java.net.URL>http://192.168.237.128:7077/</java.net.URL>
</httpSample>
<httpSample t="1069" it="0" lt="0" ct="1069" ts="1561111321893" s="false" lb="HTTP Request" rc="Non HTTP response code: org.apache.http.conn.HttpHostConnectException" rm="Non HTTP response message: Connect to 192.168.237.128:7077 [/192.168.237.128] failed: Connection refused: connect" tn="Thread Group 1-34" dt="text" by="2717" sby="0" ng="100" na="100">
  <java.net.URL>http://192.168.237.128:7077/</java.net.URL>
</httpSample>
<httpSample t="1018" it="0" lt="0" ct="1018" ts="1561111321964" s="false" lb="HTTP Request" rc="Non HTTP response code: org.apache.http.conn.HttpHostConnectException" rm="Non HTTP response message: Connect to 192.168.237.128:7077 [/192.168.237.128] failed: Connection refused: connect" tn="Thread Group 1-41" dt="text" by="2717" sby="0" ng="100" na="100">
  <java.net.URL>http://192.168.237.128:7077/</java.net.URL>
</httpSample>
<httpSample t="1040" it="0" lt="0" ct="1040" ts="1561111321957" s="false" lb="HTTP Request" rc="Non HTTP response code: org.apache.http.conn.HttpHostConnectException" rm="Non HTTP response message: Connect to 192.168.237.128:7077 [/192.168.237.128] failed: Connection refused: connect" tn="Thread Group 1-36" dt="text" by="2717" sby="0" ng="100" na="100">
  <java.net.URL>http://192.168.237.128:7077/</java.net.URL>
</httpSample>
<httpSample t="1034" it="0" lt="0" ct="1034" ts="1561111321964" s="false" lb="HTTP Request" rc="Non HTTP response code: org.apache.http.conn.HttpHostConnectException" rm="Non HTTP response message: Connect to 192.168.237.128:7077 [/192.168.237.128] failed: Connection refused: connect" tn="Thread Group 1-35" dt="text" by="2717" sby="0" ng="100" na="100">
  <java.net.URL>http://192.168.237.128:7077/</java.net.URL>
</httpSample>
<httpSample t="1003" it="0" lt="0" ct="1003" ts="1561111321996" s="false" lb="HTTP Request" rc="Non HTTP response code: org.apache.http.conn.HttpHostConnectException" rm="Non HTTP response message: Connect to 192.168.237.128:7077 [/192.168.237.128] failed: Connection refused: connect" tn="Thread Group 1-47" dt="text" by="2717" sby="0" ng="100" na="100">
  <java.net.URL>http://192.168.237.128:7077/</java.net.URL>
</httpSample>
<httpSample t="1012" it="0" lt="0" ct="1012" ts="1561111321991" s="false" lb="HTTP Request" rc="Non HTTP response code: org.apache.http.conn.HttpHostConnectException" rm="Non HTTP response message: Connect to 192.168.237.128:7077 [/192.168.237.128] failed: Connection refused: connect" tn="Thread Group 1-49" dt="text" by="2717" sby="0" ng="100" na="100">
  <java.net.URL>http://192.168.237.128:7077/</java.net.URL>
</httpSample>
<httpSample t="1021" it="0" lt="0" ct="1021" ts="1561111321991" s="false" lb="HTTP Request" rc="Non HTTP response code: org.apache.http.conn.HttpHostConnectException" rm="Non HTTP response message: Connect to 192.168.237.128:7077 [/192.168.237.128] failed: Connection refused: connect" tn="Thread Group 1-39" dt="text" by="2717" sby="0" ng="100" na="100">
  <java.net.URL>http://192.168.237.128:7077/</java.net.URL>
</httpSample>
<httpSample t="998" it="0" lt="0" ct="998" ts="1561111322018" s="false" lb="HTTP Request" rc="Non HTTP response code: org.apache.http.conn.HttpHostConnectException" rm="Non HTTP response message: Connect to 192.168.237.128:7077 [/192.168.237.128] failed: Connection refused: connect" tn="Thread Group 1-48" dt="text" by="2717" sby="0" ng="100" na="100">
  <java.net.URL>http://192.168.237.128:7077/</java.net.URL>
</httpSample>
<httpSample t="1008" it="0" lt="0" ct="1008" ts="1561111322034" s="false" lb="HTTP Request" rc="Non HTTP response code: org.apache.http.conn.HttpHostConnectException" rm="Non HTTP response message: Connect to 192.168.237.128:7077 [/192.168.237.128] failed: Connection refused: connect" tn="Thread Group 1-56" dt="text" by="2717" sby="0" ng="100" na="100">
  <java.net.URL>http://192.168.237.128:7077/</java.net.URL>
</httpSample>
<httpSample t="1019" it="0" lt="0" ct="1019" ts="1561111322023" s="false" lb="HTTP Request" rc="Non HTTP response code: org.apache.http.conn.HttpHostConnectException" rm="Non HTTP response message: Connect to 192.168.237.128:7077 [/192.168.237.128] failed: Connection refused: connect" tn="Thread Group 1-58" dt="text" by="2717" sby="0" ng="100" na="100">
  <java.net.URL>http://192.168.237.128:7077/</java.net.URL>
</httpSample>
<httpSample t="1004" it="0" lt="0" ct="1004" ts="1561111322043" s="false" lb="HTTP Request" rc="Non HTTP response code: org.apache.http.conn.HttpHostConnectException" rm="Non HTTP response message: Connect to 192.168.237.128:7077 [/192.168.237.128] failed: Connection refused: connect" tn="Thread Group 1-60" dt="text" by="2717" sby="0" ng="100" na="100">
  <java.net.URL>http://192.168.237.128:7077/</java.net.URL>
</httpSample>
<httpSample t="1004" it="0" lt="0" ct="1004" ts="1561111322053" s="false" lb="HTTP Request" rc="Non HTTP response code: org.apache.http.conn.HttpHostConnectException" rm="Non HTTP response message: Connect to 192.168.237.128:7077 [/192.168.237.128] failed: Connection refused: connect" tn="Thread Group 1-51" dt="text" by="2717" sby="0" ng="100" na="100">
  <java.net.URL>http://192.168.237.128:7077/</java.net.URL>
</httpSample>
<httpSample t="1009" it="0" lt="0" ct="1008" ts="1561111322053" s="false" lb="HTTP Request" rc="Non HTTP response code: org.apache.http.conn.HttpHostConnectException" rm="Non HTTP response message: Connect to 192.168.237.128:7077 [/192.168.237.128] failed: Connection refused: connect" tn="Thread Group 1-59" dt="text" by="2717" sby="0" ng="100" na="100">
  <java.net.URL>http://192.168.237.128:7077/</java.net.URL>
</httpSample>
<httpSample t="1003" it="0" lt="0" ct="1003" ts="1561111322064" s="false" lb="HTTP Request" rc="Non HTTP response code: org.apache.http.conn.HttpHostConnectException" rm="Non HTTP response message: Connect to 192.168.237.128:7077 [/192.168.237.128] failed: Connection refused: connect" tn="Thread Group 1-52" dt="text" by="2717" sby="0" ng="100" na="100">
  <java.net.URL>http://192.168.237.128:7077/</java.net.URL>
</httpSample>
<httpSample t="1005" it="0" lt="0" ct="1004" ts="1561111322092" s="false" lb="HTTP Request" rc="Non HTTP response code: org.apache.http.conn.HttpHostConnectException" rm="Non HTTP response message: Connect to 192.168.237.128:7077 [/192.168.237.128] failed: Connection refused: connect" tn="Thread Group 1-53" dt="text" by="2717" sby="0" ng="100" na="100">
  <java.net.URL>http://192.168.237.128:7077/</java.net.URL>
</httpSample>
<httpSample t="1006" it="0" lt="0" ct="1006" ts="1561111322091" s="false" lb="HTTP Request" rc="Non HTTP response code: org.apache.http.conn.HttpHostConnectException" rm="Non HTTP response message: Connect to 192.168.237.128:7077 [/192.168.237.128] failed: Connection refused: connect" tn="Thread Group 1-54" dt="text" by="2717" sby="0" ng="100" na="100">
  <java.net.URL>http://192.168.237.128:7077/</java.net.URL>
</httpSample>
<httpSample t="1010" it="0" lt="0" ct="1010" ts="1561111322092" s="false" lb="HTTP Request" rc="Non HTTP response code: org.apache.http.conn.HttpHostConnectException" rm="Non HTTP response message: Connect to 192.168.237.128:7077 [/192.168.237.128] failed: Connection refused: connect" tn="Thread Group 1-50" dt="text" by="2717" sby="0" ng="100" na="100">
  <java.net.URL>http://192.168.237.128:7077/</java.net.URL>
</httpSample>
<httpSample t="1019" it="0" lt="0" ct="1019" ts="1561111322093" s="false" lb="HTTP Request" rc="Non HTTP response code: org.apache.http.conn.HttpHostConnectException" rm="Non HTTP response message: Connect to 192.168.237.128:7077 [/192.168.237.128] failed: Connection refused: connect" tn="Thread Group 1-63" dt="text" by="2717" sby="0" ng="100" na="100">
  <java.net.URL>http://192.168.237.128:7077/</java.net.URL>
</httpSample>
<httpSample t="1021" it="0" lt="0" ct="1021" ts="1561111322092" s="false" lb="HTTP Request" rc="Non HTTP response code: org.apache.http.conn.HttpHostConnectException" rm="Non HTTP response message: Connect to 192.168.237.128:7077 [/192.168.237.128] failed: Connection refused: connect" tn="Thread Group 1-55" dt="text" by="2717" sby="0" ng="100" na="100">
  <java.net.URL>http://192.168.237.128:7077/</java.net.URL>
</httpSample>
<httpSample t="1022" it="0" lt="0" ct="1022" ts="1561111322091" s="false" lb="HTTP Request" rc="Non HTTP response code: org.apache.http.conn.HttpHostConnectException" rm="Non HTTP response message: Connect to 192.168.237.128:7077 [/192.168.237.128] failed: Connection refused: connect" tn="Thread Group 1-46" dt="text" by="2717" sby="0" ng="100" na="100">
  <java.net.URL>http://192.168.237.128:7077/</java.net.URL>
</httpSample>
<httpSample t="1004" it="0" lt="0" ct="1004" ts="1561111322143" s="false" lb="HTTP Request" rc="Non HTTP response code: org.apache.http.conn.HttpHostConnectException" rm="Non HTTP response message: Connect to 192.168.237.128:7077 [/192.168.237.128] failed: Connection refused: connect" tn="Thread Group 1-67" dt="text" by="2717" sby="0" ng="100" na="100">
  <java.net.URL>http://192.168.237.128:7077/</java.net.URL>
</httpSample>
<httpSample t="1005" it="0" lt="0" ct="1005" ts="1561111322164" s="false" lb="HTTP Request" rc="Non HTTP response code: org.apache.http.conn.HttpHostConnectException" rm="Non HTTP response message: Connect to 192.168.237.128:7077 [/192.168.237.128] failed: Connection refused: connect" tn="Thread Group 1-57" dt="text" by="2717" sby="0" ng="100" na="100">
  <java.net.URL>http://192.168.237.128:7077/</java.net.URL>
</httpSample>
<httpSample t="1010" it="0" lt="0" ct="1009" ts="1561111322160" s="false" lb="HTTP Request" rc="Non HTTP response code: org.apache.http.conn.HttpHostConnectException" rm="Non HTTP response message: Connect to 192.168.237.128:7077 [/192.168.237.128] failed: Connection refused: connect" tn="Thread Group 1-68" dt="text" by="2717" sby="0" ng="100" na="100">
  <java.net.URL>http://192.168.237.128:7077/</java.net.URL>
</httpSample>
<httpSample t="1017" it="0" lt="0" ct="1017" ts="1561111322165" s="false" lb="HTTP Request" rc="Non HTTP response code: org.apache.http.conn.HttpHostConnectException" rm="Non HTTP response message: Connect to 192.168.237.128:7077 [/192.168.237.128] failed: Connection refused: connect" tn="Thread Group 1-62" dt="text" by="2717" sby="0" ng="100" na="100">
  <java.net.URL>http://192.168.237.128:7077/</java.net.URL>
</httpSample>
<httpSample t="1022" it="0" lt="0" ct="1022" ts="1561111322160" s="false" lb="HTTP Request" rc="Non HTTP response code: org.apache.http.conn.HttpHostConnectException" rm="Non HTTP response message: Connect to 192.168.237.128:7077 [/192.168.237.128] failed: Connection refused: connect" tn="Thread Group 1-64" dt="text" by="2717" sby="0" ng="100" na="100">
  <java.net.URL>http://192.168.237.128:7077/</java.net.URL>
</httpSample>
<httpSample t="1003" it="0" lt="0" ct="1003" ts="1561111322184" s="false" lb="HTTP Request" rc="Non HTTP response code: org.apache.http.conn.HttpHostConnectException" rm="Non HTTP response message: Connect to 192.168.237.128:7077 [/192.168.237.128] failed: Connection refused: connect" tn="Thread Group 1-73" dt="text" by="2717" sby="0" ng="100" na="100">
  <java.net.URL>http://192.168.237.128:7077/</java.net.URL>
</httpSample>
<httpSample t="1018" it="0" lt="0" ct="1018" ts="1561111322174" s="false" lb="HTTP Request" rc="Non HTTP response code: org.apache.http.conn.HttpHostConnectException" rm="Non HTTP response message: Connect to 192.168.237.128:7077 [/192.168.237.128] failed: Connection refused: connect" tn="Thread Group 1-71" dt="text" by="2717" sby="0" ng="100" na="100">
  <java.net.URL>http://192.168.237.128:7077/</java.net.URL>
</httpSample>
<httpSample t="1006" it="0" lt="0" ct="1006" ts="1561111322191" s="false" lb="HTTP Request" rc="Non HTTP response code: org.apache.http.conn.HttpHostConnectException" rm="Non HTTP response message: Connect to 192.168.237.128:7077 [/192.168.237.128] failed: Connection refused: connect" tn="Thread Group 1-72" dt="text" by="2717" sby="0" ng="100" na="100">
  <java.net.URL>http://192.168.237.128:7077/</java.net.URL>
</httpSample>
<httpSample t="1007" it="0" lt="0" ct="1007" ts="1561111322191" s="false" lb="HTTP Request" rc="Non HTTP response code: org.apache.http.conn.HttpHostConnectException" rm="Non HTTP response message: Connect to 192.168.237.128:7077 [/192.168.237.128] failed: Connection refused: connect" tn="Thread Group 1-61" dt="text" by="2717" sby="0" ng="100" na="100">
  <java.net.URL>http://192.168.237.128:7077/</java.net.URL>
</httpSample>
<httpSample t="1012" it="0" lt="0" ct="1012" ts="1561111322190" s="false" lb="HTTP Request" rc="Non HTTP response code: org.apache.http.conn.HttpHostConnectException" rm="Non HTTP response message: Connect to 192.168.237.128:7077 [/192.168.237.128] failed: Connection refused: connect" tn="Thread Group 1-66" dt="text" by="2717" sby="0" ng="100" na="100">
  <java.net.URL>http://192.168.237.128:7077/</java.net.URL>
</httpSample>
<httpSample t="1004" it="0" lt="0" ct="1004" ts="1561111322258" s="false" lb="HTTP Request" rc="Non HTTP response code: org.apache.http.conn.HttpHostConnectException" rm="Non HTTP response message: Connect to 192.168.237.128:7077 [/192.168.237.128] failed: Connection refused: connect" tn="Thread Group 1-77" dt="text" by="2717" sby="0" ng="100" na="100">
  <java.net.URL>http://192.168.237.128:7077/</java.net.URL>
</httpSample>
<httpSample t="1005" it="0" lt="0" ct="1005" ts="1561111322263" s="false" lb="HTTP Request" rc="Non HTTP response code: org.apache.http.conn.HttpHostConnectException" rm="Non HTTP response message: Connect to 192.168.237.128:7077 [/192.168.237.128] failed: Connection refused: connect" tn="Thread Group 1-70" dt="text" by="2717" sby="0" ng="100" na="100">
  <java.net.URL>http://192.168.237.128:7077/</java.net.URL>
</httpSample>
<httpSample t="1005" it="0" lt="0" ct="1005" ts="1561111322267" s="false" lb="HTTP Request" rc="Non HTTP response code: org.apache.http.conn.HttpHostConnectException" rm="Non HTTP response message: Connect to 192.168.237.128:7077 [/192.168.237.128] failed: Connection refused: connect" tn="Thread Group 1-76" dt="text" by="2717" sby="0" ng="100" na="100">
  <java.net.URL>http://192.168.237.128:7077/</java.net.URL>
</httpSample>
<httpSample t="1019" it="0" lt="0" ct="1019" ts="1561111322264" s="false" lb="HTTP Request" rc="Non HTTP response code: org.apache.http.conn.HttpHostConnectException" rm="Non HTTP response message: Connect to 192.168.237.128:7077 [/192.168.237.128] failed: Connection refused: connect" tn="Thread Group 1-65" dt="text" by="2717" sby="0" ng="100" na="100">
  <java.net.URL>http://192.168.237.128:7077/</java.net.URL>
</httpSample>
<httpSample t="1001" it="0" lt="0" ct="1001" ts="1561111322287" s="false" lb="HTTP Request" rc="Non HTTP response code: org.apache.http.conn.HttpHostConnectException" rm="Non HTTP response message: Connect to 192.168.237.128:7077 [/192.168.237.128] failed: Connection refused: connect" tn="Thread Group 1-80" dt="text" by="2717" sby="0" ng="100" na="100">
  <java.net.URL>http://192.168.237.128:7077/</java.net.URL>
</httpSample>
<httpSample t="1003" it="0" lt="0" ct="1003" ts="1561111322293" s="false" lb="HTTP Request" rc="Non HTTP response code: org.apache.http.conn.HttpHostConnectException" rm="Non HTTP response message: Connect to 192.168.237.128:7077 [/192.168.237.128] failed: Connection refused: connect" tn="Thread Group 1-82" dt="text" by="2717" sby="0" ng="100" na="100">
  <java.net.URL>http://192.168.237.128:7077/</java.net.URL>
</httpSample>
<httpSample t="1006" it="0" lt="0" ct="1006" ts="1561111322293" s="false" lb="HTTP Request" rc="Non HTTP response code: org.apache.http.conn.HttpHostConnectException" rm="Non HTTP response message: Connect to 192.168.237.128:7077 [/192.168.237.128] failed: Connection refused: connect" tn="Thread Group 1-74" dt="text" by="2717" sby="0" ng="100" na="100">
  <java.net.URL>http://192.168.237.128:7077/</java.net.URL>
</httpSample>
<httpSample t="1007" it="0" lt="0" ct="1007" ts="1561111322295" s="false" lb="HTTP Request" rc="Non HTTP response code: org.apache.http.conn.HttpHostConnectException" rm="Non HTTP response message: Connect to 192.168.237.128:7077 [/192.168.237.128] failed: Connection refused: connect" tn="Thread Group 1-78" dt="text" by="2717" sby="0" ng="100" na="100">
  <java.net.URL>http://192.168.237.128:7077/</java.net.URL>
</httpSample>
<httpSample t="1010" it="0" lt="0" ct="1010" ts="1561111322292" s="false" lb="HTTP Request" rc="Non HTTP response code: org.apache.http.conn.HttpHostConnectException" rm="Non HTTP response message: Connect to 192.168.237.128:7077 [/192.168.237.128] failed: Connection refused: connect" tn="Thread Group 1-75" dt="text" by="2717" sby="0" ng="100" na="100">
  <java.net.URL>http://192.168.237.128:7077/</java.net.URL>
</httpSample>
<httpSample t="1017" it="0" lt="0" ct="1016" ts="1561111322295" s="false" lb="HTTP Request" rc="Non HTTP response code: org.apache.http.conn.HttpHostConnectException" rm="Non HTTP response message: Connect to 192.168.237.128:7077 [/192.168.237.128] failed: Connection refused: connect" tn="Thread Group 1-83" dt="text" by="2717" sby="0" ng="100" na="100">
  <java.net.URL>http://192.168.237.128:7077/</java.net.URL>
</httpSample>
<httpSample t="1003" it="0" lt="0" ct="1003" ts="1561111322354" s="false" lb="HTTP Request" rc="Non HTTP response code: org.apache.http.conn.HttpHostConnectException" rm="Non HTTP response message: Connect to 192.168.237.128:7077 [/192.168.237.128] failed: Connection refused: connect" tn="Thread Group 1-87" dt="text" by="2717" sby="0" ng="100" na="100">
  <java.net.URL>http://192.168.237.128:7077/</java.net.URL>
</httpSample>
<httpSample t="1005" it="0" lt="0" ct="1005" ts="1561111322353" s="false" lb="HTTP Request" rc="Non HTTP response code: org.apache.http.conn.HttpHostConnectException" rm="Non HTTP response message: Connect to 192.168.237.128:7077 [/192.168.237.128] failed: Connection refused: connect" tn="Thread Group 1-84" dt="text" by="2717" sby="0" ng="100" na="100">
  <java.net.URL>http://192.168.237.128:7077/</java.net.URL>
</httpSample>
<httpSample t="1008" it="0" lt="0" ct="1008" ts="1561111322355" s="false" lb="HTTP Request" rc="Non HTTP response code: org.apache.http.conn.HttpHostConnectException" rm="Non HTTP response message: Connect to 192.168.237.128:7077 [/192.168.237.128] failed: Connection refused: connect" tn="Thread Group 1-69" dt="text" by="2717" sby="0" ng="100" na="100">
  <java.net.URL>http://192.168.237.128:7077/</java.net.URL>
</httpSample>
<httpSample t="1005" it="0" lt="0" ct="1005" ts="1561111322362" s="false" lb="HTTP Request" rc="Non HTTP response code: org.apache.http.conn.HttpHostConnectException" rm="Non HTTP response message: Connect to 192.168.237.128:7077 [/192.168.237.128] failed: Connection refused: connect" tn="Thread Group 1-79" dt="text" by="2717" sby="0" ng="100" na="100">
  <java.net.URL>http://192.168.237.128:7077/</java.net.URL>
</httpSample>
<httpSample t="998" it="0" lt="0" ct="998" ts="1561111322397" s="false" lb="HTTP Request" rc="Non HTTP response code: org.apache.http.conn.HttpHostConnectException" rm="Non HTTP response message: Connect to 192.168.237.128:7077 [/192.168.237.128] failed: Connection refused: connect" tn="Thread Group 1-91" dt="text" by="2717" sby="0" ng="100" na="100">
  <java.net.URL>http://192.168.237.128:7077/</java.net.URL>
</httpSample>
<httpSample t="1004" it="0" lt="0" ct="1004" ts="1561111322406" s="false" lb="HTTP Request" rc="Non HTTP response code: org.apache.http.conn.HttpHostConnectException" rm="Non HTTP response message: Connect to 192.168.237.128:7077 [/192.168.237.128] failed: Connection refused: connect" tn="Thread Group 1-86" dt="text" by="2717" sby="0" ng="100" na="100">
  <java.net.URL>http://192.168.237.128:7077/</java.net.URL>
</httpSample>
<httpSample t="1002" it="0" lt="0" ct="1002" ts="1561111322468" s="false" lb="HTTP Request" rc="Non HTTP response code: org.apache.http.conn.HttpHostConnectException" rm="Non HTTP response message: Connect to 192.168.237.128:7077 [/192.168.237.128] failed: Connection refused: connect" tn="Thread Group 1-92" dt="text" by="2717" sby="0" ng="100" na="100">
  <java.net.URL>http://192.168.237.128:7077/</java.net.URL>
</httpSample>
<httpSample t="1086" it="0" lt="0" ct="1086" ts="1561111322386" s="false" lb="HTTP Request" rc="Non HTTP response code: org.apache.http.conn.HttpHostConnectException" rm="Non HTTP response message: Connect to 192.168.237.128:7077 [/192.168.237.128] failed: Connection refused: connect" tn="Thread Group 1-85" dt="text" by="2717" sby="0" ng="100" na="100">
  <java.net.URL>http://192.168.237.128:7077/</java.net.URL>
</httpSample>
<httpSample t="1032" it="0" lt="0" ct="1032" ts="1561111322440" s="false" lb="HTTP Request" rc="Non HTTP response code: org.apache.http.conn.HttpHostConnectException" rm="Non HTTP response message: Connect to 192.168.237.128:7077 [/192.168.237.128] failed: Connection refused: connect" tn="Thread Group 1-95" dt="text" by="2717" sby="0" ng="100" na="100">
  <java.net.URL>http://192.168.237.128:7077/</java.net.URL>
</httpSample>
<httpSample t="1005" it="0" lt="0" ct="1005" ts="1561111322478" s="false" lb="HTTP Request" rc="Non HTTP response code: org.apache.http.conn.HttpHostConnectException" rm="Non HTTP response message: Connect to 192.168.237.128:7077 [/192.168.237.128] failed: Connection refused: connect" tn="Thread Group 1-93" dt="text" by="2717" sby="0" ng="100" na="100">
  <java.net.URL>http://192.168.237.128:7077/</java.net.URL>
</httpSample>
<httpSample t="993" it="0" lt="0" ct="993" ts="1561111322500" s="false" lb="HTTP Request" rc="Non HTTP response code: org.apache.http.conn.HttpHostConnectException" rm="Non HTTP response message: Connect to 192.168.237.128:7077 [/192.168.237.128] failed: Connection refused: connect" tn="Thread Group 1-90" dt="text" by="2717" sby="0" ng="100" na="100">
  <java.net.URL>http://192.168.237.128:7077/</java.net.URL>
</httpSample>
<httpSample t="1026" it="0" lt="0" ct="1026" ts="1561111322467" s="false" lb="HTTP Request" rc="Non HTTP response code: org.apache.http.conn.HttpHostConnectException" rm="Non HTTP response message: Connect to 192.168.237.128:7077 [/192.168.237.128] failed: Connection refused: connect" tn="Thread Group 1-96" dt="text" by="2717" sby="0" ng="100" na="100">
  <java.net.URL>http://192.168.237.128:7077/</java.net.URL>
</httpSample>
<httpSample t="996" it="0" lt="0" ct="996" ts="1561111322498" s="false" lb="HTTP Request" rc="Non HTTP response code: org.apache.http.conn.HttpHostConnectException" rm="Non HTTP response message: Connect to 192.168.237.128:7077 [/192.168.237.128] failed: Connection refused: connect" tn="Thread Group 1-89" dt="text" by="2717" sby="0" ng="100" na="100">
  <java.net.URL>http://192.168.237.128:7077/</java.net.URL>
</httpSample>
<httpSample t="1007" it="0" lt="0" ct="1007" ts="1561111322493" s="false" lb="HTTP Request" rc="Non HTTP response code: org.apache.http.conn.HttpHostConnectException" rm="Non HTTP response message: Connect to 192.168.237.128:7077 [/192.168.237.128] failed: Connection refused: connect" tn="Thread Group 1-88" dt="text" by="2717" sby="0" ng="100" na="100">
  <java.net.URL>http://192.168.237.128:7077/</java.net.URL>
</httpSample>
<httpSample t="1009" it="0" lt="0" ct="1009" ts="1561111322493" s="false" lb="HTTP Request" rc="Non HTTP response code: org.apache.http.conn.HttpHostConnectException" rm="Non HTTP response message: Connect to 192.168.237.128:7077 [/192.168.237.128] failed: Connection refused: connect" tn="Thread Group 1-81" dt="text" by="2717" sby="0" ng="100" na="100">
  <java.net.URL>http://192.168.237.128:7077/</java.net.URL>
</httpSample>
<httpSample t="1019" it="0" lt="0" ct="1019" ts="1561111322493" s="false" lb="HTTP Request" rc="Non HTTP response code: org.apache.http.conn.HttpHostConnectException" rm="Non HTTP response message: Connect to 192.168.237.128:7077 [/192.168.237.128] failed: Connection refused: connect" tn="Thread Group 1-94" dt="text" by="2717" sby="0" ng="100" na="100">
  <java.net.URL>http://192.168.237.128:7077/</java.net.URL>
</httpSample>
<httpSample t="1022" it="0" lt="0" ct="1022" ts="1561111322510" s="false" lb="HTTP Request" rc="Non HTTP response code: org.apache.http.conn.HttpHostConnectException" rm="Non HTTP response message: Connect to 192.168.237.128:7077 [/192.168.237.128] failed: Connection refused: connect" tn="Thread Group 1-4" dt="text" by="2717" sby="0" ng="100" na="100">
  <java.net.URL>http://192.168.237.128:7077/</java.net.URL>
</httpSample>
<httpSample t="1013" it="0" lt="0" ct="1013" ts="1561111322520" s="false" lb="HTTP Request" rc="Non HTTP response code: org.apache.http.conn.HttpHostConnectException" rm="Non HTTP response message: Connect to 192.168.237.128:7077 [/192.168.237.128] failed: Connection refused: connect" tn="Thread Group 1-97" dt="text" by="2717" sby="0" ng="100" na="100">
  <java.net.URL>http://192.168.237.128:7077/</java.net.URL>
</httpSample>
<httpSample t="1010" it="0" lt="0" ct="1010" ts="1561111322560" s="false" lb="HTTP Request" rc="Non HTTP response code: org.apache.http.conn.HttpHostConnectException" rm="Non HTTP response message: Connect to 192.168.237.128:7077 [/192.168.237.128] failed: Connection refused: connect" tn="Thread Group 1-3" dt="text" by="2717" sby="0" ng="100" na="100">
  <java.net.URL>http://192.168.237.128:7077/</java.net.URL>
</httpSample>
<httpSample t="1002" it="0" lt="0" ct="1002" ts="1561111322568" s="false" lb="HTTP Request" rc="Non HTTP response code: org.apache.http.conn.HttpHostConnectException" rm="Non HTTP response message: Connect to 192.168.237.128:7077 [/192.168.237.128] failed: Connection refused: connect" tn="Thread Group 1-2" dt="text" by="2717" sby="0" ng="100" na="100">
  <java.net.URL>http://192.168.237.128:7077/</java.net.URL>
</httpSample>
<httpSample t="1004" it="0" lt="0" ct="1004" ts="1561111322568" s="false" lb="HTTP Request" rc="Non HTTP response code: org.apache.http.conn.HttpHostConnectException" rm="Non HTTP response message: Connect to 192.168.237.128:7077 [/192.168.237.128] failed: Connection refused: connect" tn="Thread Group 1-6" dt="text" by="2717" sby="0" ng="100" na="100">
  <java.net.URL>http://192.168.237.128:7077/</java.net.URL>
</httpSample>
<httpSample t="1004" it="0" lt="0" ct="1004" ts="1561111322569" s="false" lb="HTTP Request" rc="Non HTTP response code: org.apache.http.conn.HttpHostConnectException" rm="Non HTTP response message: Connect to 192.168.237.128:7077 [/192.168.237.128] failed: Connection refused: connect" tn="Thread Group 1-7" dt="text" by="2717" sby="0" ng="100" na="100">
  <java.net.URL>http://192.168.237.128:7077/</java.net.URL>
</httpSample>
<httpSample t="1015" it="0" lt="0" ct="1015" ts="1561111322570" s="false" lb="HTTP Request" rc="Non HTTP response code: org.apache.http.conn.HttpHostConnectException" rm="Non HTTP response message: Connect to 192.168.237.128:7077 [/192.168.237.128] failed: Connection refused: connect" tn="Thread Group 1-10" dt="text" by="2717" sby="0" ng="100" na="100">
  <java.net.URL>http://192.168.237.128:7077/</java.net.URL>
</httpSample>
<httpSample t="1011" it="0" lt="0" ct="1011" ts="1561111322579" s="false" lb="HTTP Request" rc="Non HTTP response code: org.apache.http.conn.HttpHostConnectException" rm="Non HTTP response message: Connect to 192.168.237.128:7077 [/192.168.237.128] failed: Connection refused: connect" tn="Thread Group 1-98" dt="text" by="2717" sby="0" ng="100" na="100">
  <java.net.URL>http://192.168.237.128:7077/</java.net.URL>
</httpSample>
<httpSample t="1001" it="0" lt="0" ct="1001" ts="1561111322592" s="false" lb="HTTP Request" rc="Non HTTP response code: org.apache.http.conn.HttpHostConnectException" rm="Non HTTP response message: Connect to 192.168.237.128:7077 [/192.168.237.128] failed: Connection refused: connect" tn="Thread Group 1-1" dt="text" by="2717" sby="0" ng="100" na="100">
  <java.net.URL>http://192.168.237.128:7077/</java.net.URL>
</httpSample>
<httpSample t="1012" it="0" lt="0" ct="1012" ts="1561111322590" s="false" lb="HTTP Request" rc="Non HTTP response code: org.apache.http.conn.HttpHostConnectException" rm="Non HTTP response message: Connect to 192.168.237.128:7077 [/192.168.237.128] failed: Connection refused: connect" tn="Thread Group 1-12" dt="text" by="2717" sby="0" ng="100" na="100">
  <java.net.URL>http://192.168.237.128:7077/</java.net.URL>
</httpSample>
<httpSample t="1013" it="0" lt="0" ct="1013" ts="1561111322592" s="false" lb="HTTP Request" rc="Non HTTP response code: org.apache.http.conn.HttpHostConnectException" rm="Non HTTP response message: Connect to 192.168.237.128:7077 [/192.168.237.128] failed: Connection refused: connect" tn="Thread Group 1-5" dt="text" by="2717" sby="0" ng="100" na="100">
  <java.net.URL>http://192.168.237.128:7077/</java.net.URL>
</httpSample>
<httpSample t="1012" it="0" lt="0" ct="1012" ts="1561111322603" s="false" lb="HTTP Request" rc="Non HTTP response code: org.apache.http.conn.HttpHostConnectException" rm="Non HTTP response message: Connect to 192.168.237.128:7077 [/192.168.237.128] failed: Connection refused: connect" tn="Thread Group 1-99" dt="text" by="2717" sby="0" ng="100" na="100">
  <java.net.URL>http://192.168.237.128:7077/</java.net.URL>
</httpSample>
<httpSample t="995" it="0" lt="0" ct="995" ts="1561111322628" s="false" lb="HTTP Request" rc="Non HTTP response code: org.apache.http.conn.HttpHostConnectException" rm="Non HTTP response message: Connect to 192.168.237.128:7077 [/192.168.237.128] failed: Connection refused: connect" tn="Thread Group 1-13" dt="text" by="2717" sby="0" ng="100" na="100">
  <java.net.URL>http://192.168.237.128:7077/</java.net.URL>
</httpSample>
<httpSample t="1001" it="0" lt="0" ct="1001" ts="1561111322629" s="false" lb="HTTP Request" rc="Non HTTP response code: org.apache.http.conn.HttpHostConnectException" rm="Non HTTP response message: Connect to 192.168.237.128:7077 [/192.168.237.128] failed: Connection refused: connect" tn="Thread Group 1-8" dt="text" by="2717" sby="0" ng="100" na="100">
  <java.net.URL>http://192.168.237.128:7077/</java.net.URL>
</httpSample>
<httpSample t="1000" it="0" lt="0" ct="1000" ts="1561111322673" s="false" lb="HTTP Request" rc="Non HTTP response code: org.apache.http.conn.HttpHostConnectException" rm="Non HTTP response message: Connect to 192.168.237.128:7077 [/192.168.237.128] failed: Connection refused: connect" tn="Thread Group 1-17" dt="text" by="2717" sby="0" ng="100" na="100">
  <java.net.URL>http://192.168.237.128:7077/</java.net.URL>
</httpSample>
<httpSample t="1006" it="0" lt="0" ct="1006" ts="1561111322674" s="false" lb="HTTP Request" rc="Non HTTP response code: org.apache.http.conn.HttpHostConnectException" rm="Non HTTP response message: Connect to 192.168.237.128:7077 [/192.168.237.128] failed: Connection refused: connect" tn="Thread Group 1-14" dt="text" by="2717" sby="0" ng="100" na="100">
  <java.net.URL>http://192.168.237.128:7077/</java.net.URL>
</httpSample>
<httpSample t="1005" it="0" lt="0" ct="1005" ts="1561111322675" s="false" lb="HTTP Request" rc="Non HTTP response code: org.apache.http.conn.HttpHostConnectException" rm="Non HTTP response message: Connect to 192.168.237.128:7077 [/192.168.237.128] failed: Connection refused: connect" tn="Thread Group 1-100" dt="text" by="2717" sby="0" ng="100" na="100">
  <java.net.URL>http://192.168.237.128:7077/</java.net.URL>
</httpSample>
<httpSample t="1015" it="0" lt="0" ct="1015" ts="1561111322669" s="false" lb="HTTP Request" rc="Non HTTP response code: org.apache.http.conn.HttpHostConnectException" rm="Non HTTP response message: Connect to 192.168.237.128:7077 [/192.168.237.128] failed: Connection refused: connect" tn="Thread Group 1-20" dt="text" by="2717" sby="0" ng="100" na="100">
  <java.net.URL>http://192.168.237.128:7077/</java.net.URL>
</httpSample>
<httpSample t="1005" it="0" lt="0" ct="1004" ts="1561111322679" s="false" lb="HTTP Request" rc="Non HTTP response code: org.apache.http.conn.HttpHostConnectException" rm="Non HTTP response message: Connect to 192.168.237.128:7077 [/192.168.237.128] failed: Connection refused: connect" tn="Thread Group 1-22" dt="text" by="2717" sby="0" ng="100" na="100">
  <java.net.URL>http://192.168.237.128:7077/</java.net.URL>
</httpSample>
<httpSample t="1009" it="0" lt="0" ct="1009" ts="1561111322675" s="false" lb="HTTP Request" rc="Non HTTP response code: org.apache.http.conn.HttpHostConnectException" rm="Non HTTP response message: Connect to 192.168.237.128:7077 [/192.168.237.128] failed: Connection refused: connect" tn="Thread Group 1-19" dt="text" by="2717" sby="0" ng="100" na="100">
  <java.net.URL>http://192.168.237.128:7077/</java.net.URL>
</httpSample>
<httpSample t="1015" it="0" lt="0" ct="1015" ts="1561111322670" s="false" lb="HTTP Request" rc="Non HTTP response code: org.apache.http.conn.HttpHostConnectException" rm="Non HTTP response message: Connect to 192.168.237.128:7077 [/192.168.237.128] failed: Connection refused: connect" tn="Thread Group 1-16" dt="text" by="2717" sby="0" ng="100" na="100">
  <java.net.URL>http://192.168.237.128:7077/</java.net.URL>
</httpSample>
<httpSample t="998" it="0" lt="0" ct="998" ts="1561111322694" s="false" lb="HTTP Request" rc="Non HTTP response code: org.apache.http.conn.HttpHostConnectException" rm="Non HTTP response message: Connect to 192.168.237.128:7077 [/192.168.237.128] failed: Connection refused: connect" tn="Thread Group 1-18" dt="text" by="2717" sby="0" ng="100" na="100">
  <java.net.URL>http://192.168.237.128:7077/</java.net.URL>
</httpSample>
<httpSample t="1014" it="0" lt="0" ct="1014" ts="1561111322679" s="false" lb="HTTP Request" rc="Non HTTP response code: org.apache.http.conn.HttpHostConnectException" rm="Non HTTP response message: Connect to 192.168.237.128:7077 [/192.168.237.128] failed: Connection refused: connect" tn="Thread Group 1-23" dt="text" by="2717" sby="0" ng="100" na="100">
  <java.net.URL>http://192.168.237.128:7077/</java.net.URL>
</httpSample>
<httpSample t="1005" it="0" lt="0" ct="1005" ts="1561111322695" s="false" lb="HTTP Request" rc="Non HTTP response code: org.apache.http.conn.HttpHostConnectException" rm="Non HTTP response message: Connect to 192.168.237.128:7077 [/192.168.237.128] failed: Connection refused: connect" tn="Thread Group 1-9" dt="text" by="2717" sby="0" ng="100" na="100">
  <java.net.URL>http://192.168.237.128:7077/</java.net.URL>
</httpSample>
<httpSample t="1009" it="0" lt="0" ct="1008" ts="1561111322694" s="false" lb="HTTP Request" rc="Non HTTP response code: org.apache.http.conn.HttpHostConnectException" rm="Non HTTP response message: Connect to 192.168.237.128:7077 [/192.168.237.128] failed: Connection refused: connect" tn="Thread Group 1-11" dt="text" by="2717" sby="0" ng="100" na="100">
  <java.net.URL>http://192.168.237.128:7077/</java.net.URL>
</httpSample>
<httpSample t="1003" it="0" lt="0" ct="1003" ts="1561111322720" s="false" lb="HTTP Request" rc="Non HTTP response code: org.apache.http.conn.HttpHostConnectException" rm="Non HTTP response message: Connect to 192.168.237.128:7077 [/192.168.237.128] failed: Connection refused: connect" tn="Thread Group 1-25" dt="text" by="2717" sby="0" ng="100" na="100">
  <java.net.URL>http://192.168.237.128:7077/</java.net.URL>
</httpSample>
<httpSample t="1002" it="0" lt="0" ct="1002" ts="1561111322761" s="false" lb="HTTP Request" rc="Non HTTP response code: org.apache.http.conn.HttpHostConnectException" rm="Non HTTP response message: Connect to 192.168.237.128:7077 [/192.168.237.128] failed: Connection refused: connect" tn="Thread Group 1-26" dt="text" by="2717" sby="0" ng="100" na="100">
  <java.net.URL>http://192.168.237.128:7077/</java.net.URL>
</httpSample>
<httpSample t="1012" it="0" lt="0" ct="1012" ts="1561111322773" s="false" lb="HTTP Request" rc="Non HTTP response code: org.apache.http.conn.HttpHostConnectException" rm="Non HTTP response message: Connect to 192.168.237.128:7077 [/192.168.237.128] failed: Connection refused: connect" tn="Thread Group 1-24" dt="text" by="2717" sby="0" ng="100" na="100">
  <java.net.URL>http://192.168.237.128:7077/</java.net.URL>
</httpSample>
<httpSample t="1008" it="0" lt="0" ct="1008" ts="1561111322793" s="false" lb="HTTP Request" rc="Non HTTP response code: org.apache.http.conn.HttpHostConnectException" rm="Non HTTP response message: Connect to 192.168.237.128:7077 [/192.168.237.128] failed: Connection refused: connect" tn="Thread Group 1-21" dt="text" by="2717" sby="0" ng="100" na="100">
  <java.net.URL>http://192.168.237.128:7077/</java.net.URL>
</httpSample>
<httpSample t="999" it="0" lt="0" ct="999" ts="1561111322804" s="false" lb="HTTP Request" rc="Non HTTP response code: org.apache.http.conn.HttpHostConnectException" rm="Non HTTP response message: Connect to 192.168.237.128:7077 [/192.168.237.128] failed: Connection refused: connect" tn="Thread Group 1-28" dt="text" by="2717" sby="0" ng="100" na="100">
  <java.net.URL>http://192.168.237.128:7077/</java.net.URL>
</httpSample>
<httpSample t="1006" it="0" lt="0" ct="1006" ts="1561111322799" s="false" lb="HTTP Request" rc="Non HTTP response code: org.apache.http.conn.HttpHostConnectException" rm="Non HTTP response message: Connect to 192.168.237.128:7077 [/192.168.237.128] failed: Connection refused: connect" tn="Thread Group 1-33" dt="text" by="2717" sby="0" ng="100" na="100">
  <java.net.URL>http://192.168.237.128:7077/</java.net.URL>
</httpSample>
<httpSample t="1033" it="0" lt="0" ct="1033" ts="1561111322773" s="false" lb="HTTP Request" rc="Non HTTP response code: org.apache.http.conn.HttpHostConnectException" rm="Non HTTP response message: Connect to 192.168.237.128:7077 [/192.168.237.128] failed: Connection refused: connect" tn="Thread Group 1-32" dt="text" by="2717" sby="0" ng="100" na="100">
  <java.net.URL>http://192.168.237.128:7077/</java.net.URL>
</httpSample>
<httpSample t="1048" it="0" lt="0" ct="1048" ts="1561111322758" s="false" lb="HTTP Request" rc="Non HTTP response code: org.apache.http.conn.HttpHostConnectException" rm="Non HTTP response message: Connect to 192.168.237.128:7077 [/192.168.237.128] failed: Connection refused: connect" tn="Thread Group 1-31" dt="text" by="2717" sby="0" ng="100" na="100">
  <java.net.URL>http://192.168.237.128:7077/</java.net.URL>
</httpSample>
<httpSample t="1006" it="0" lt="0" ct="1006" ts="1561111322804" s="false" lb="HTTP Request" rc="Non HTTP response code: org.apache.http.conn.HttpHostConnectException" rm="Non HTTP response message: Connect to 192.168.237.128:7077 [/192.168.237.128] failed: Connection refused: connect" tn="Thread Group 1-15" dt="text" by="2717" sby="0" ng="100" na="100">
  <java.net.URL>http://192.168.237.128:7077/</java.net.URL>
</httpSample>
<httpSample t="1007" it="0" lt="0" ct="1007" ts="1561111322858" s="false" lb="HTTP Request" rc="Non HTTP response code: org.apache.http.conn.HttpHostConnectException" rm="Non HTTP response message: Connect to 192.168.237.128:7077 [/192.168.237.128] failed: Connection refused: connect" tn="Thread Group 1-37" dt="text" by="2717" sby="0" ng="100" na="100">
  <java.net.URL>http://192.168.237.128:7077/</java.net.URL>
</httpSample>
<httpSample t="1011" it="0" lt="0" ct="1011" ts="1561111322880" s="false" lb="HTTP Request" rc="Non HTTP response code: org.apache.http.conn.HttpHostConnectException" rm="Non HTTP response message: Connect to 192.168.237.128:7077 [/192.168.237.128] failed: Connection refused: connect" tn="Thread Group 1-40" dt="text" by="2717" sby="0" ng="100" na="100">
  <java.net.URL>http://192.168.237.128:7077/</java.net.URL>
</httpSample>
<httpSample t="1006" it="0" lt="0" ct="1006" ts="1561111322900" s="false" lb="HTTP Request" rc="Non HTTP response code: org.apache.http.conn.HttpHostConnectException" rm="Non HTTP response message: Connect to 192.168.237.128:7077 [/192.168.237.128] failed: Connection refused: connect" tn="Thread Group 1-42" dt="text" by="2717" sby="0" ng="100" na="100">
  <java.net.URL>http://192.168.237.128:7077/</java.net.URL>
</httpSample>
<httpSample t="1018" it="0" lt="0" ct="1017" ts="1561111322889" s="false" lb="HTTP Request" rc="Non HTTP response code: org.apache.http.conn.HttpHostConnectException" rm="Non HTTP response message: Connect to 192.168.237.128:7077 [/192.168.237.128] failed: Connection refused: connect" tn="Thread Group 1-43" dt="text" by="2717" sby="0" ng="100" na="100">
  <java.net.URL>http://192.168.237.128:7077/</java.net.URL>
</httpSample>
<httpSample t="1051" it="0" lt="0" ct="1051" ts="1561111322856" s="false" lb="HTTP Request" rc="Non HTTP response code: org.apache.http.conn.HttpHostConnectException" rm="Non HTTP response message: Connect to 192.168.237.128:7077 [/192.168.237.128] failed: Connection refused: connect" tn="Thread Group 1-30" dt="text" by="2717" sby="0" ng="100" na="100">
  <java.net.URL>http://192.168.237.128:7077/</java.net.URL>
</httpSample>
<httpSample t="1097" it="0" lt="0" ct="1097" ts="1561111322810" s="false" lb="HTTP Request" rc="Non HTTP response code: org.apache.http.conn.HttpHostConnectException" rm="Non HTTP response message: Connect to 192.168.237.128:7077 [/192.168.237.128] failed: Connection refused: connect" tn="Thread Group 1-27" dt="text" by="2717" sby="0" ng="100" na="100">
  <java.net.URL>http://192.168.237.128:7077/</java.net.URL>
</httpSample>
<httpSample t="1011" it="0" lt="0" ct="1011" ts="1561111322900" s="false" lb="HTTP Request" rc="Non HTTP response code: org.apache.http.conn.HttpHostConnectException" rm="Non HTTP response message: Connect to 192.168.237.128:7077 [/192.168.237.128] failed: Connection refused: connect" tn="Thread Group 1-44" dt="text" by="2717" sby="0" ng="100" na="100">
  <java.net.URL>http://192.168.237.128:7077/</java.net.URL>
</httpSample>
<httpSample t="1019" it="0" lt="0" ct="1019" ts="1561111322896" s="false" lb="HTTP Request" rc="Non HTTP response code: org.apache.http.conn.HttpHostConnectException" rm="Non HTTP response message: Connect to 192.168.237.128:7077 [/192.168.237.128] failed: Connection refused: connect" tn="Thread Group 1-38" dt="text" by="2717" sby="0" ng="100" na="100">
  <java.net.URL>http://192.168.237.128:7077/</java.net.URL>
</httpSample>
<httpSample t="1061" it="0" lt="0" ct="1061" ts="1561111322854" s="false" lb="HTTP Request" rc="Non HTTP response code: org.apache.http.conn.HttpHostConnectException" rm="Non HTTP response message: Connect to 192.168.237.128:7077 [/192.168.237.128] failed: Connection refused: connect" tn="Thread Group 1-29" dt="text" by="2717" sby="0" ng="100" na="100">
  <java.net.URL>http://192.168.237.128:7077/</java.net.URL>
</httpSample>
<httpSample t="1003" it="0" lt="0" ct="1003" ts="1561111322948" s="false" lb="HTTP Request" rc="Non HTTP response code: org.apache.http.conn.HttpHostConnectException" rm="Non HTTP response message: Connect to 192.168.237.128:7077 [/192.168.237.128] failed: Connection refused: connect" tn="Thread Group 1-45" dt="text" by="2717" sby="0" ng="100" na="100">
  <java.net.URL>http://192.168.237.128:7077/</java.net.URL>
</httpSample>
<httpSample t="1002" it="0" lt="0" ct="1002" ts="1561111322963" s="false" lb="HTTP Request" rc="Non HTTP response code: org.apache.http.conn.HttpHostConnectException" rm="Non HTTP response message: Connect to 192.168.237.128:7077 [/192.168.237.128] failed: Connection refused: connect" tn="Thread Group 1-34" dt="text" by="2717" sby="0" ng="100" na="100">
  <java.net.URL>http://192.168.237.128:7077/</java.net.URL>
</httpSample>
<httpSample t="998" it="0" lt="0" ct="998" ts="1561111322998" s="false" lb="HTTP Request" rc="Non HTTP response code: org.apache.http.conn.HttpHostConnectException" rm="Non HTTP response message: Connect to 192.168.237.128:7077 [/192.168.237.128] failed: Connection refused: connect" tn="Thread Group 1-36" dt="text" by="2717" sby="0" ng="100" na="100">
  <java.net.URL>http://192.168.237.128:7077/</java.net.URL>
</httpSample>
<httpSample t="1002" it="0" lt="0" ct="1002" ts="1561111322998" s="false" lb="HTTP Request" rc="Non HTTP response code: org.apache.http.conn.HttpHostConnectException" rm="Non HTTP response message: Connect to 192.168.237.128:7077 [/192.168.237.128] failed: Connection refused: connect" tn="Thread Group 1-35" dt="text" by="2717" sby="0" ng="100" na="100">
  <java.net.URL>http://192.168.237.128:7077/</java.net.URL>
</httpSample>
<httpSample t="1005" it="0" lt="0" ct="1005" ts="1561111323000" s="false" lb="HTTP Request" rc="Non HTTP response code: org.apache.http.conn.HttpHostConnectException" rm="Non HTTP response message: Connect to 192.168.237.128:7077 [/192.168.237.128] failed: Connection refused: connect" tn="Thread Group 1-47" dt="text" by="2717" sby="0" ng="100" na="100">
  <java.net.URL>http://192.168.237.128:7077/</java.net.URL>
</httpSample>
<httpSample t="1022" it="0" lt="0" ct="1022" ts="1561111322984" s="false" lb="HTTP Request" rc="Non HTTP response code: org.apache.http.conn.HttpHostConnectException" rm="Non HTTP response message: Connect to 192.168.237.128:7077 [/192.168.237.128] failed: Connection refused: connect" tn="Thread Group 1-41" dt="text" by="2717" sby="0" ng="100" na="100">
  <java.net.URL>http://192.168.237.128:7077/</java.net.URL>
</httpSample>
<httpSample t="1002" it="0" lt="0" ct="1002" ts="1561111323013" s="false" lb="HTTP Request" rc="Non HTTP response code: org.apache.http.conn.HttpHostConnectException" rm="Non HTTP response message: Connect to 192.168.237.128:7077 [/192.168.237.128] failed: Connection refused: connect" tn="Thread Group 1-39" dt="text" by="2717" sby="0" ng="100" na="100">
  <java.net.URL>http://192.168.237.128:7077/</java.net.URL>
</httpSample>
<httpSample t="1002" it="0" lt="0" ct="1002" ts="1561111323043" s="false" lb="HTTP Request" rc="Non HTTP response code: org.apache.http.conn.HttpHostConnectException" rm="Non HTTP response message: Connect to 192.168.237.128:7077 [/192.168.237.128] failed: Connection refused: connect" tn="Thread Group 1-56" dt="text" by="2717" sby="0" ng="100" na="100">
  <java.net.URL>http://192.168.237.128:7077/</java.net.URL>
</httpSample>
<httpSample t="997" it="0" lt="0" ct="997" ts="1561111323048" s="false" lb="HTTP Request" rc="Non HTTP response code: org.apache.http.conn.HttpHostConnectException" rm="Non HTTP response message: Connect to 192.168.237.128:7077 [/192.168.237.128] failed: Connection refused: connect" tn="Thread Group 1-60" dt="text" by="2717" sby="0" ng="100" na="100">
  <java.net.URL>http://192.168.237.128:7077/</java.net.URL>
</httpSample>
<httpSample t="1007" it="0" lt="0" ct="1007" ts="1561111323043" s="false" lb="HTTP Request" rc="Non HTTP response code: org.apache.http.conn.HttpHostConnectException" rm="Non HTTP response message: Connect to 192.168.237.128:7077 [/192.168.237.128] failed: Connection refused: connect" tn="Thread Group 1-58" dt="text" by="2717" sby="0" ng="100" na="100">
  <java.net.URL>http://192.168.237.128:7077/</java.net.URL>
</httpSample>
<httpSample t="997" it="0" lt="0" ct="997" ts="1561111323057" s="false" lb="HTTP Request" rc="Non HTTP response code: org.apache.http.conn.HttpHostConnectException" rm="Non HTTP response message: Connect to 192.168.237.128:7077 [/192.168.237.128] failed: Connection refused: connect" tn="Thread Group 1-51" dt="text" by="2717" sby="0" ng="100" na="100">
  <java.net.URL>http://192.168.237.128:7077/</java.net.URL>
</httpSample>
<httpSample t="997" it="0" lt="0" ct="997" ts="1561111323068" s="false" lb="HTTP Request" rc="Non HTTP response code: org.apache.http.conn.HttpHostConnectException" rm="Non HTTP response message: Connect to 192.168.237.128:7077 [/192.168.237.128] failed: Connection refused: connect" tn="Thread Group 1-52" dt="text" by="2717" sby="0" ng="100" na="100">
  <java.net.URL>http://192.168.237.128:7077/</java.net.URL>
</httpSample>
<httpSample t="997" it="0" lt="0" ct="997" ts="1561111323098" s="false" lb="HTTP Request" rc="Non HTTP response code: org.apache.http.conn.HttpHostConnectException" rm="Non HTTP response message: Connect to 192.168.237.128:7077 [/192.168.237.128] failed: Connection refused: connect" tn="Thread Group 1-54" dt="text" by="2717" sby="0" ng="100" na="100">
  <java.net.URL>http://192.168.237.128:7077/</java.net.URL>
</httpSample>
<httpSample t="1003" it="0" lt="0" ct="1003" ts="1561111323097" s="false" lb="HTTP Request" rc="Non HTTP response code: org.apache.http.conn.HttpHostConnectException" rm="Non HTTP response message: Connect to 192.168.237.128:7077 [/192.168.237.128] failed: Connection refused: connect" tn="Thread Group 1-53" dt="text" by="2717" sby="0" ng="100" na="100">
  <java.net.URL>http://192.168.237.128:7077/</java.net.URL>
</httpSample>
<httpSample t="1045" it="0" lt="0" ct="1045" ts="1561111323062" s="false" lb="HTTP Request" rc="Non HTTP response code: org.apache.http.conn.HttpHostConnectException" rm="Non HTTP response message: Connect to 192.168.237.128:7077 [/192.168.237.128] failed: Connection refused: connect" tn="Thread Group 1-59" dt="text" by="2717" sby="0" ng="100" na="100">
  <java.net.URL>http://192.168.237.128:7077/</java.net.URL>
</httpSample>
<httpSample t="1103" it="0" lt="0" ct="1103" ts="1561111323004" s="false" lb="HTTP Request" rc="Non HTTP response code: org.apache.http.conn.HttpHostConnectException" rm="Non HTTP response message: Connect to 192.168.237.128:7077 [/192.168.237.128] failed: Connection refused: connect" tn="Thread Group 1-49" dt="text" by="2717" sby="0" ng="100" na="100">
  <java.net.URL>http://192.168.237.128:7077/</java.net.URL>
</httpSample>
<httpSample t="1092" it="0" lt="0" ct="1092" ts="1561111323016" s="false" lb="HTTP Request" rc="Non HTTP response code: org.apache.http.conn.HttpHostConnectException" rm="Non HTTP response message: Connect to 192.168.237.128:7077 [/192.168.237.128] failed: Connection refused: connect" tn="Thread Group 1-48" dt="text" by="2717" sby="0" ng="100" na="100">
  <java.net.URL>http://192.168.237.128:7077/</java.net.URL>
</httpSample>
<httpSample t="1008" it="0" lt="0" ct="1008" ts="1561111323103" s="false" lb="HTTP Request" rc="Non HTTP response code: org.apache.http.conn.HttpHostConnectException" rm="Non HTTP response message: Connect to 192.168.237.128:7077 [/192.168.237.128] failed: Connection refused: connect" tn="Thread Group 1-50" dt="text" by="2717" sby="0" ng="100" na="100">
  <java.net.URL>http://192.168.237.128:7077/</java.net.URL>
</httpSample>
<httpSample t="1002" it="0" lt="0" ct="1002" ts="1561111323113" s="false" lb="HTTP Request" rc="Non HTTP response code: org.apache.http.conn.HttpHostConnectException" rm="Non HTTP response message: Connect to 192.168.237.128:7077 [/192.168.237.128] failed: Connection refused: connect" tn="Thread Group 1-46" dt="text" by="2717" sby="0" ng="100" na="100">
  <java.net.URL>http://192.168.237.128:7077/</java.net.URL>
</httpSample>
<httpSample t="1003" it="0" lt="0" ct="1002" ts="1561111323113" s="false" lb="HTTP Request" rc="Non HTTP response code: org.apache.http.conn.HttpHostConnectException" rm="Non HTTP response message: Connect to 192.168.237.128:7077 [/192.168.237.128] failed: Connection refused: connect" tn="Thread Group 1-63" dt="text" by="2717" sby="0" ng="100" na="100">
  <java.net.URL>http://192.168.237.128:7077/</java.net.URL>
</httpSample>
<httpSample t="1003" it="0" lt="0" ct="1003" ts="1561111323148" s="false" lb="HTTP Request" rc="Non HTTP response code: org.apache.http.conn.HttpHostConnectException" rm="Non HTTP response message: Connect to 192.168.237.128:7077 [/192.168.237.128] failed: Connection refused: connect" tn="Thread Group 1-67" dt="text" by="2717" sby="0" ng="100" na="100">
  <java.net.URL>http://192.168.237.128:7077/</java.net.URL>
</httpSample>
<httpSample t="1005" it="0" lt="0" ct="1005" ts="1561111323170" s="false" lb="HTTP Request" rc="Non HTTP response code: org.apache.http.conn.HttpHostConnectException" rm="Non HTTP response message: Connect to 192.168.237.128:7077 [/192.168.237.128] failed: Connection refused: connect" tn="Thread Group 1-68" dt="text" by="2717" sby="0" ng="100" na="100">
  <java.net.URL>http://192.168.237.128:7077/</java.net.URL>
</httpSample>
<httpSample t="998" it="0" lt="0" ct="998" ts="1561111323188" s="false" lb="HTTP Request" rc="Non HTTP response code: org.apache.http.conn.HttpHostConnectException" rm="Non HTTP response message: Connect to 192.168.237.128:7077 [/192.168.237.128] failed: Connection refused: connect" tn="Thread Group 1-73" dt="text" by="2717" sby="0" ng="100" na="100">
  <java.net.URL>http://192.168.237.128:7077/</java.net.URL>
</httpSample>
<httpSample t="1003" it="0" lt="0" ct="1003" ts="1561111323183" s="false" lb="HTTP Request" rc="Non HTTP response code: org.apache.http.conn.HttpHostConnectException" rm="Non HTTP response message: Connect to 192.168.237.128:7077 [/192.168.237.128] failed: Connection refused: connect" tn="Thread Group 1-62" dt="text" by="2717" sby="0" ng="100" na="100">
  <java.net.URL>http://192.168.237.128:7077/</java.net.URL>
</httpSample>
<httpSample t="996" it="0" lt="0" ct="996" ts="1561111323199" s="false" lb="HTTP Request" rc="Non HTTP response code: org.apache.http.conn.HttpHostConnectException" rm="Non HTTP response message: Connect to 192.168.237.128:7077 [/192.168.237.128] failed: Connection refused: connect" tn="Thread Group 1-61" dt="text" by="2717" sby="0" ng="100" na="100">
  <java.net.URL>http://192.168.237.128:7077/</java.net.URL>
</httpSample>
<httpSample t="1008" it="0" lt="0" ct="1008" ts="1561111323192" s="false" lb="HTTP Request" rc="Non HTTP response code: org.apache.http.conn.HttpHostConnectException" rm="Non HTTP response message: Connect to 192.168.237.128:7077 [/192.168.237.128] failed: Connection refused: connect" tn="Thread Group 1-71" dt="text" by="2717" sby="0" ng="100" na="100">
  <java.net.URL>http://192.168.237.128:7077/</java.net.URL>
</httpSample>
<httpSample t="1036" it="0" lt="0" ct="1036" ts="1561111323170" s="false" lb="HTTP Request" rc="Non HTTP response code: org.apache.http.conn.HttpHostConnectException" rm="Non HTTP response message: Connect to 192.168.237.128:7077 [/192.168.237.128] failed: Connection refused: connect" tn="Thread Group 1-57" dt="text" by="2717" sby="0" ng="100" na="100">
  <java.net.URL>http://192.168.237.128:7077/</java.net.URL>
</httpSample>
<httpSample t="1008" it="0" lt="0" ct="1008" ts="1561111323198" s="false" lb="HTTP Request" rc="Non HTTP response code: org.apache.http.conn.HttpHostConnectException" rm="Non HTTP response message: Connect to 192.168.237.128:7077 [/192.168.237.128] failed: Connection refused: connect" tn="Thread Group 1-72" dt="text" by="2717" sby="0" ng="100" na="100">
  <java.net.URL>http://192.168.237.128:7077/</java.net.URL>
</httpSample>
<httpSample t="1093" it="0" lt="0" ct="1093" ts="1561111323113" s="false" lb="HTTP Request" rc="Non HTTP response code: org.apache.http.conn.HttpHostConnectException" rm="Non HTTP response message: Connect to 192.168.237.128:7077 [/192.168.237.128] failed: Connection refused: connect" tn="Thread Group 1-55" dt="text" by="2717" sby="0" ng="100" na="100">
  <java.net.URL>http://192.168.237.128:7077/</java.net.URL>
</httpSample>
<httpSample t="1024" it="0" lt="0" ct="1024" ts="1561111323183" s="false" lb="HTTP Request" rc="Non HTTP response code: org.apache.http.conn.HttpHostConnectException" rm="Non HTTP response message: Connect to 192.168.237.128:7077 [/192.168.237.128] failed: Connection refused: connect" tn="Thread Group 1-64" dt="text" by="2717" sby="0" ng="100" na="100">
  <java.net.URL>http://192.168.237.128:7077/</java.net.URL>
</httpSample>
<httpSample t="1008" it="0" lt="0" ct="1008" ts="1561111323202" s="false" lb="HTTP Request" rc="Non HTTP response code: org.apache.http.conn.HttpHostConnectException" rm="Non HTTP response message: Connect to 192.168.237.128:7077 [/192.168.237.128] failed: Connection refused: connect" tn="Thread Group 1-66" dt="text" by="2717" sby="0" ng="100" na="100">
  <java.net.URL>http://192.168.237.128:7077/</java.net.URL>
</httpSample>
<httpSample t="1002" it="0" lt="0" ct="1002" ts="1561111323263" s="false" lb="HTTP Request" rc="Non HTTP response code: org.apache.http.conn.HttpHostConnectException" rm="Non HTTP response message: Connect to 192.168.237.128:7077 [/192.168.237.128] failed: Connection refused: connect" tn="Thread Group 1-77" dt="text" by="2717" sby="0" ng="100" na="100">
  <java.net.URL>http://192.168.237.128:7077/</java.net.URL>
</httpSample>
<httpSample t="1002" it="0" lt="0" ct="1002" ts="1561111323268" s="false" lb="HTTP Request" rc="Non HTTP response code: org.apache.http.conn.HttpHostConnectException" rm="Non HTTP response message: Connect to 192.168.237.128:7077 [/192.168.237.128] failed: Connection refused: connect" tn="Thread Group 1-70" dt="text" by="2717" sby="0" ng="100" na="100">
  <java.net.URL>http://192.168.237.128:7077/</java.net.URL>
</httpSample>
<httpSample t="1001" it="0" lt="0" ct="1001" ts="1561111323273" s="false" lb="HTTP Request" rc="Non HTTP response code: org.apache.http.conn.HttpHostConnectException" rm="Non HTTP response message: Connect to 192.168.237.128:7077 [/192.168.237.128] failed: Connection refused: connect" tn="Thread Group 1-76" dt="text" by="2717" sby="0" ng="100" na="100">
  <java.net.URL>http://192.168.237.128:7077/</java.net.URL>
</httpSample>
<httpSample t="998" it="0" lt="0" ct="997" ts="1561111323289" s="false" lb="HTTP Request" rc="Non HTTP response code: org.apache.http.conn.HttpHostConnectException" rm="Non HTTP response message: Connect to 192.168.237.128:7077 [/192.168.237.128] failed: Connection refused: connect" tn="Thread Group 1-80" dt="text" by="2717" sby="0" ng="100" na="100">
  <java.net.URL>http://192.168.237.128:7077/</java.net.URL>
</httpSample>
<httpSample t="1004" it="0" lt="0" ct="1003" ts="1561111323297" s="false" lb="HTTP Request" rc="Non HTTP response code: org.apache.http.conn.HttpHostConnectException" rm="Non HTTP response message: Connect to 192.168.237.128:7077 [/192.168.237.128] failed: Connection refused: connect" tn="Thread Group 1-82" dt="text" by="2717" sby="0" ng="100" na="100">
  <java.net.URL>http://192.168.237.128:7077/</java.net.URL>
</httpSample>
<httpSample t="1006" it="0" lt="0" ct="1006" ts="1561111323299" s="false" lb="HTTP Request" rc="Non HTTP response code: org.apache.http.conn.HttpHostConnectException" rm="Non HTTP response message: Connect to 192.168.237.128:7077 [/192.168.237.128] failed: Connection refused: connect" tn="Thread Group 1-74" dt="text" by="2717" sby="0" ng="100" na="100">
  <java.net.URL>http://192.168.237.128:7077/</java.net.URL>
</httpSample>
<httpSample t="1004" it="0" lt="0" ct="1004" ts="1561111323302" s="false" lb="HTTP Request" rc="Non HTTP response code: org.apache.http.conn.HttpHostConnectException" rm="Non HTTP response message: Connect to 192.168.237.128:7077 [/192.168.237.128] failed: Connection refused: connect" tn="Thread Group 1-78" dt="text" by="2717" sby="0" ng="100" na="100">
  <java.net.URL>http://192.168.237.128:7077/</java.net.URL>
</httpSample>
<httpSample t="1023" it="0" lt="0" ct="1023" ts="1561111323283" s="false" lb="HTTP Request" rc="Non HTTP response code: org.apache.http.conn.HttpHostConnectException" rm="Non HTTP response message: Connect to 192.168.237.128:7077 [/192.168.237.128] failed: Connection refused: connect" tn="Thread Group 1-65" dt="text" by="2717" sby="0" ng="100" na="100">
  <java.net.URL>http://192.168.237.128:7077/</java.net.URL>
</httpSample>
<httpSample t="1004" it="0" lt="0" ct="1004" ts="1561111323303" s="false" lb="HTTP Request" rc="Non HTTP response code: org.apache.http.conn.HttpHostConnectException" rm="Non HTTP response message: Connect to 192.168.237.128:7077 [/192.168.237.128] failed: Connection refused: connect" tn="Thread Group 1-75" dt="text" by="2717" sby="0" ng="100" na="100">
  <java.net.URL>http://192.168.237.128:7077/</java.net.URL>
</httpSample>
<httpSample t="1001" it="0" lt="0" ct="1001" ts="1561111323364" s="false" lb="HTTP Request" rc="Non HTTP response code: org.apache.http.conn.HttpHostConnectException" rm="Non HTTP response message: Connect to 192.168.237.128:7077 [/192.168.237.128] failed: Connection refused: connect" tn="Thread Group 1-69" dt="text" by="2717" sby="0" ng="100" na="100">
  <java.net.URL>http://192.168.237.128:7077/</java.net.URL>
</httpSample>
<httpSample t="1011" it="0" lt="0" ct="1011" ts="1561111323359" s="false" lb="HTTP Request" rc="Non HTTP response code: org.apache.http.conn.HttpHostConnectException" rm="Non HTTP response message: Connect to 192.168.237.128:7077 [/192.168.237.128] failed: Connection refused: connect" tn="Thread Group 1-84" dt="text" by="2717" sby="0" ng="100" na="100">
  <java.net.URL>http://192.168.237.128:7077/</java.net.URL>
</httpSample>
<httpSample t="1011" it="0" lt="0" ct="1011" ts="1561111323396" s="false" lb="HTTP Request" rc="Non HTTP response code: org.apache.http.conn.HttpHostConnectException" rm="Non HTTP response message: Connect to 192.168.237.128:7077 [/192.168.237.128] failed: Connection refused: connect" tn="Thread Group 1-91" dt="text" by="2717" sby="0" ng="100" na="100">
  <java.net.URL>http://192.168.237.128:7077/</java.net.URL>
</httpSample>
<httpSample t="1095" it="0" lt="0" ct="1095" ts="1561111323312" s="false" lb="HTTP Request" rc="Non HTTP response code: org.apache.http.conn.HttpHostConnectException" rm="Non HTTP response message: Connect to 192.168.237.128:7077 [/192.168.237.128] failed: Connection refused: connect" tn="Thread Group 1-83" dt="text" by="2717" sby="0" ng="100" na="100">
  <java.net.URL>http://192.168.237.128:7077/</java.net.URL>
</httpSample>
<httpSample t="1054" it="0" lt="0" ct="1054" ts="1561111323358" s="false" lb="HTTP Request" rc="Non HTTP response code: org.apache.http.conn.HttpHostConnectException" rm="Non HTTP response message: Connect to 192.168.237.128:7077 [/192.168.237.128] failed: Connection refused: connect" tn="Thread Group 1-87" dt="text" by="2717" sby="0" ng="100" na="100">
  <java.net.URL>http://192.168.237.128:7077/</java.net.URL>
</httpSample>
<httpSample t="1045" it="0" lt="0" ct="1045" ts="1561111323367" s="false" lb="HTTP Request" rc="Non HTTP response code: org.apache.http.conn.HttpHostConnectException" rm="Non HTTP response message: Connect to 192.168.237.128:7077 [/192.168.237.128] failed: Connection refused: connect" tn="Thread Group 1-79" dt="text" by="2717" sby="0" ng="100" na="100">
  <java.net.URL>http://192.168.237.128:7077/</java.net.URL>
</httpSample>
<httpSample t="1004" it="0" lt="0" ct="1004" ts="1561111323411" s="false" lb="HTTP Request" rc="Non HTTP response code: org.apache.http.conn.HttpHostConnectException" rm="Non HTTP response message: Connect to 192.168.237.128:7077 [/192.168.237.128] failed: Connection refused: connect" tn="Thread Group 1-86" dt="text" by="2717" sby="0" ng="100" na="100">
  <java.net.URL>http://192.168.237.128:7077/</java.net.URL>
</httpSample>
<httpSample t="999" it="0" lt="0" ct="999" ts="1561111323474" s="false" lb="HTTP Request" rc="Non HTTP response code: org.apache.http.conn.HttpHostConnectException" rm="Non HTTP response message: Connect to 192.168.237.128:7077 [/192.168.237.128] failed: Connection refused: connect" tn="Thread Group 1-95" dt="text" by="2717" sby="0" ng="100" na="100">
  <java.net.URL>http://192.168.237.128:7077/</java.net.URL>
</httpSample>
<httpSample t="1002" it="0" lt="0" ct="1002" ts="1561111323473" s="false" lb="HTTP Request" rc="Non HTTP response code: org.apache.http.conn.HttpHostConnectException" rm="Non HTTP response message: Connect to 192.168.237.128:7077 [/192.168.237.128] failed: Connection refused: connect" tn="Thread Group 1-85" dt="text" by="2717" sby="0" ng="100" na="100">
  <java.net.URL>http://192.168.237.128:7077/</java.net.URL>
</httpSample>
<httpSample t="1004" it="0" lt="0" ct="1004" ts="1561111323472" s="false" lb="HTTP Request" rc="Non HTTP response code: org.apache.http.conn.HttpHostConnectException" rm="Non HTTP response message: Connect to 192.168.237.128:7077 [/192.168.237.128] failed: Connection refused: connect" tn="Thread Group 1-92" dt="text" by="2717" sby="0" ng="100" na="100">
  <java.net.URL>http://192.168.237.128:7077/</java.net.URL>
</httpSample>
<httpSample t="998" it="0" lt="0" ct="998" ts="1561111323495" s="false" lb="HTTP Request" rc="Non HTTP response code: org.apache.http.conn.HttpHostConnectException" rm="Non HTTP response message: Connect to 192.168.237.128:7077 [/192.168.237.128] failed: Connection refused: connect" tn="Thread Group 1-96" dt="text" by="2717" sby="0" ng="100" na="100">
  <java.net.URL>http://192.168.237.128:7077/</java.net.URL>
</httpSample>
<httpSample t="1001" it="0" lt="0" ct="1001" ts="1561111323495" s="false" lb="HTTP Request" rc="Non HTTP response code: org.apache.http.conn.HttpHostConnectException" rm="Non HTTP response message: Connect to 192.168.237.128:7077 [/192.168.237.128] failed: Connection refused: connect" tn="Thread Group 1-89" dt="text" by="2717" sby="0" ng="100" na="100">
  <java.net.URL>http://192.168.237.128:7077/</java.net.URL>
</httpSample>
<httpSample t="1004" it="0" lt="0" ct="1003" ts="1561111323503" s="false" lb="HTTP Request" rc="Non HTTP response code: org.apache.http.conn.HttpHostConnectException" rm="Non HTTP response message: Connect to 192.168.237.128:7077 [/192.168.237.128] failed: Connection refused: connect" tn="Thread Group 1-81" dt="text" by="2717" sby="0" ng="100" na="100">
  <java.net.URL>http://192.168.237.128:7077/</java.net.URL>
</httpSample>
<httpSample t="1006" it="0" lt="0" ct="1006" ts="1561111323502" s="false" lb="HTTP Request" rc="Non HTTP response code: org.apache.http.conn.HttpHostConnectException" rm="Non HTTP response message: Connect to 192.168.237.128:7077 [/192.168.237.128] failed: Connection refused: connect" tn="Thread Group 1-88" dt="text" by="2717" sby="0" ng="100" na="100">
  <java.net.URL>http://192.168.237.128:7077/</java.net.URL>
</httpSample>
<httpSample t="1014" it="0" lt="0" ct="1014" ts="1561111323495" s="false" lb="HTTP Request" rc="Non HTTP response code: org.apache.http.conn.HttpHostConnectException" rm="Non HTTP response message: Connect to 192.168.237.128:7077 [/192.168.237.128] failed: Connection refused: connect" tn="Thread Group 1-90" dt="text" by="2717" sby="0" ng="100" na="100">
  <java.net.URL>http://192.168.237.128:7077/</java.net.URL>
</httpSample>
<httpSample t="1025" it="0" lt="0" ct="1025" ts="1561111323485" s="false" lb="HTTP Request" rc="Non HTTP response code: org.apache.http.conn.HttpHostConnectException" rm="Non HTTP response message: Connect to 192.168.237.128:7077 [/192.168.237.128] failed: Connection refused: connect" tn="Thread Group 1-93" dt="text" by="2717" sby="0" ng="100" na="100">
  <java.net.URL>http://192.168.237.128:7077/</java.net.URL>
</httpSample>
<httpSample t="1004" it="0" lt="0" ct="1004" ts="1561111323514" s="false" lb="HTTP Request" rc="Non HTTP response code: org.apache.http.conn.HttpHostConnectException" rm="Non HTTP response message: Connect to 192.168.237.128:7077 [/192.168.237.128] failed: Connection refused: connect" tn="Thread Group 1-94" dt="text" by="2717" sby="0" ng="100" na="100">
  <java.net.URL>http://192.168.237.128:7077/</java.net.URL>
</httpSample>
<httpSample t="1008" it="0" lt="0" ct="1008" ts="1561111323535" s="false" lb="HTTP Request" rc="Non HTTP response code: org.apache.http.conn.HttpHostConnectException" rm="Non HTTP response message: Connect to 192.168.237.128:7077 [/192.168.237.128] failed: Connection refused: connect" tn="Thread Group 1-4" dt="text" by="2717" sby="0" ng="100" na="100">
  <java.net.URL>http://192.168.237.128:7077/</java.net.URL>
</httpSample>
<httpSample t="1004" it="0" lt="0" ct="1004" ts="1561111323572" s="false" lb="HTTP Request" rc="Non HTTP response code: org.apache.http.conn.HttpHostConnectException" rm="Non HTTP response message: Connect to 192.168.237.128:7077 [/192.168.237.128] failed: Connection refused: connect" tn="Thread Group 1-2" dt="text" by="2717" sby="0" ng="100" na="100">
  <java.net.URL>http://192.168.237.128:7077/</java.net.URL>
</httpSample>
<httpSample t="1005" it="0" lt="0" ct="1005" ts="1561111323572" s="false" lb="HTTP Request" rc="Non HTTP response code: org.apache.http.conn.HttpHostConnectException" rm="Non HTTP response message: Connect to 192.168.237.128:7077 [/192.168.237.128] failed: Connection refused: connect" tn="Thread Group 1-3" dt="text" by="2717" sby="0" ng="100" na="100">
  <java.net.URL>http://192.168.237.128:7077/</java.net.URL>
</httpSample>
<httpSample t="1006" it="0" lt="0" ct="1006" ts="1561111323574" s="false" lb="HTTP Request" rc="Non HTTP response code: org.apache.http.conn.HttpHostConnectException" rm="Non HTTP response message: Connect to 192.168.237.128:7077 [/192.168.237.128] failed: Connection refused: connect" tn="Thread Group 1-7" dt="text" by="2717" sby="0" ng="100" na="100">
  <java.net.URL>http://192.168.237.128:7077/</java.net.URL>
</httpSample>
<httpSample t="1002" it="0" lt="0" ct="1002" ts="1561111323595" s="false" lb="HTTP Request" rc="Non HTTP response code: org.apache.http.conn.HttpHostConnectException" rm="Non HTTP response message: Connect to 192.168.237.128:7077 [/192.168.237.128] failed: Connection refused: connect" tn="Thread Group 1-1" dt="text" by="2717" sby="0" ng="100" na="100">
  <java.net.URL>http://192.168.237.128:7077/</java.net.URL>
</httpSample>
<httpSample t="1008" it="0" lt="0" ct="1008" ts="1561111323592" s="false" lb="HTTP Request" rc="Non HTTP response code: org.apache.http.conn.HttpHostConnectException" rm="Non HTTP response message: Connect to 192.168.237.128:7077 [/192.168.237.128] failed: Connection refused: connect" tn="Thread Group 1-98" dt="text" by="2717" sby="0" ng="100" na="100">
  <java.net.URL>http://192.168.237.128:7077/</java.net.URL>
</httpSample>
<httpSample t="1002" it="0" lt="0" ct="1002" ts="1561111323604" s="false" lb="HTTP Request" rc="Non HTTP response code: org.apache.http.conn.HttpHostConnectException" rm="Non HTTP response message: Connect to 192.168.237.128:7077 [/192.168.237.128] failed: Connection refused: connect" tn="Thread Group 1-12" dt="text" by="2717" sby="0" ng="100" na="100">
  <java.net.URL>http://192.168.237.128:7077/</java.net.URL>
</httpSample>
<httpSample t="1004" it="0" lt="0" ct="1004" ts="1561111323607" s="false" lb="HTTP Request" rc="Non HTTP response code: org.apache.http.conn.HttpHostConnectException" rm="Non HTTP response message: Connect to 192.168.237.128:7077 [/192.168.237.128] failed: Connection refused: connect" tn="Thread Group 1-5" dt="text" by="2717" sby="0" ng="100" na="100">
  <java.net.URL>http://192.168.237.128:7077/</java.net.URL>
</httpSample>
<httpSample t="1038" it="0" lt="0" ct="1038" ts="1561111323574" s="false" lb="HTTP Request" rc="Non HTTP response code: org.apache.http.conn.HttpHostConnectException" rm="Non HTTP response message: Connect to 192.168.237.128:7077 [/192.168.237.128] failed: Connection refused: connect" tn="Thread Group 1-6" dt="text" by="2717" sby="0" ng="100" na="100">
  <java.net.URL>http://192.168.237.128:7077/</java.net.URL>
</httpSample>
<httpSample t="1078" it="0" lt="0" ct="1078" ts="1561111323535" s="false" lb="HTTP Request" rc="Non HTTP response code: org.apache.http.conn.HttpHostConnectException" rm="Non HTTP response message: Connect to 192.168.237.128:7077 [/192.168.237.128] failed: Connection refused: connect" tn="Thread Group 1-97" dt="text" by="2717" sby="0" ng="100" na="100">
  <java.net.URL>http://192.168.237.128:7077/</java.net.URL>
</httpSample>
<httpSample t="1026" it="0" lt="0" ct="1026" ts="1561111323587" s="false" lb="HTTP Request" rc="Non HTTP response code: org.apache.http.conn.HttpHostConnectException" rm="Non HTTP response message: Connect to 192.168.237.128:7077 [/192.168.237.128] failed: Connection refused: connect" tn="Thread Group 1-10" dt="text" by="2717" sby="0" ng="100" na="100">
  <java.net.URL>http://192.168.237.128:7077/</java.net.URL>
</httpSample>
<httpSample t="1004" it="0" lt="0" ct="1004" ts="1561111323617" s="false" lb="HTTP Request" rc="Non HTTP response code: org.apache.http.conn.HttpHostConnectException" rm="Non HTTP response message: Connect to 192.168.237.128:7077 [/192.168.237.128] failed: Connection refused: connect" tn="Thread Group 1-99" dt="text" by="2717" sby="0" ng="100" na="100">
  <java.net.URL>http://192.168.237.128:7077/</java.net.URL>
</httpSample>
<httpSample t="1003" it="0" lt="0" ct="1003" ts="1561111323625" s="false" lb="HTTP Request" rc="Non HTTP response code: org.apache.http.conn.HttpHostConnectException" rm="Non HTTP response message: Connect to 192.168.237.128:7077 [/192.168.237.128] failed: Connection refused: connect" tn="Thread Group 1-13" dt="text" by="2717" sby="0" ng="100" na="100">
  <java.net.URL>http://192.168.237.128:7077/</java.net.URL>
</httpSample>
<httpSample t="1004" it="0" lt="0" ct="1004" ts="1561111323632" s="false" lb="HTTP Request" rc="Non HTTP response code: org.apache.http.conn.HttpHostConnectException" rm="Non HTTP response message: Connect to 192.168.237.128:7077 [/192.168.237.128] failed: Connection refused: connect" tn="Thread Group 1-8" dt="text" by="2717" sby="0" ng="100" na="100">
  <java.net.URL>http://192.168.237.128:7077/</java.net.URL>
</httpSample>
<httpSample t="1003" it="0" lt="0" ct="1003" ts="1561111323675" s="false" lb="HTTP Request" rc="Non HTTP response code: org.apache.http.conn.HttpHostConnectException" rm="Non HTTP response message: Connect to 192.168.237.128:7077 [/192.168.237.128] failed: Connection refused: connect" tn="Thread Group 1-17" dt="text" by="2717" sby="0" ng="100" na="100">
  <java.net.URL>http://192.168.237.128:7077/</java.net.URL>
</httpSample>
<httpSample t="1005" it="0" lt="0" ct="1005" ts="1561111323682" s="false" lb="HTTP Request" rc="Non HTTP response code: org.apache.http.conn.HttpHostConnectException" rm="Non HTTP response message: Connect to 192.168.237.128:7077 [/192.168.237.128] failed: Connection refused: connect" tn="Thread Group 1-100" dt="text" by="2717" sby="0" ng="100" na="100">
  <java.net.URL>http://192.168.237.128:7077/</java.net.URL>
</httpSample>
<httpSample t="1003" it="0" lt="0" ct="1002" ts="1561111323685" s="false" lb="HTTP Request" rc="Non HTTP response code: org.apache.http.conn.HttpHostConnectException" rm="Non HTTP response message: Connect to 192.168.237.128:7077 [/192.168.237.128] failed: Connection refused: connect" tn="Thread Group 1-22" dt="text" by="2717" sby="0" ng="100" na="100">
  <java.net.URL>http://192.168.237.128:7077/</java.net.URL>
</httpSample>
<httpSample t="1008" it="0" lt="0" ct="1008" ts="1561111323685" s="false" lb="HTTP Request" rc="Non HTTP response code: org.apache.http.conn.HttpHostConnectException" rm="Non HTTP response message: Connect to 192.168.237.128:7077 [/192.168.237.128] failed: Connection refused: connect" tn="Thread Group 1-20" dt="text" by="2717" sby="0" ng="100" na="100">
  <java.net.URL>http://192.168.237.128:7077/</java.net.URL>
</httpSample>
<httpSample t="1007" it="0" lt="0" ct="1007" ts="1561111323687" s="false" lb="HTTP Request" rc="Non HTTP response code: org.apache.http.conn.HttpHostConnectException" rm="Non HTTP response message: Connect to 192.168.237.128:7077 [/192.168.237.128] failed: Connection refused: connect" tn="Thread Group 1-16" dt="text" by="2717" sby="0" ng="100" na="100">
  <java.net.URL>http://192.168.237.128:7077/</java.net.URL>
</httpSample>
<httpSample t="1013" it="0" lt="0" ct="1013" ts="1561111323685" s="false" lb="HTTP Request" rc="Non HTTP response code: org.apache.http.conn.HttpHostConnectException" rm="Non HTTP response message: Connect to 192.168.237.128:7077 [/192.168.237.128] failed: Connection refused: connect" tn="Thread Group 1-19" dt="text" by="2717" sby="0" ng="100" na="100">
  <java.net.URL>http://192.168.237.128:7077/</java.net.URL>
</httpSample>
<httpSample t="1006" it="0" lt="0" ct="1006" ts="1561111323695" s="false" lb="HTTP Request" rc="Non HTTP response code: org.apache.http.conn.HttpHostConnectException" rm="Non HTTP response message: Connect to 192.168.237.128:7077 [/192.168.237.128] failed: Connection refused: connect" tn="Thread Group 1-23" dt="text" by="2717" sby="0" ng="100" na="100">
  <java.net.URL>http://192.168.237.128:7077/</java.net.URL>
</httpSample>
<httpSample t="1003" it="0" lt="0" ct="1003" ts="1561111323704" s="false" lb="HTTP Request" rc="Non HTTP response code: org.apache.http.conn.HttpHostConnectException" rm="Non HTTP response message: Connect to 192.168.237.128:7077 [/192.168.237.128] failed: Connection refused: connect" tn="Thread Group 1-11" dt="text" by="2717" sby="0" ng="100" na="100">
  <java.net.URL>http://192.168.237.128:7077/</java.net.URL>
</httpSample>
<httpSample t="1003" it="0" lt="0" ct="1003" ts="1561111323725" s="false" lb="HTTP Request" rc="Non HTTP response code: org.apache.http.conn.HttpHostConnectException" rm="Non HTTP response message: Connect to 192.168.237.128:7077 [/192.168.237.128] failed: Connection refused: connect" tn="Thread Group 1-25" dt="text" by="2717" sby="0" ng="100" na="100">
  <java.net.URL>http://192.168.237.128:7077/</java.net.URL>
</httpSample>
<httpSample t="1049" it="0" lt="0" ct="1048" ts="1561111323694" s="false" lb="HTTP Request" rc="Non HTTP response code: org.apache.http.conn.HttpHostConnectException" rm="Non HTTP response message: Connect to 192.168.237.128:7077 [/192.168.237.128] failed: Connection refused: connect" tn="Thread Group 1-18" dt="text" by="2717" sby="0" ng="100" na="100">
  <java.net.URL>http://192.168.237.128:7077/</java.net.URL>
</httpSample>
<httpSample t="1041" it="0" lt="0" ct="1041" ts="1561111323702" s="false" lb="HTTP Request" rc="Non HTTP response code: org.apache.http.conn.HttpHostConnectException" rm="Non HTTP response message: Connect to 192.168.237.128:7077 [/192.168.237.128] failed: Connection refused: connect" tn="Thread Group 1-9" dt="text" by="2717" sby="0" ng="100" na="100">
  <java.net.URL>http://192.168.237.128:7077/</java.net.URL>
</httpSample>
<httpSample t="1062" it="0" lt="0" ct="1062" ts="1561111323682" s="false" lb="HTTP Request" rc="Non HTTP response code: org.apache.http.conn.HttpHostConnectException" rm="Non HTTP response message: Connect to 192.168.237.128:7077 [/192.168.237.128] failed: Connection refused: connect" tn="Thread Group 1-14" dt="text" by="2717" sby="0" ng="100" na="100">
  <java.net.URL>http://192.168.237.128:7077/</java.net.URL>
</httpSample>
<httpSample t="1004" it="0" lt="0" ct="1004" ts="1561111323765" s="false" lb="HTTP Request" rc="Non HTTP response code: org.apache.http.conn.HttpHostConnectException" rm="Non HTTP response message: Connect to 192.168.237.128:7077 [/192.168.237.128] failed: Connection refused: connect" tn="Thread Group 1-26" dt="text" by="2717" sby="0" ng="100" na="100">
  <java.net.URL>http://192.168.237.128:7077/</java.net.URL>
</httpSample>
<httpSample t="1008" it="0" lt="0" ct="1008" ts="1561111323787" s="false" lb="HTTP Request" rc="Non HTTP response code: org.apache.http.conn.HttpHostConnectException" rm="Non HTTP response message: Connect to 192.168.237.128:7077 [/192.168.237.128] failed: Connection refused: connect" tn="Thread Group 1-24" dt="text" by="2717" sby="0" ng="100" na="100">
  <java.net.URL>http://192.168.237.128:7077/</java.net.URL>
</httpSample>
<httpSample t="1002" it="0" lt="0" ct="1002" ts="1561111323807" s="false" lb="HTTP Request" rc="Non HTTP response code: org.apache.http.conn.HttpHostConnectException" rm="Non HTTP response message: Connect to 192.168.237.128:7077 [/192.168.237.128] failed: Connection refused: connect" tn="Thread Group 1-31" dt="text" by="2717" sby="0" ng="100" na="100">
  <java.net.URL>http://192.168.237.128:7077/</java.net.URL>
</httpSample>
<httpSample t="1011" it="0" lt="0" ct="1011" ts="1561111323804" s="false" lb="HTTP Request" rc="Non HTTP response code: org.apache.http.conn.HttpHostConnectException" rm="Non HTTP response message: Connect to 192.168.237.128:7077 [/192.168.237.128] failed: Connection refused: connect" tn="Thread Group 1-28" dt="text" by="2717" sby="0" ng="100" na="100">
  <java.net.URL>http://192.168.237.128:7077/</java.net.URL>
</httpSample>
<httpSample t="1008" it="0" lt="0" ct="1008" ts="1561111323807" s="false" lb="HTTP Request" rc="Non HTTP response code: org.apache.http.conn.HttpHostConnectException" rm="Non HTTP response message: Connect to 192.168.237.128:7077 [/192.168.237.128] failed: Connection refused: connect" tn="Thread Group 1-32" dt="text" by="2717" sby="0" ng="100" na="100">
  <java.net.URL>http://192.168.237.128:7077/</java.net.URL>
</httpSample>
<httpSample t="1014" it="0" lt="0" ct="1014" ts="1561111323811" s="false" lb="HTTP Request" rc="Non HTTP response code: org.apache.http.conn.HttpHostConnectException" rm="Non HTTP response message: Connect to 192.168.237.128:7077 [/192.168.237.128] failed: Connection refused: connect" tn="Thread Group 1-15" dt="text" by="2717" sby="0" ng="100" na="100">
  <java.net.URL>http://192.168.237.128:7077/</java.net.URL>
</httpSample>
<httpSample t="1035" it="0" lt="0" ct="1035" ts="1561111323807" s="false" lb="HTTP Request" rc="Non HTTP response code: org.apache.http.conn.HttpHostConnectException" rm="Non HTTP response message: Connect to 192.168.237.128:7077 [/192.168.237.128] failed: Connection refused: connect" tn="Thread Group 1-33" dt="text" by="2717" sby="0" ng="100" na="100">
  <java.net.URL>http://192.168.237.128:7077/</java.net.URL>
</httpSample>
<httpSample t="1040" it="0" lt="0" ct="1040" ts="1561111323803" s="false" lb="HTTP Request" rc="Non HTTP response code: org.apache.http.conn.HttpHostConnectException" rm="Non HTTP response message: Connect to 192.168.237.128:7077 [/192.168.237.128] failed: Connection refused: connect" tn="Thread Group 1-21" dt="text" by="2717" sby="0" ng="100" na="100">
  <java.net.URL>http://192.168.237.128:7077/</java.net.URL>
</httpSample>
<httpSample t="1000" it="0" lt="0" ct="1000" ts="1561111323909" s="false" lb="HTTP Request" rc="Non HTTP response code: org.apache.http.conn.HttpHostConnectException" rm="Non HTTP response message: Connect to 192.168.237.128:7077 [/192.168.237.128] failed: Connection refused: connect" tn="Thread Group 1-27" dt="text" by="2717" sby="0" ng="100" na="100">
  <java.net.URL>http://192.168.237.128:7077/</java.net.URL>
</httpSample>
<httpSample t="1001" it="0" lt="0" ct="1001" ts="1561111323908" s="false" lb="HTTP Request" rc="Non HTTP response code: org.apache.http.conn.HttpHostConnectException" rm="Non HTTP response message: Connect to 192.168.237.128:7077 [/192.168.237.128] failed: Connection refused: connect" tn="Thread Group 1-43" dt="text" by="2717" sby="0" ng="100" na="100">
  <java.net.URL>http://192.168.237.128:7077/</java.net.URL>
</httpSample>
<httpSample t="1006" it="0" lt="0" ct="1006" ts="1561111323908" s="false" lb="HTTP Request" rc="Non HTTP response code: org.apache.http.conn.HttpHostConnectException" rm="Non HTTP response message: Connect to 192.168.237.128:7077 [/192.168.237.128] failed: Connection refused: connect" tn="Thread Group 1-42" dt="text" by="2717" sby="0" ng="100" na="100">
  <java.net.URL>http://192.168.237.128:7077/</java.net.URL>
</httpSample>
<httpSample t="1006" it="0" lt="0" ct="1006" ts="1561111323909" s="false" lb="HTTP Request" rc="Non HTTP response code: org.apache.http.conn.HttpHostConnectException" rm="Non HTTP response message: Connect to 192.168.237.128:7077 [/192.168.237.128] failed: Connection refused: connect" tn="Thread Group 1-30" dt="text" by="2717" sby="0" ng="100" na="100">
  <java.net.URL>http://192.168.237.128:7077/</java.net.URL>
</httpSample>
<httpSample t="1049" it="0" lt="0" ct="1049" ts="1561111323867" s="false" lb="HTTP Request" rc="Non HTTP response code: org.apache.http.conn.HttpHostConnectException" rm="Non HTTP response message: Connect to 192.168.237.128:7077 [/192.168.237.128] failed: Connection refused: connect" tn="Thread Group 1-37" dt="text" by="2717" sby="0" ng="100" na="100">
  <java.net.URL>http://192.168.237.128:7077/</java.net.URL>
</httpSample>
<httpSample t="1006" it="0" lt="0" ct="1006" ts="1561111323917" s="false" lb="HTTP Request" rc="Non HTTP response code: org.apache.http.conn.HttpHostConnectException" rm="Non HTTP response message: Connect to 192.168.237.128:7077 [/192.168.237.128] failed: Connection refused: connect" tn="Thread Group 1-38" dt="text" by="2717" sby="0" ng="100" na="100">
  <java.net.URL>http://192.168.237.128:7077/</java.net.URL>
</httpSample>
<httpSample t="1025" it="0" lt="0" ct="1025" ts="1561111323917" s="false" lb="HTTP Request" rc="Non HTTP response code: org.apache.http.conn.HttpHostConnectException" rm="Non HTTP response message: Connect to 192.168.237.128:7077 [/192.168.237.128] failed: Connection refused: connect" tn="Thread Group 1-29" dt="text" by="2717" sby="0" ng="100" na="100">
  <java.net.URL>http://192.168.237.128:7077/</java.net.URL>
</httpSample>
<httpSample t="1050" it="0" lt="0" ct="1050" ts="1561111323893" s="false" lb="HTTP Request" rc="Non HTTP response code: org.apache.http.conn.HttpHostConnectException" rm="Non HTTP response message: Connect to 192.168.237.128:7077 [/192.168.237.128] failed: Connection refused: connect" tn="Thread Group 1-40" dt="text" by="2717" sby="0" ng="100" na="100">
  <java.net.URL>http://192.168.237.128:7077/</java.net.URL>
</httpSample>
<httpSample t="1006" it="0" lt="0" ct="1006" ts="1561111323953" s="false" lb="HTTP Request" rc="Non HTTP response code: org.apache.http.conn.HttpHostConnectException" rm="Non HTTP response message: Connect to 192.168.237.128:7077 [/192.168.237.128] failed: Connection refused: connect" tn="Thread Group 1-45" dt="text" by="2717" sby="0" ng="100" na="100">
  <java.net.URL>http://192.168.237.128:7077/</java.net.URL>
</httpSample>
<httpSample t="1004" it="0" lt="0" ct="1004" ts="1561111324008" s="false" lb="HTTP Request" rc="Non HTTP response code: org.apache.http.conn.HttpHostConnectException" rm="Non HTTP response message: Connect to 192.168.237.128:7077 [/192.168.237.128] failed: Connection refused: connect" tn="Thread Group 1-41" dt="text" by="2717" sby="0" ng="100" na="100">
  <java.net.URL>http://192.168.237.128:7077/</java.net.URL>
</httpSample>
<httpSample t="1046" it="0" lt="0" ct="1046" ts="1561111323967" s="false" lb="HTTP Request" rc="Non HTTP response code: org.apache.http.conn.HttpHostConnectException" rm="Non HTTP response message: Connect to 192.168.237.128:7077 [/192.168.237.128] failed: Connection refused: connect" tn="Thread Group 1-34" dt="text" by="2717" sby="0" ng="100" na="100">
  <java.net.URL>http://192.168.237.128:7077/</java.net.URL>
</httpSample>
<httpSample t="1101" it="0" lt="0" ct="1101" ts="1561111323912" s="false" lb="HTTP Request" rc="Non HTTP response code: org.apache.http.conn.HttpHostConnectException" rm="Non HTTP response message: Connect to 192.168.237.128:7077 [/192.168.237.128] failed: Connection refused: connect" tn="Thread Group 1-44" dt="text" by="2717" sby="0" ng="100" na="100">
  <java.net.URL>http://192.168.237.128:7077/</java.net.URL>
</httpSample>
<httpSample t="1013" it="0" lt="0" ct="1013" ts="1561111324002" s="false" lb="HTTP Request" rc="Non HTTP response code: org.apache.http.conn.HttpHostConnectException" rm="Non HTTP response message: Connect to 192.168.237.128:7077 [/192.168.237.128] failed: Connection refused: connect" tn="Thread Group 1-35" dt="text" by="2717" sby="0" ng="100" na="100">
  <java.net.URL>http://192.168.237.128:7077/</java.net.URL>
</httpSample>
<httpSample t="1003" it="0" lt="0" ct="1003" ts="1561111324017" s="false" lb="HTTP Request" rc="Non HTTP response code: org.apache.http.conn.HttpHostConnectException" rm="Non HTTP response message: Connect to 192.168.237.128:7077 [/192.168.237.128] failed: Connection refused: connect" tn="Thread Group 1-39" dt="text" by="2717" sby="0" ng="100" na="100">
  <java.net.URL>http://192.168.237.128:7077/</java.net.URL>
</httpSample>
<httpSample t="1036" it="0" lt="0" ct="1035" ts="1561111324007" s="false" lb="HTTP Request" rc="Non HTTP response code: org.apache.http.conn.HttpHostConnectException" rm="Non HTTP response message: Connect to 192.168.237.128:7077 [/192.168.237.128] failed: Connection refused: connect" tn="Thread Group 1-47" dt="text" by="2717" sby="0" ng="100" na="100">
  <java.net.URL>http://192.168.237.128:7077/</java.net.URL>
</httpSample>
<httpSample t="1045" it="0" lt="0" ct="1045" ts="1561111323998" s="false" lb="HTTP Request" rc="Non HTTP response code: org.apache.http.conn.HttpHostConnectException" rm="Non HTTP response message: Connect to 192.168.237.128:7077 [/192.168.237.128] failed: Connection refused: connect" tn="Thread Group 1-36" dt="text" by="2717" sby="0" ng="100" na="100">
  <java.net.URL>http://192.168.237.128:7077/</java.net.URL>
</httpSample>
<httpSample t="1006" it="0" lt="0" ct="1006" ts="1561111324052" s="false" lb="HTTP Request" rc="Non HTTP response code: org.apache.http.conn.HttpHostConnectException" rm="Non HTTP response message: Connect to 192.168.237.128:7077 [/192.168.237.128] failed: Connection refused: connect" tn="Thread Group 1-58" dt="text" by="2717" sby="0" ng="100" na="100">
  <java.net.URL>http://192.168.237.128:7077/</java.net.URL>
</httpSample>
<httpSample t="1006" it="0" lt="0" ct="1006" ts="1561111324056" s="false" lb="HTTP Request" rc="Non HTTP response code: org.apache.http.conn.HttpHostConnectException" rm="Non HTTP response message: Connect to 192.168.237.128:7077 [/192.168.237.128] failed: Connection refused: connect" tn="Thread Group 1-51" dt="text" by="2717" sby="0" ng="100" na="100">
  <java.net.URL>http://192.168.237.128:7077/</java.net.URL>
</httpSample>
<httpSample t="1001" it="0" lt="0" ct="1001" ts="1561111324067" s="false" lb="HTTP Request" rc="Non HTTP response code: org.apache.http.conn.HttpHostConnectException" rm="Non HTTP response message: Connect to 192.168.237.128:7077 [/192.168.237.128] failed: Connection refused: connect" tn="Thread Group 1-52" dt="text" by="2717" sby="0" ng="100" na="100">
  <java.net.URL>http://192.168.237.128:7077/</java.net.URL>
</httpSample>
<httpSample t="1005" it="0" lt="0" ct="1005" ts="1561111324097" s="false" lb="HTTP Request" rc="Non HTTP response code: org.apache.http.conn.HttpHostConnectException" rm="Non HTTP response message: Connect to 192.168.237.128:7077 [/192.168.237.128] failed: Connection refused: connect" tn="Thread Group 1-54" dt="text" by="2717" sby="0" ng="100" na="100">
  <java.net.URL>http://192.168.237.128:7077/</java.net.URL>
</httpSample>
<httpSample t="1066" it="0" lt="0" ct="1066" ts="1561111324047" s="false" lb="HTTP Request" rc="Non HTTP response code: org.apache.http.conn.HttpHostConnectException" rm="Non HTTP response message: Connect to 192.168.237.128:7077 [/192.168.237.128] failed: Connection refused: connect" tn="Thread Group 1-60" dt="text" by="2717" sby="0" ng="100" na="100">
  <java.net.URL>http://192.168.237.128:7077/</java.net.URL>
</httpSample>
<httpSample t="1003" it="0" lt="0" ct="1003" ts="1561111324117" s="false" lb="HTTP Request" rc="Non HTTP response code: org.apache.http.conn.HttpHostConnectException" rm="Non HTTP response message: Connect to 192.168.237.128:7077 [/192.168.237.128] failed: Connection refused: connect" tn="Thread Group 1-63" dt="text" by="2717" sby="0" ng="100" na="100">
  <java.net.URL>http://192.168.237.128:7077/</java.net.URL>
</httpSample>
<httpSample t="1008" it="0" lt="0" ct="1008" ts="1561111324112" s="false" lb="HTTP Request" rc="Non HTTP response code: org.apache.http.conn.HttpHostConnectException" rm="Non HTTP response message: Connect to 192.168.237.128:7077 [/192.168.237.128] failed: Connection refused: connect" tn="Thread Group 1-50" dt="text" by="2717" sby="0" ng="100" na="100">
  <java.net.URL>http://192.168.237.128:7077/</java.net.URL>
</httpSample>
<httpSample t="1005" it="0" lt="0" ct="1005" ts="1561111324117" s="false" lb="HTTP Request" rc="Non HTTP response code: org.apache.http.conn.HttpHostConnectException" rm="Non HTTP response message: Connect to 192.168.237.128:7077 [/192.168.237.128] failed: Connection refused: connect" tn="Thread Group 1-46" dt="text" by="2717" sby="0" ng="100" na="100">
  <java.net.URL>http://192.168.237.128:7077/</java.net.URL>
</httpSample>
<httpSample t="1040" it="0" lt="0" ct="1040" ts="1561111324102" s="false" lb="HTTP Request" rc="Non HTTP response code: org.apache.http.conn.HttpHostConnectException" rm="Non HTTP response message: Connect to 192.168.237.128:7077 [/192.168.237.128] failed: Connection refused: connect" tn="Thread Group 1-53" dt="text" by="2717" sby="0" ng="100" na="100">
  <java.net.URL>http://192.168.237.128:7077/</java.net.URL>
</httpSample>
<httpSample t="1096" it="0" lt="0" ct="1096" ts="1561111324047" s="false" lb="HTTP Request" rc="Non HTTP response code: org.apache.http.conn.HttpHostConnectException" rm="Non HTTP response message: Connect to 192.168.237.128:7077 [/192.168.237.128] failed: Connection refused: connect" tn="Thread Group 1-56" dt="text" by="2717" sby="0" ng="100" na="100">
  <java.net.URL>http://192.168.237.128:7077/</java.net.URL>
</httpSample>
<httpSample t="1035" it="0" lt="0" ct="1035" ts="1561111324109" s="false" lb="HTTP Request" rc="Non HTTP response code: org.apache.http.conn.HttpHostConnectException" rm="Non HTTP response message: Connect to 192.168.237.128:7077 [/192.168.237.128] failed: Connection refused: connect" tn="Thread Group 1-49" dt="text" by="2717" sby="0" ng="100" na="100">
  <java.net.URL>http://192.168.237.128:7077/</java.net.URL>
</httpSample>
<httpSample t="1010" it="0" lt="0" ct="1010" ts="1561111324153" s="false" lb="HTTP Request" rc="Non HTTP response code: org.apache.http.conn.HttpHostConnectException" rm="Non HTTP response message: Connect to 192.168.237.128:7077 [/192.168.237.128] failed: Connection refused: connect" tn="Thread Group 1-67" dt="text" by="2717" sby="0" ng="100" na="100">
  <java.net.URL>http://192.168.237.128:7077/</java.net.URL>
</httpSample>
<httpSample t="1000" it="0" lt="0" ct="1000" ts="1561111324188" s="false" lb="HTTP Request" rc="Non HTTP response code: org.apache.http.conn.HttpHostConnectException" rm="Non HTTP response message: Connect to 192.168.237.128:7077 [/192.168.237.128] failed: Connection refused: connect" tn="Thread Group 1-62" dt="text" by="2717" sby="0" ng="100" na="100">
  <java.net.URL>http://192.168.237.128:7077/</java.net.URL>
</httpSample>
<httpSample t="1005" it="0" lt="0" ct="1005" ts="1561111324187" s="false" lb="HTTP Request" rc="Non HTTP response code: org.apache.http.conn.HttpHostConnectException" rm="Non HTTP response message: Connect to 192.168.237.128:7077 [/192.168.237.128] failed: Connection refused: connect" tn="Thread Group 1-73" dt="text" by="2717" sby="0" ng="100" na="100">
  <java.net.URL>http://192.168.237.128:7077/</java.net.URL>
</httpSample>
<httpSample t="1000" it="0" lt="0" ct="1000" ts="1561111324208" s="false" lb="HTTP Request" rc="Non HTTP response code: org.apache.http.conn.HttpHostConnectException" rm="Non HTTP response message: Connect to 192.168.237.128:7077 [/192.168.237.128] failed: Connection refused: connect" tn="Thread Group 1-64" dt="text" by="2717" sby="0" ng="100" na="100">
  <java.net.URL>http://192.168.237.128:7077/</java.net.URL>
</httpSample>
<httpSample t="1106" it="0" lt="0" ct="1106" ts="1561111324109" s="false" lb="HTTP Request" rc="Non HTTP response code: org.apache.http.conn.HttpHostConnectException" rm="Non HTTP response message: Connect to 192.168.237.128:7077 [/192.168.237.128] failed: Connection refused: connect" tn="Thread Group 1-48" dt="text" by="2717" sby="0" ng="100" na="100">
  <java.net.URL>http://192.168.237.128:7077/</java.net.URL>
</httpSample>
<httpSample t="1007" it="0" lt="0" ct="1007" ts="1561111324208" s="false" lb="HTTP Request" rc="Non HTTP response code: org.apache.http.conn.HttpHostConnectException" rm="Non HTTP response message: Connect to 192.168.237.128:7077 [/192.168.237.128] failed: Connection refused: connect" tn="Thread Group 1-55" dt="text" by="2717" sby="0" ng="100" na="100">
  <java.net.URL>http://192.168.237.128:7077/</java.net.URL>
</httpSample>
<httpSample t="1106" it="0" lt="0" ct="1106" ts="1561111324109" s="false" lb="HTTP Request" rc="Non HTTP response code: org.apache.http.conn.HttpHostConnectException" rm="Non HTTP response message: Connect to 192.168.237.128:7077 [/192.168.237.128] failed: Connection refused: connect" tn="Thread Group 1-59" dt="text" by="2717" sby="0" ng="100" na="100">
  <java.net.URL>http://192.168.237.128:7077/</java.net.URL>
</httpSample>
<httpSample t="1020" it="0" lt="0" ct="1020" ts="1561111324196" s="false" lb="HTTP Request" rc="Non HTTP response code: org.apache.http.conn.HttpHostConnectException" rm="Non HTTP response message: Connect to 192.168.237.128:7077 [/192.168.237.128] failed: Connection refused: connect" tn="Thread Group 1-61" dt="text" by="2717" sby="0" ng="100" na="100">
  <java.net.URL>http://192.168.237.128:7077/</java.net.URL>
</httpSample>
<httpSample t="1041" it="0" lt="0" ct="1041" ts="1561111324177" s="false" lb="HTTP Request" rc="Non HTTP response code: org.apache.http.conn.HttpHostConnectException" rm="Non HTTP response message: Connect to 192.168.237.128:7077 [/192.168.237.128] failed: Connection refused: connect" tn="Thread Group 1-68" dt="text" by="2717" sby="0" ng="100" na="100">
  <java.net.URL>http://192.168.237.128:7077/</java.net.URL>
</httpSample>
<httpSample t="1011" it="0" lt="0" ct="1011" ts="1561111324207" s="false" lb="HTTP Request" rc="Non HTTP response code: org.apache.http.conn.HttpHostConnectException" rm="Non HTTP response message: Connect to 192.168.237.128:7077 [/192.168.237.128] failed: Connection refused: connect" tn="Thread Group 1-57" dt="text" by="2717" sby="0" ng="100" na="100">
  <java.net.URL>http://192.168.237.128:7077/</java.net.URL>
</httpSample>
<httpSample t="1003" it="0" lt="0" ct="1003" ts="1561111324276" s="false" lb="HTTP Request" rc="Non HTTP response code: org.apache.http.conn.HttpHostConnectException" rm="Non HTTP response message: Connect to 192.168.237.128:7077 [/192.168.237.128] failed: Connection refused: connect" tn="Thread Group 1-76" dt="text" by="2717" sby="0" ng="100" na="100">
  <java.net.URL>http://192.168.237.128:7077/</java.net.URL>
</httpSample>
<httpSample t="1021" it="0" lt="0" ct="1021" ts="1561111324272" s="false" lb="HTTP Request" rc="Non HTTP response code: org.apache.http.conn.HttpHostConnectException" rm="Non HTTP response message: Connect to 192.168.237.128:7077 [/192.168.237.128] failed: Connection refused: connect" tn="Thread Group 1-70" dt="text" by="2717" sby="0" ng="100" na="100">
  <java.net.URL>http://192.168.237.128:7077/</java.net.URL>
</httpSample>
<httpSample t="1014" it="0" lt="0" ct="1014" ts="1561111324288" s="false" lb="HTTP Request" rc="Non HTTP response code: org.apache.http.conn.HttpHostConnectException" rm="Non HTTP response message: Connect to 192.168.237.128:7077 [/192.168.237.128] failed: Connection refused: connect" tn="Thread Group 1-80" dt="text" by="2717" sby="0" ng="100" na="100">
  <java.net.URL>http://192.168.237.128:7077/</java.net.URL>
</httpSample>
<httpSample t="1007" it="0" lt="0" ct="1007" ts="1561111324302" s="false" lb="HTTP Request" rc="Non HTTP response code: org.apache.http.conn.HttpHostConnectException" rm="Non HTTP response message: Connect to 192.168.237.128:7077 [/192.168.237.128] failed: Connection refused: connect" tn="Thread Group 1-82" dt="text" by="2717" sby="0" ng="100" na="100">
  <java.net.URL>http://192.168.237.128:7077/</java.net.URL>
</httpSample>
<httpSample t="1002" it="0" lt="0" ct="1002" ts="1561111324307" s="false" lb="HTTP Request" rc="Non HTTP response code: org.apache.http.conn.HttpHostConnectException" rm="Non HTTP response message: Connect to 192.168.237.128:7077 [/192.168.237.128] failed: Connection refused: connect" tn="Thread Group 1-65" dt="text" by="2717" sby="0" ng="100" na="100">
  <java.net.URL>http://192.168.237.128:7077/</java.net.URL>
</httpSample>
<httpSample t="1103" it="0" lt="0" ct="1103" ts="1561111324211" s="false" lb="HTTP Request" rc="Non HTTP response code: org.apache.http.conn.HttpHostConnectException" rm="Non HTTP response message: Connect to 192.168.237.128:7077 [/192.168.237.128] failed: Connection refused: connect" tn="Thread Group 1-66" dt="text" by="2717" sby="0" ng="100" na="100">
  <java.net.URL>http://192.168.237.128:7077/</java.net.URL>
</httpSample>
<httpSample t="1015" it="0" lt="0" ct="1015" ts="1561111324308" s="false" lb="HTTP Request" rc="Non HTTP response code: org.apache.http.conn.HttpHostConnectException" rm="Non HTTP response message: Connect to 192.168.237.128:7077 [/192.168.237.128] failed: Connection refused: connect" tn="Thread Group 1-75" dt="text" by="2717" sby="0" ng="100" na="100">
  <java.net.URL>http://192.168.237.128:7077/</java.net.URL>
</httpSample>
<httpSample t="1136" it="0" lt="0" ct="1136" ts="1561111324207" s="false" lb="HTTP Request" rc="Non HTTP response code: org.apache.http.conn.HttpHostConnectException" rm="Non HTTP response message: Connect to 192.168.237.128:7077 [/192.168.237.128] failed: Connection refused: connect" tn="Thread Group 1-72" dt="text" by="2717" sby="0" ng="100" na="100">
  <java.net.URL>http://192.168.237.128:7077/</java.net.URL>
</httpSample>
<httpSample t="1142" it="0" lt="0" ct="1142" ts="1561111324201" s="false" lb="HTTP Request" rc="Non HTTP response code: org.apache.http.conn.HttpHostConnectException" rm="Non HTTP response message: Connect to 192.168.237.128:7077 [/192.168.237.128] failed: Connection refused: connect" tn="Thread Group 1-71" dt="text" by="2717" sby="0" ng="100" na="100">
  <java.net.URL>http://192.168.237.128:7077/</java.net.URL>
</httpSample>
<httpSample t="1107" it="0" lt="0" ct="1107" ts="1561111324307" s="false" lb="HTTP Request" rc="Non HTTP response code: org.apache.http.conn.HttpHostConnectException" rm="Non HTTP response message: Connect to 192.168.237.128:7077 [/192.168.237.128] failed: Connection refused: connect" tn="Thread Group 1-74" dt="text" by="2717" sby="0" ng="100" na="100">
  <java.net.URL>http://192.168.237.128:7077/</java.net.URL>
</httpSample>
<httpSample t="1005" it="0" lt="0" ct="1005" ts="1561111324414" s="false" lb="HTTP Request" rc="Non HTTP response code: org.apache.http.conn.HttpHostConnectException" rm="Non HTTP response message: Connect to 192.168.237.128:7077 [/192.168.237.128] failed: Connection refused: connect" tn="Thread Group 1-87" dt="text" by="2717" sby="0" ng="100" na="100">
  <java.net.URL>http://192.168.237.128:7077/</java.net.URL>
</httpSample>
<httpSample t="1019" it="0" lt="0" ct="1019" ts="1561111324414" s="false" lb="HTTP Request" rc="Non HTTP response code: org.apache.http.conn.HttpHostConnectException" rm="Non HTTP response message: Connect to 192.168.237.128:7077 [/192.168.237.128] failed: Connection refused: connect" tn="Thread Group 1-79" dt="text" by="2717" sby="0" ng="100" na="100">
  <java.net.URL>http://192.168.237.128:7077/</java.net.URL>
</httpSample>
<httpSample t="1136" it="0" lt="0" ct="1136" ts="1561111324307" s="false" lb="HTTP Request" rc="Non HTTP response code: org.apache.http.conn.HttpHostConnectException" rm="Non HTTP response message: Connect to 192.168.237.128:7077 [/192.168.237.128] failed: Connection refused: connect" tn="Thread Group 1-78" dt="text" by="2717" sby="0" ng="100" na="100">
  <java.net.URL>http://192.168.237.128:7077/</java.net.URL>
</httpSample>
<httpSample t="1176" it="0" lt="0" ct="1176" ts="1561111324267" s="false" lb="HTTP Request" rc="Non HTTP response code: org.apache.http.conn.HttpHostConnectException" rm="Non HTTP response message: Connect to 192.168.237.128:7077 [/192.168.237.128] failed: Connection refused: connect" tn="Thread Group 1-77" dt="text" by="2717" sby="0" ng="100" na="100">
  <java.net.URL>http://192.168.237.128:7077/</java.net.URL>
</httpSample>
<httpSample t="1001" it="0" lt="0" ct="1001" ts="1561111324476" s="false" lb="HTTP Request" rc="Non HTTP response code: org.apache.http.conn.HttpHostConnectException" rm="Non HTTP response message: Connect to 192.168.237.128:7077 [/192.168.237.128] failed: Connection refused: connect" tn="Thread Group 1-85" dt="text" by="2717" sby="0" ng="100" na="100">
  <java.net.URL>http://192.168.237.128:7077/</java.net.URL>
</httpSample>
<httpSample t="1017" it="0" lt="0" ct="1017" ts="1561111324476" s="false" lb="HTTP Request" rc="Non HTTP response code: org.apache.http.conn.HttpHostConnectException" rm="Non HTTP response message: Connect to 192.168.237.128:7077 [/192.168.237.128] failed: Connection refused: connect" tn="Thread Group 1-92" dt="text" by="2717" sby="0" ng="100" na="100">
  <java.net.URL>http://192.168.237.128:7077/</java.net.URL>
</httpSample>
<httpSample t="1002" it="0" lt="0" ct="1002" ts="1561111324494" s="false" lb="HTTP Request" rc="Non HTTP response code: org.apache.http.conn.HttpHostConnectException" rm="Non HTTP response message: Connect to 192.168.237.128:7077 [/192.168.237.128] failed: Connection refused: connect" tn="Thread Group 1-96" dt="text" by="2717" sby="0" ng="100" na="100">
  <java.net.URL>http://192.168.237.128:7077/</java.net.URL>
</httpSample>
<httpSample t="1005" it="0" lt="0" ct="1005" ts="1561111324497" s="false" lb="HTTP Request" rc="Non HTTP response code: org.apache.http.conn.HttpHostConnectException" rm="Non HTTP response message: Connect to 192.168.237.128:7077 [/192.168.237.128] failed: Connection refused: connect" tn="Thread Group 1-89" dt="text" by="2717" sby="0" ng="100" na="100">
  <java.net.URL>http://192.168.237.128:7077/</java.net.URL>
</httpSample>
<httpSample t="1144" it="0" lt="0" ct="1144" ts="1561111324372" s="false" lb="HTTP Request" rc="Non HTTP response code: org.apache.http.conn.HttpHostConnectException" rm="Non HTTP response message: Connect to 192.168.237.128:7077 [/192.168.237.128] failed: Connection refused: connect" tn="Thread Group 1-84" dt="text" by="2717" sby="0" ng="100" na="100">
  <java.net.URL>http://192.168.237.128:7077/</java.net.URL>
</httpSample>
<httpSample t="1107" it="0" lt="0" ct="1107" ts="1561111324409" s="false" lb="HTTP Request" rc="Non HTTP response code: org.apache.http.conn.HttpHostConnectException" rm="Non HTTP response message: Connect to 192.168.237.128:7077 [/192.168.237.128] failed: Connection refused: connect" tn="Thread Group 1-91" dt="text" by="2717" sby="0" ng="100" na="100">
  <java.net.URL>http://192.168.237.128:7077/</java.net.URL>
</httpSample>
<httpSample t="1006" it="0" lt="0" ct="1006" ts="1561111324511" s="false" lb="HTTP Request" rc="Non HTTP response code: org.apache.http.conn.HttpHostConnectException" rm="Non HTTP response message: Connect to 192.168.237.128:7077 [/192.168.237.128] failed: Connection refused: connect" tn="Thread Group 1-93" dt="text" by="2717" sby="0" ng="100" na="100">
  <java.net.URL>http://192.168.237.128:7077/</java.net.URL>
</httpSample>
<httpSample t="1023" it="0" lt="0" ct="1023" ts="1561111324510" s="false" lb="HTTP Request" rc="Non HTTP response code: org.apache.http.conn.HttpHostConnectException" rm="Non HTTP response message: Connect to 192.168.237.128:7077 [/192.168.237.128] failed: Connection refused: connect" tn="Thread Group 1-90" dt="text" by="2717" sby="0" ng="100" na="100">
  <java.net.URL>http://192.168.237.128:7077/</java.net.URL>
</httpSample>
<httpSample t="1133" it="0" lt="0" ct="1133" ts="1561111324409" s="false" lb="HTTP Request" rc="Non HTTP response code: org.apache.http.conn.HttpHostConnectException" rm="Non HTTP response message: Connect to 192.168.237.128:7077 [/192.168.237.128] failed: Connection refused: connect" tn="Thread Group 1-83" dt="text" by="2717" sby="0" ng="100" na="100">
  <java.net.URL>http://192.168.237.128:7077/</java.net.URL>
</httpSample>
<httpSample t="1176" it="0" lt="0" ct="1176" ts="1561111324367" s="false" lb="HTTP Request" rc="Non HTTP response code: org.apache.http.conn.HttpHostConnectException" rm="Non HTTP response message: Connect to 192.168.237.128:7077 [/192.168.237.128] failed: Connection refused: connect" tn="Thread Group 1-69" dt="text" by="2717" sby="0" ng="100" na="100">
  <java.net.URL>http://192.168.237.128:7077/</java.net.URL>
</httpSample>
<httpSample t="1126" it="0" lt="0" ct="1126" ts="1561111324417" s="false" lb="HTTP Request" rc="Non HTTP response code: org.apache.http.conn.HttpHostConnectException" rm="Non HTTP response message: Connect to 192.168.237.128:7077 [/192.168.237.128] failed: Connection refused: connect" tn="Thread Group 1-86" dt="text" by="2717" sby="0" ng="100" na="100">
  <java.net.URL>http://192.168.237.128:7077/</java.net.URL>
</httpSample>
<httpSample t="999" it="0" lt="0" ct="998" ts="1561111324598" s="false" lb="HTTP Request" rc="Non HTTP response code: org.apache.http.conn.HttpHostConnectException" rm="Non HTTP response message: Connect to 192.168.237.128:7077 [/192.168.237.128] failed: Connection refused: connect" tn="Thread Group 1-1" dt="text" by="2717" sby="0" ng="100" na="100">
  <java.net.URL>http://192.168.237.128:7077/</java.net.URL>
</httpSample>
<httpSample t="1021" it="0" lt="0" ct="1021" ts="1561111324581" s="false" lb="HTTP Request" rc="Non HTTP response code: org.apache.http.conn.HttpHostConnectException" rm="Non HTTP response message: Connect to 192.168.237.128:7077 [/192.168.237.128] failed: Connection refused: connect" tn="Thread Group 1-7" dt="text" by="2717" sby="0" ng="99" na="99">
  <java.net.URL>http://192.168.237.128:7077/</java.net.URL>
</httpSample>
<httpSample t="1105" it="0" lt="0" ct="1105" ts="1561111324509" s="false" lb="HTTP Request" rc="Non HTTP response code: org.apache.http.conn.HttpHostConnectException" rm="Non HTTP response message: Connect to 192.168.237.128:7077 [/192.168.237.128] failed: Connection refused: connect" tn="Thread Group 1-88" dt="text" by="2717" sby="0" ng="98" na="98">
  <java.net.URL>http://192.168.237.128:7077/</java.net.URL>
</httpSample>
<httpSample t="1139" it="0" lt="0" ct="1139" ts="1561111324475" s="false" lb="HTTP Request" rc="Non HTTP response code: org.apache.http.conn.HttpHostConnectException" rm="Non HTTP response message: Connect to 192.168.237.128:7077 [/192.168.237.128] failed: Connection refused: connect" tn="Thread Group 1-95" dt="text" by="2717" sby="0" ng="98" na="98">
  <java.net.URL>http://192.168.237.128:7077/</java.net.URL>
</httpSample>
<httpSample t="1002" it="0" lt="0" ct="1002" ts="1561111324614" s="false" lb="HTTP Request" rc="Non HTTP response code: org.apache.http.conn.HttpHostConnectException" rm="Non HTTP response message: Connect to 192.168.237.128:7077 [/192.168.237.128] failed: Connection refused: connect" tn="Thread Group 1-10" dt="text" by="2717" sby="0" ng="98" na="98">
  <java.net.URL>http://192.168.237.128:7077/</java.net.URL>
</httpSample>
<httpSample t="1004" it="0" lt="0" ct="1004" ts="1561111324612" s="false" lb="HTTP Request" rc="Non HTTP response code: org.apache.http.conn.HttpHostConnectException" rm="Non HTTP response message: Connect to 192.168.237.128:7077 [/192.168.237.128] failed: Connection refused: connect" tn="Thread Group 1-5" dt="text" by="2717" sby="0" ng="98" na="98">
  <java.net.URL>http://192.168.237.128:7077/</java.net.URL>
</httpSample>
<httpSample t="1021" it="0" lt="0" ct="1020" ts="1561111324612" s="false" lb="HTTP Request" rc="Non HTTP response code: org.apache.http.conn.HttpHostConnectException" rm="Non HTTP response message: Connect to 192.168.237.128:7077 [/192.168.237.128] failed: Connection refused: connect" tn="Thread Group 1-6" dt="text" by="2717" sby="0" ng="96" na="96">
  <java.net.URL>http://192.168.237.128:7077/</java.net.URL>
</httpSample>
<httpSample t="1019" it="0" lt="0" ct="1019" ts="1561111324614" s="false" lb="HTTP Request" rc="Non HTTP response code: org.apache.http.conn.HttpHostConnectException" rm="Non HTTP response message: Connect to 192.168.237.128:7077 [/192.168.237.128] failed: Connection refused: connect" tn="Thread Group 1-97" dt="text" by="2717" sby="0" ng="95" na="95">
  <java.net.URL>http://192.168.237.128:7077/</java.net.URL>
</httpSample>
<httpSample t="1000" it="0" lt="0" ct="1000" ts="1561111324637" s="false" lb="HTTP Request" rc="Non HTTP response code: org.apache.http.conn.HttpHostConnectException" rm="Non HTTP response message: Connect to 192.168.237.128:7077 [/192.168.237.128] failed: Connection refused: connect" tn="Thread Group 1-8" dt="text" by="2717" sby="0" ng="95" na="95">
  <java.net.URL>http://192.168.237.128:7077/</java.net.URL>
</httpSample>
<httpSample t="1135" it="0" lt="0" ct="1135" ts="1561111324508" s="false" lb="HTTP Request" rc="Non HTTP response code: org.apache.http.conn.HttpHostConnectException" rm="Non HTTP response message: Connect to 192.168.237.128:7077 [/192.168.237.128] failed: Connection refused: connect" tn="Thread Group 1-81" dt="text" by="2717" sby="0" ng="94" na="94">
  <java.net.URL>http://192.168.237.128:7077/</java.net.URL>
</httpSample>
<httpSample t="1014" it="0" lt="0" ct="1014" ts="1561111324679" s="false" lb="HTTP Request" rc="Non HTTP response code: org.apache.http.conn.HttpHostConnectException" rm="Non HTTP response message: Connect to 192.168.237.128:7077 [/192.168.237.128] failed: Connection refused: connect" tn="Thread Group 1-17" dt="text" by="2717" sby="0" ng="94" na="94">
  <java.net.URL>http://192.168.237.128:7077/</java.net.URL>
</httpSample>
<httpSample t="997" it="0" lt="0" ct="997" ts="1561111324699" s="false" lb="HTTP Request" rc="Non HTTP response code: org.apache.http.conn.HttpHostConnectException" rm="Non HTTP response message: Connect to 192.168.237.128:7077 [/192.168.237.128] failed: Connection refused: connect" tn="Thread Group 1-19" dt="text" by="2717" sby="0" ng="93" na="93">
  <java.net.URL>http://192.168.237.128:7077/</java.net.URL>
</httpSample>
<httpSample t="999" it="0" lt="0" ct="999" ts="1561111324708" s="false" lb="HTTP Request" rc="Non HTTP response code: org.apache.http.conn.HttpHostConnectException" rm="Non HTTP response message: Connect to 192.168.237.128:7077 [/192.168.237.128] failed: Connection refused: connect" tn="Thread Group 1-11" dt="text" by="2717" sby="0" ng="92" na="92">
  <java.net.URL>http://192.168.237.128:7077/</java.net.URL>
</httpSample>
<httpSample t="1112" it="0" lt="0" ct="1112" ts="1561111324601" s="false" lb="HTTP Request" rc="Non HTTP response code: org.apache.http.conn.HttpHostConnectException" rm="Non HTTP response message: Connect to 192.168.237.128:7077 [/192.168.237.128] failed: Connection refused: connect" tn="Thread Group 1-98" dt="text" by="2717" sby="0" ng="91" na="91">
  <java.net.URL>http://192.168.237.128:7077/</java.net.URL>
</httpSample>
<httpSample t="1137" it="0" lt="0" ct="1137" ts="1561111324577" s="false" lb="HTTP Request" rc="Non HTTP response code: org.apache.http.conn.HttpHostConnectException" rm="Non HTTP response message: Connect to 192.168.237.128:7077 [/192.168.237.128] failed: Connection refused: connect" tn="Thread Group 1-2" dt="text" by="2717" sby="0" ng="91" na="91">
  <java.net.URL>http://192.168.237.128:7077/</java.net.URL>
</httpSample>
<httpSample t="1194" it="0" lt="0" ct="1194" ts="1561111324519" s="false" lb="HTTP Request" rc="Non HTTP response code: org.apache.http.conn.HttpHostConnectException" rm="Non HTTP response message: Connect to 192.168.237.128:7077 [/192.168.237.128] failed: Connection refused: connect" tn="Thread Group 1-94" dt="text" by="2717" sby="0" ng="91" na="91">
  <java.net.URL>http://192.168.237.128:7077/</java.net.URL>
</httpSample>
<httpSample t="1021" it="0" lt="0" ct="1021" ts="1561111324701" s="false" lb="HTTP Request" rc="Non HTTP response code: org.apache.http.conn.HttpHostConnectException" rm="Non HTTP response message: Connect to 192.168.237.128:7077 [/192.168.237.128] failed: Connection refused: connect" tn="Thread Group 1-23" dt="text" by="2717" sby="0" ng="90" na="90">
  <java.net.URL>http://192.168.237.128:7077/</java.net.URL>
</httpSample>
<httpSample t="1164" it="0" lt="0" ct="1164" ts="1561111324578" s="false" lb="HTTP Request" rc="Non HTTP response code: org.apache.http.conn.HttpHostConnectException" rm="Non HTTP response message: Connect to 192.168.237.128:7077 [/192.168.237.128] failed: Connection refused: connect" tn="Thread Group 1-3" dt="text" by="2717" sby="0" ng="89" na="89">
  <java.net.URL>http://192.168.237.128:7077/</java.net.URL>
</httpSample>
<httpSample t="1049" it="0" lt="0" ct="1049" ts="1561111324694" s="false" lb="HTTP Request" rc="Non HTTP response code: org.apache.http.conn.HttpHostConnectException" rm="Non HTTP response message: Connect to 192.168.237.128:7077 [/192.168.237.128] failed: Connection refused: connect" tn="Thread Group 1-20" dt="text" by="2717" sby="0" ng="89" na="89">
  <java.net.URL>http://192.168.237.128:7077/</java.net.URL>
</httpSample>
<httpSample t="1138" it="0" lt="0" ct="1138" ts="1561111324607" s="false" lb="HTTP Request" rc="Non HTTP response code: org.apache.http.conn.HttpHostConnectException" rm="Non HTTP response message: Connect to 192.168.237.128:7077 [/192.168.237.128] failed: Connection refused: connect" tn="Thread Group 1-12" dt="text" by="2717" sby="0" ng="88" na="88">
  <java.net.URL>http://192.168.237.128:7077/</java.net.URL>
</httpSample>
<httpSample t="1201" it="0" lt="0" ct="1201" ts="1561111324544" s="false" lb="HTTP Request" rc="Non HTTP response code: org.apache.http.conn.HttpHostConnectException" rm="Non HTTP response message: Connect to 192.168.237.128:7077 [/192.168.237.128] failed: Connection refused: connect" tn="Thread Group 1-4" dt="text" by="2717" sby="0" ng="88" na="88">
  <java.net.URL>http://192.168.237.128:7077/</java.net.URL>
</httpSample>
<httpSample t="1056" it="0" lt="0" ct="1056" ts="1561111324689" s="false" lb="HTTP Request" rc="Non HTTP response code: org.apache.http.conn.HttpHostConnectException" rm="Non HTTP response message: Connect to 192.168.237.128:7077 [/192.168.237.128] failed: Connection refused: connect" tn="Thread Group 1-22" dt="text" by="2717" sby="0" ng="88" na="88">
  <java.net.URL>http://192.168.237.128:7077/</java.net.URL>
</httpSample>
<httpSample t="1021" it="0" lt="0" ct="1021" ts="1561111324730" s="false" lb="HTTP Request" rc="Non HTTP response code: org.apache.http.conn.HttpHostConnectException" rm="Non HTTP response message: Connect to 192.168.237.128:7077 [/192.168.237.128] failed: Connection refused: connect" tn="Thread Group 1-25" dt="text" by="2717" sby="0" ng="87" na="87">
  <java.net.URL>http://192.168.237.128:7077/</java.net.URL>
</httpSample>
<httpSample t="1117" it="0" lt="0" ct="1117" ts="1561111324629" s="false" lb="HTTP Request" rc="Non HTTP response code: org.apache.http.conn.HttpHostConnectException" rm="Non HTTP response message: Connect to 192.168.237.128:7077 [/192.168.237.128] failed: Connection refused: connect" tn="Thread Group 1-13" dt="text" by="2717" sby="0" ng="87" na="87">
  <java.net.URL>http://192.168.237.128:7077/</java.net.URL>
</httpSample>
<httpSample t="1125" it="0" lt="0" ct="1125" ts="1561111324689" s="false" lb="HTTP Request" rc="Non HTTP response code: org.apache.http.conn.HttpHostConnectException" rm="Non HTTP response message: Connect to 192.168.237.128:7077 [/192.168.237.128] failed: Connection refused: connect" tn="Thread Group 1-100" dt="text" by="2717" sby="0" ng="82" na="82">
  <java.net.URL>http://192.168.237.128:7077/</java.net.URL>
</httpSample>
<httpSample t="1192" it="0" lt="0" ct="1192" ts="1561111324622" s="false" lb="HTTP Request" rc="Non HTTP response code: org.apache.http.conn.HttpHostConnectException" rm="Non HTTP response message: Connect to 192.168.237.128:7077 [/192.168.237.128] failed: Connection refused: connect" tn="Thread Group 1-99" dt="text" by="2717" sby="0" ng="82" na="82">
  <java.net.URL>http://192.168.237.128:7077/</java.net.URL>
</httpSample>
<httpSample t="1120" it="0" lt="0" ct="1120" ts="1561111324695" s="false" lb="HTTP Request" rc="Non HTTP response code: org.apache.http.conn.HttpHostConnectException" rm="Non HTTP response message: Connect to 192.168.237.128:7077 [/192.168.237.128] failed: Connection refused: connect" tn="Thread Group 1-16" dt="text" by="2717" sby="0" ng="82" na="82">
  <java.net.URL>http://192.168.237.128:7077/</java.net.URL>
</httpSample>
<httpSample t="1031" it="0" lt="0" ct="1031" ts="1561111324796" s="false" lb="HTTP Request" rc="Non HTTP response code: org.apache.http.conn.HttpHostConnectException" rm="Non HTTP response message: Connect to 192.168.237.128:7077 [/192.168.237.128] failed: Connection refused: connect" tn="Thread Group 1-24" dt="text" by="2717" sby="0" ng="81" na="81">
  <java.net.URL>http://192.168.237.128:7077/</java.net.URL>
</httpSample>
<httpSample t="1022" it="0" lt="0" ct="1022" ts="1561111324810" s="false" lb="HTTP Request" rc="Non HTTP response code: org.apache.http.conn.HttpHostConnectException" rm="Non HTTP response message: Connect to 192.168.237.128:7077 [/192.168.237.128] failed: Connection refused: connect" tn="Thread Group 1-31" dt="text" by="2717" sby="0" ng="80" na="80">
  <java.net.URL>http://192.168.237.128:7077/</java.net.URL>
</httpSample>
<httpSample t="1095" it="0" lt="0" ct="1095" ts="1561111324746" s="false" lb="HTTP Request" rc="Non HTTP response code: org.apache.http.conn.HttpHostConnectException" rm="Non HTTP response message: Connect to 192.168.237.128:7077 [/192.168.237.128] failed: Connection refused: connect" tn="Thread Group 1-14" dt="text" by="2717" sby="0" ng="79" na="79">
  <java.net.URL>http://192.168.237.128:7077/</java.net.URL>
</httpSample>
<httpSample t="1016" it="0" lt="0" ct="1016" ts="1561111324826" s="false" lb="HTTP Request" rc="Non HTTP response code: org.apache.http.conn.HttpHostConnectException" rm="Non HTTP response message: Connect to 192.168.237.128:7077 [/192.168.237.128] failed: Connection refused: connect" tn="Thread Group 1-15" dt="text" by="2717" sby="0" ng="78" na="78">
  <java.net.URL>http://192.168.237.128:7077/</java.net.URL>
</httpSample>
<httpSample t="1003" it="0" lt="0" ct="1003" ts="1561111324843" s="false" lb="HTTP Request" rc="Non HTTP response code: org.apache.http.conn.HttpHostConnectException" rm="Non HTTP response message: Connect to 192.168.237.128:7077 [/192.168.237.128] failed: Connection refused: connect" tn="Thread Group 1-33" dt="text" by="2717" sby="0" ng="77" na="77">
  <java.net.URL>http://192.168.237.128:7077/</java.net.URL>
</httpSample>
<httpSample t="1108" it="0" lt="0" ct="1108" ts="1561111324744" s="false" lb="HTTP Request" rc="Non HTTP response code: org.apache.http.conn.HttpHostConnectException" rm="Non HTTP response message: Connect to 192.168.237.128:7077 [/192.168.237.128] failed: Connection refused: connect" tn="Thread Group 1-18" dt="text" by="2717" sby="0" ng="76" na="76">
  <java.net.URL>http://192.168.237.128:7077/</java.net.URL>
</httpSample>
<httpSample t="1036" it="0" lt="0" ct="1036" ts="1561111324816" s="false" lb="HTTP Request" rc="Non HTTP response code: org.apache.http.conn.HttpHostConnectException" rm="Non HTTP response message: Connect to 192.168.237.128:7077 [/192.168.237.128] failed: Connection refused: connect" tn="Thread Group 1-32" dt="text" by="2717" sby="0" ng="75" na="75">
  <java.net.URL>http://192.168.237.128:7077/</java.net.URL>
</httpSample>
<httpSample t="1019" it="0" lt="0" ct="1019" ts="1561111324844" s="false" lb="HTTP Request" rc="Non HTTP response code: org.apache.http.conn.HttpHostConnectException" rm="Non HTTP response message: Connect to 192.168.237.128:7077 [/192.168.237.128] failed: Connection refused: connect" tn="Thread Group 1-21" dt="text" by="2717" sby="0" ng="74" na="74">
  <java.net.URL>http://192.168.237.128:7077/</java.net.URL>
</httpSample>
<httpSample t="1168" it="0" lt="0" ct="1168" ts="1561111324745" s="false" lb="HTTP Request" rc="Non HTTP response code: org.apache.http.conn.HttpHostConnectException" rm="Non HTTP response message: Connect to 192.168.237.128:7077 [/192.168.237.128] failed: Connection refused: connect" tn="Thread Group 1-9" dt="text" by="2717" sby="0" ng="73" na="73">
  <java.net.URL>http://192.168.237.128:7077/</java.net.URL>
</httpSample>
<httpSample t="1142" it="0" lt="0" ct="1142" ts="1561111324771" s="false" lb="HTTP Request" rc="Non HTTP response code: org.apache.http.conn.HttpHostConnectException" rm="Non HTTP response message: Connect to 192.168.237.128:7077 [/192.168.237.128] failed: Connection refused: connect" tn="Thread Group 1-26" dt="text" by="2717" sby="0" ng="73" na="73">
  <java.net.URL>http://192.168.237.128:7077/</java.net.URL>
</httpSample>
<httpSample t="1000" it="0" lt="0" ct="1000" ts="1561111324916" s="false" lb="HTTP Request" rc="Non HTTP response code: org.apache.http.conn.HttpHostConnectException" rm="Non HTTP response message: Connect to 192.168.237.128:7077 [/192.168.237.128] failed: Connection refused: connect" tn="Thread Group 1-30" dt="text" by="2717" sby="0" ng="71" na="71">
  <java.net.URL>http://192.168.237.128:7077/</java.net.URL>
</httpSample>
<httpSample t="1018" it="0" lt="0" ct="1018" ts="1561111324915" s="false" lb="HTTP Request" rc="Non HTTP response code: org.apache.http.conn.HttpHostConnectException" rm="Non HTTP response message: Connect to 192.168.237.128:7077 [/192.168.237.128] failed: Connection refused: connect" tn="Thread Group 1-42" dt="text" by="2717" sby="0" ng="70" na="70">
  <java.net.URL>http://192.168.237.128:7077/</java.net.URL>
</httpSample>
<httpSample t="1029" it="0" lt="0" ct="1028" ts="1561111324923" s="false" lb="HTTP Request" rc="Non HTTP response code: org.apache.http.conn.HttpHostConnectException" rm="Non HTTP response message: Connect to 192.168.237.128:7077 [/192.168.237.128] failed: Connection refused: connect" tn="Thread Group 1-38" dt="text" by="2717" sby="0" ng="69" na="69">
  <java.net.URL>http://192.168.237.128:7077/</java.net.URL>
</httpSample>
<httpSample t="1041" it="0" lt="0" ct="1041" ts="1561111324910" s="false" lb="HTTP Request" rc="Non HTTP response code: org.apache.http.conn.HttpHostConnectException" rm="Non HTTP response message: Connect to 192.168.237.128:7077 [/192.168.237.128] failed: Connection refused: connect" tn="Thread Group 1-43" dt="text" by="2717" sby="0" ng="69" na="69">
  <java.net.URL>http://192.168.237.128:7077/</java.net.URL>
</httpSample>
<httpSample t="1022" it="0" lt="0" ct="1022" ts="1561111324960" s="false" lb="HTTP Request" rc="Non HTTP response code: org.apache.http.conn.HttpHostConnectException" rm="Non HTTP response message: Connect to 192.168.237.128:7077 [/192.168.237.128] failed: Connection refused: connect" tn="Thread Group 1-45" dt="text" by="2717" sby="0" ng="67" na="67">
  <java.net.URL>http://192.168.237.128:7077/</java.net.URL>
</httpSample>
<httpSample t="1198" it="0" lt="0" ct="1198" ts="1561111324815" s="false" lb="HTTP Request" rc="Non HTTP response code: org.apache.http.conn.HttpHostConnectException" rm="Non HTTP response message: Connect to 192.168.237.128:7077 [/192.168.237.128] failed: Connection refused: connect" tn="Thread Group 1-28" dt="text" by="2717" sby="0" ng="66" na="66">
  <java.net.URL>http://192.168.237.128:7077/</java.net.URL>
</httpSample>
<httpSample t="1002" it="0" lt="0" ct="1002" ts="1561111325014" s="false" lb="HTTP Request" rc="Non HTTP response code: org.apache.http.conn.HttpHostConnectException" rm="Non HTTP response message: Connect to 192.168.237.128:7077 [/192.168.237.128] failed: Connection refused: connect" tn="Thread Group 1-34" dt="text" by="2717" sby="0" ng="65" na="65">
  <java.net.URL>http://192.168.237.128:7077/</java.net.URL>
</httpSample>
<httpSample t="1001" it="0" lt="0" ct="1001" ts="1561111325016" s="false" lb="HTTP Request" rc="Non HTTP response code: org.apache.http.conn.HttpHostConnectException" rm="Non HTTP response message: Connect to 192.168.237.128:7077 [/192.168.237.128] failed: Connection refused: connect" tn="Thread Group 1-35" dt="text" by="2717" sby="0" ng="65" na="65">
  <java.net.URL>http://192.168.237.128:7077/</java.net.URL>
</httpSample>
<httpSample t="1099" it="0" lt="0" ct="1099" ts="1561111324944" s="false" lb="HTTP Request" rc="Non HTTP response code: org.apache.http.conn.HttpHostConnectException" rm="Non HTTP response message: Connect to 192.168.237.128:7077 [/192.168.237.128] failed: Connection refused: connect" tn="Thread Group 1-40" dt="text" by="2717" sby="0" ng="63" na="63">
  <java.net.URL>http://192.168.237.128:7077/</java.net.URL>
</httpSample>
<httpSample t="1023" it="0" lt="0" ct="1023" ts="1561111325021" s="false" lb="HTTP Request" rc="Non HTTP response code: org.apache.http.conn.HttpHostConnectException" rm="Non HTTP response message: Connect to 192.168.237.128:7077 [/192.168.237.128] failed: Connection refused: connect" tn="Thread Group 1-39" dt="text" by="2717" sby="0" ng="63" na="63">
  <java.net.URL>http://192.168.237.128:7077/</java.net.URL>
</httpSample>
<httpSample t="1004" it="0" lt="0" ct="1004" ts="1561111325043" s="false" lb="HTTP Request" rc="Non HTTP response code: org.apache.http.conn.HttpHostConnectException" rm="Non HTTP response message: Connect to 192.168.237.128:7077 [/192.168.237.128] failed: Connection refused: connect" tn="Thread Group 1-47" dt="text" by="2717" sby="0" ng="61" na="61">
  <java.net.URL>http://192.168.237.128:7077/</java.net.URL>
</httpSample>
<httpSample t="1037" it="0" lt="0" ct="1037" ts="1561111325014" s="false" lb="HTTP Request" rc="Non HTTP response code: org.apache.http.conn.HttpHostConnectException" rm="Non HTTP response message: Connect to 192.168.237.128:7077 [/192.168.237.128] failed: Connection refused: connect" tn="Thread Group 1-41" dt="text" by="2717" sby="0" ng="60" na="60">
  <java.net.URL>http://192.168.237.128:7077/</java.net.URL>
</httpSample>
<httpSample t="1018" it="0" lt="0" ct="1018" ts="1561111325044" s="false" lb="HTTP Request" rc="Non HTTP response code: org.apache.http.conn.HttpHostConnectException" rm="Non HTTP response message: Connect to 192.168.237.128:7077 [/192.168.237.128] failed: Connection refused: connect" tn="Thread Group 1-36" dt="text" by="2717" sby="0" ng="59" na="59">
  <java.net.URL>http://192.168.237.128:7077/</java.net.URL>
</httpSample>
<httpSample t="1196" it="0" lt="0" ct="1196" ts="1561111324917" s="false" lb="HTTP Request" rc="Non HTTP response code: org.apache.http.conn.HttpHostConnectException" rm="Non HTTP response message: Connect to 192.168.237.128:7077 [/192.168.237.128] failed: Connection refused: connect" tn="Thread Group 1-37" dt="text" by="2717" sby="0" ng="58" na="58">
  <java.net.URL>http://192.168.237.128:7077/</java.net.URL>
</httpSample>
<httpSample t="1171" it="0" lt="0" ct="1171" ts="1561111324943" s="false" lb="HTTP Request" rc="Non HTTP response code: org.apache.http.conn.HttpHostConnectException" rm="Non HTTP response message: Connect to 192.168.237.128:7077 [/192.168.237.128] failed: Connection refused: connect" tn="Thread Group 1-29" dt="text" by="2717" sby="0" ng="58" na="58">
  <java.net.URL>http://192.168.237.128:7077/</java.net.URL>
</httpSample>
<httpSample t="1204" it="0" lt="0" ct="1204" ts="1561111324910" s="false" lb="HTTP Request" rc="Non HTTP response code: org.apache.http.conn.HttpHostConnectException" rm="Non HTTP response message: Connect to 192.168.237.128:7077 [/192.168.237.128] failed: Connection refused: connect" tn="Thread Group 1-27" dt="text" by="2717" sby="0" ng="58" na="58">
  <java.net.URL>http://192.168.237.128:7077/</java.net.URL>
</httpSample>
<httpSample t="1008" it="0" lt="0" ct="1008" ts="1561111325115" s="false" lb="HTTP Request" rc="Non HTTP response code: org.apache.http.conn.HttpHostConnectException" rm="Non HTTP response message: Connect to 192.168.237.128:7077 [/192.168.237.128] failed: Connection refused: connect" tn="Thread Group 1-60" dt="text" by="2717" sby="0" ng="55" na="55">
  <java.net.URL>http://192.168.237.128:7077/</java.net.URL>
</httpSample>
<httpSample t="1009" it="0" lt="0" ct="1009" ts="1561111325121" s="false" lb="HTTP Request" rc="Non HTTP response code: org.apache.http.conn.HttpHostConnectException" rm="Non HTTP response message: Connect to 192.168.237.128:7077 [/192.168.237.128] failed: Connection refused: connect" tn="Thread Group 1-50" dt="text" by="2717" sby="0" ng="54" na="54">
  <java.net.URL>http://192.168.237.128:7077/</java.net.URL>
</httpSample>
<httpSample t="1009" it="0" lt="0" ct="1009" ts="1561111325123" s="false" lb="HTTP Request" rc="Non HTTP response code: org.apache.http.conn.HttpHostConnectException" rm="Non HTTP response message: Connect to 192.168.237.128:7077 [/192.168.237.128] failed: Connection refused: connect" tn="Thread Group 1-46" dt="text" by="2717" sby="0" ng="53" na="53">
  <java.net.URL>http://192.168.237.128:7077/</java.net.URL>
</httpSample>
<httpSample t="1021" it="0" lt="0" ct="1021" ts="1561111325122" s="false" lb="HTTP Request" rc="Non HTTP response code: org.apache.http.conn.HttpHostConnectException" rm="Non HTTP response message: Connect to 192.168.237.128:7077 [/192.168.237.128] failed: Connection refused: connect" tn="Thread Group 1-63" dt="text" by="2717" sby="0" ng="52" na="52">
  <java.net.URL>http://192.168.237.128:7077/</java.net.URL>
</httpSample>
<httpSample t="1005" it="0" lt="0" ct="1005" ts="1561111325145" s="false" lb="HTTP Request" rc="Non HTTP response code: org.apache.http.conn.HttpHostConnectException" rm="Non HTTP response message: Connect to 192.168.237.128:7077 [/192.168.237.128] failed: Connection refused: connect" tn="Thread Group 1-49" dt="text" by="2717" sby="0" ng="51" na="51">
  <java.net.URL>http://192.168.237.128:7077/</java.net.URL>
</httpSample>
<httpSample t="1092" it="0" lt="0" ct="1092" ts="1561111325059" s="false" lb="HTTP Request" rc="Non HTTP response code: org.apache.http.conn.HttpHostConnectException" rm="Non HTTP response message: Connect to 192.168.237.128:7077 [/192.168.237.128] failed: Connection refused: connect" tn="Thread Group 1-58" dt="text" by="2717" sby="0" ng="50" na="50">
  <java.net.URL>http://192.168.237.128:7077/</java.net.URL>
</httpSample>
<httpSample t="1050" it="0" lt="0" ct="1050" ts="1561111325103" s="false" lb="HTTP Request" rc="Non HTTP response code: org.apache.http.conn.HttpHostConnectException" rm="Non HTTP response message: Connect to 192.168.237.128:7077 [/192.168.237.128] failed: Connection refused: connect" tn="Thread Group 1-54" dt="text" by="2717" sby="0" ng="49" na="49">
  <java.net.URL>http://192.168.237.128:7077/</java.net.URL>
</httpSample>
<httpSample t="1018" it="0" lt="0" ct="1018" ts="1561111325165" s="false" lb="HTTP Request" rc="Non HTTP response code: org.apache.http.conn.HttpHostConnectException" rm="Non HTTP response message: Connect to 192.168.237.128:7077 [/192.168.237.128] failed: Connection refused: connect" tn="Thread Group 1-67" dt="text" by="2717" sby="0" ng="48" na="48">
  <java.net.URL>http://192.168.237.128:7077/</java.net.URL>
</httpSample>
<httpSample t="1150" it="0" lt="0" ct="1150" ts="1561111325063" s="false" lb="HTTP Request" rc="Non HTTP response code: org.apache.http.conn.HttpHostConnectException" rm="Non HTTP response message: Connect to 192.168.237.128:7077 [/192.168.237.128] failed: Connection refused: connect" tn="Thread Group 1-51" dt="text" by="2717" sby="0" ng="47" na="47">
  <java.net.URL>http://192.168.237.128:7077/</java.net.URL>
</httpSample>
<httpSample t="1144" it="0" lt="0" ct="1144" ts="1561111325069" s="false" lb="HTTP Request" rc="Non HTTP response code: org.apache.http.conn.HttpHostConnectException" rm="Non HTTP response message: Connect to 192.168.237.128:7077 [/192.168.237.128] failed: Connection refused: connect" tn="Thread Group 1-52" dt="text" by="2717" sby="0" ng="47" na="47">
  <java.net.URL>http://192.168.237.128:7077/</java.net.URL>
</httpSample>
<httpSample t="1199" it="0" lt="0" ct="1199" ts="1561111325014" s="false" lb="HTTP Request" rc="Non HTTP response code: org.apache.http.conn.HttpHostConnectException" rm="Non HTTP response message: Connect to 192.168.237.128:7077 [/192.168.237.128] failed: Connection refused: connect" tn="Thread Group 1-44" dt="text" by="2717" sby="0" ng="47" na="47">
  <java.net.URL>http://192.168.237.128:7077/</java.net.URL>
</httpSample>
<httpSample t="1011" it="0" lt="0" ct="1011" ts="1561111325219" s="false" lb="HTTP Request" rc="Non HTTP response code: org.apache.http.conn.HttpHostConnectException" rm="Non HTTP response message: Connect to 192.168.237.128:7077 [/192.168.237.128] failed: Connection refused: connect" tn="Thread Group 1-57" dt="text" by="2717" sby="0" ng="44" na="44">
  <java.net.URL>http://192.168.237.128:7077/</java.net.URL>
</httpSample>
<httpSample t="1014" it="0" lt="0" ct="1014" ts="1561111325216" s="false" lb="HTTP Request" rc="Non HTTP response code: org.apache.http.conn.HttpHostConnectException" rm="Non HTTP response message: Connect to 192.168.237.128:7077 [/192.168.237.128] failed: Connection refused: connect" tn="Thread Group 1-55" dt="text" by="2717" sby="0" ng="44" na="44">
  <java.net.URL>http://192.168.237.128:7077/</java.net.URL>
</httpSample>
<httpSample t="1026" it="0" lt="0" ct="1026" ts="1561111325217" s="false" lb="HTTP Request" rc="Non HTTP response code: org.apache.http.conn.HttpHostConnectException" rm="Non HTTP response message: Connect to 192.168.237.128:7077 [/192.168.237.128] failed: Connection refused: connect" tn="Thread Group 1-59" dt="text" by="2717" sby="0" ng="42" na="42">
  <java.net.URL>http://192.168.237.128:7077/</java.net.URL>
</httpSample>
<httpSample t="1062" it="0" lt="0" ct="1062" ts="1561111325189" s="false" lb="HTTP Request" rc="Non HTTP response code: org.apache.http.conn.HttpHostConnectException" rm="Non HTTP response message: Connect to 192.168.237.128:7077 [/192.168.237.128] failed: Connection refused: connect" tn="Thread Group 1-62" dt="text" by="2717" sby="0" ng="41" na="41">
  <java.net.URL>http://192.168.237.128:7077/</java.net.URL>
</httpSample>
<httpSample t="1108" it="0" lt="0" ct="1108" ts="1561111325144" s="false" lb="HTTP Request" rc="Non HTTP response code: org.apache.http.conn.HttpHostConnectException" rm="Non HTTP response message: Connect to 192.168.237.128:7077 [/192.168.237.128] failed: Connection refused: connect" tn="Thread Group 1-56" dt="text" by="2717" sby="0" ng="40" na="40">
  <java.net.URL>http://192.168.237.128:7077/</java.net.URL>
</httpSample>
<httpSample t="1035" it="0" lt="0" ct="1035" ts="1561111325217" s="false" lb="HTTP Request" rc="Non HTTP response code: org.apache.http.conn.HttpHostConnectException" rm="Non HTTP response message: Connect to 192.168.237.128:7077 [/192.168.237.128] failed: Connection refused: connect" tn="Thread Group 1-61" dt="text" by="2717" sby="0" ng="40" na="40">
  <java.net.URL>http://192.168.237.128:7077/</java.net.URL>
</httpSample>
<httpSample t="1043" it="0" lt="0" ct="1043" ts="1561111325210" s="false" lb="HTTP Request" rc="Non HTTP response code: org.apache.http.conn.HttpHostConnectException" rm="Non HTTP response message: Connect to 192.168.237.128:7077 [/192.168.237.128] failed: Connection refused: connect" tn="Thread Group 1-64" dt="text" by="2717" sby="0" ng="39" na="39">
  <java.net.URL>http://192.168.237.128:7077/</java.net.URL>
</httpSample>
<httpSample t="1022" it="0" lt="0" ct="1022" ts="1561111325281" s="false" lb="HTTP Request" rc="Non HTTP response code: org.apache.http.conn.HttpHostConnectException" rm="Non HTTP response message: Connect to 192.168.237.128:7077 [/192.168.237.128] failed: Connection refused: connect" tn="Thread Group 1-76" dt="text" by="2717" sby="0" ng="37" na="37">
  <java.net.URL>http://192.168.237.128:7077/</java.net.URL>
</httpSample>
<httpSample t="1170" it="0" lt="0" ct="1170" ts="1561111325143" s="false" lb="HTTP Request" rc="Non HTTP response code: org.apache.http.conn.HttpHostConnectException" rm="Non HTTP response message: Connect to 192.168.237.128:7077 [/192.168.237.128] failed: Connection refused: connect" tn="Thread Group 1-53" dt="text" by="2717" sby="0" ng="36" na="36">
  <java.net.URL>http://192.168.237.128:7077/</java.net.URL>
</httpSample>
<httpSample t="1121" it="0" lt="0" ct="1121" ts="1561111325193" s="false" lb="HTTP Request" rc="Non HTTP response code: org.apache.http.conn.HttpHostConnectException" rm="Non HTTP response message: Connect to 192.168.237.128:7077 [/192.168.237.128] failed: Connection refused: connect" tn="Thread Group 1-73" dt="text" by="2717" sby="0" ng="36" na="36">
  <java.net.URL>http://192.168.237.128:7077/</java.net.URL>
</httpSample>
<httpSample t="1012" it="0" lt="0" ct="1012" ts="1561111325310" s="false" lb="HTTP Request" rc="Non HTTP response code: org.apache.http.conn.HttpHostConnectException" rm="Non HTTP response message: Connect to 192.168.237.128:7077 [/192.168.237.128] failed: Connection refused: connect" tn="Thread Group 1-82" dt="text" by="2717" sby="0" ng="34" na="34">
  <java.net.URL>http://192.168.237.128:7077/</java.net.URL>
</httpSample>
<httpSample t="1020" it="0" lt="0" ct="1020" ts="1561111325303" s="false" lb="HTTP Request" rc="Non HTTP response code: org.apache.http.conn.HttpHostConnectException" rm="Non HTTP response message: Connect to 192.168.237.128:7077 [/192.168.237.128] failed: Connection refused: connect" tn="Thread Group 1-80" dt="text" by="2717" sby="0" ng="33" na="33">
  <java.net.URL>http://192.168.237.128:7077/</java.net.URL>
</httpSample>
<httpSample t="1005" it="0" lt="0" ct="1005" ts="1561111325324" s="false" lb="HTTP Request" rc="Non HTTP response code: org.apache.http.conn.HttpHostConnectException" rm="Non HTTP response message: Connect to 192.168.237.128:7077 [/192.168.237.128] failed: Connection refused: connect" tn="Thread Group 1-75" dt="text" by="2717" sby="0" ng="32" na="32">
  <java.net.URL>http://192.168.237.128:7077/</java.net.URL>
</httpSample>
<httpSample t="1036" it="0" lt="0" ct="1036" ts="1561111325294" s="false" lb="HTTP Request" rc="Non HTTP response code: org.apache.http.conn.HttpHostConnectException" rm="Non HTTP response message: Connect to 192.168.237.128:7077 [/192.168.237.128] failed: Connection refused: connect" tn="Thread Group 1-70" dt="text" by="2717" sby="0" ng="32" na="32">
  <java.net.URL>http://192.168.237.128:7077/</java.net.URL>
</httpSample>
<httpSample t="1017" it="0" lt="0" ct="1017" ts="1561111325315" s="false" lb="HTTP Request" rc="Non HTTP response code: org.apache.http.conn.HttpHostConnectException" rm="Non HTTP response message: Connect to 192.168.237.128:7077 [/192.168.237.128] failed: Connection refused: connect" tn="Thread Group 1-66" dt="text" by="2717" sby="0" ng="30" na="30">
  <java.net.URL>http://192.168.237.128:7077/</java.net.URL>
</httpSample>
<httpSample t="1018" it="0" lt="0" ct="1018" ts="1561111325344" s="false" lb="HTTP Request" rc="Non HTTP response code: org.apache.http.conn.HttpHostConnectException" rm="Non HTTP response message: Connect to 192.168.237.128:7077 [/192.168.237.128] failed: Connection refused: connect" tn="Thread Group 1-71" dt="text" by="2717" sby="0" ng="29" na="29">
  <java.net.URL>http://192.168.237.128:7077/</java.net.URL>
</httpSample>
<httpSample t="1198" it="0" lt="0" ct="1198" ts="1561111325216" s="false" lb="HTTP Request" rc="Non HTTP response code: org.apache.http.conn.HttpHostConnectException" rm="Non HTTP response message: Connect to 192.168.237.128:7077 [/192.168.237.128] failed: Connection refused: connect" tn="Thread Group 1-48" dt="text" by="2717" sby="0" ng="28" na="28">
  <java.net.URL>http://192.168.237.128:7077/</java.net.URL>
</httpSample>
<httpSample t="1195" it="0" lt="0" ct="1195" ts="1561111325219" s="false" lb="HTTP Request" rc="Non HTTP response code: org.apache.http.conn.HttpHostConnectException" rm="Non HTTP response message: Connect to 192.168.237.128:7077 [/192.168.237.128] failed: Connection refused: connect" tn="Thread Group 1-68" dt="text" by="2717" sby="0" ng="28" na="28">
  <java.net.URL>http://192.168.237.128:7077/</java.net.URL>
</httpSample>
<httpSample t="1022" it="0" lt="0" ct="1022" ts="1561111325420" s="false" lb="HTTP Request" rc="Non HTTP response code: org.apache.http.conn.HttpHostConnectException" rm="Non HTTP response message: Connect to 192.168.237.128:7077 [/192.168.237.128] failed: Connection refused: connect" tn="Thread Group 1-87" dt="text" by="2717" sby="0" ng="26" na="26">
  <java.net.URL>http://192.168.237.128:7077/</java.net.URL>
</httpSample>
<httpSample t="1006" it="0" lt="0" ct="1006" ts="1561111325444" s="false" lb="HTTP Request" rc="Non HTTP response code: org.apache.http.conn.HttpHostConnectException" rm="Non HTTP response message: Connect to 192.168.237.128:7077 [/192.168.237.128] failed: Connection refused: connect" tn="Thread Group 1-78" dt="text" by="2717" sby="0" ng="25" na="25">
  <java.net.URL>http://192.168.237.128:7077/</java.net.URL>
</httpSample>
<httpSample t="1019" it="0" lt="0" ct="1018" ts="1561111325434" s="false" lb="HTTP Request" rc="Non HTTP response code: org.apache.http.conn.HttpHostConnectException" rm="Non HTTP response message: Connect to 192.168.237.128:7077 [/192.168.237.128] failed: Connection refused: connect" tn="Thread Group 1-79" dt="text" by="2717" sby="0" ng="24" na="24">
  <java.net.URL>http://192.168.237.128:7077/</java.net.URL>
</httpSample>
<httpSample t="1019" it="0" lt="0" ct="1019" ts="1561111325444" s="false" lb="HTTP Request" rc="Non HTTP response code: org.apache.http.conn.HttpHostConnectException" rm="Non HTTP response message: Connect to 192.168.237.128:7077 [/192.168.237.128] failed: Connection refused: connect" tn="Thread Group 1-77" dt="text" by="2717" sby="0" ng="23" na="23">
  <java.net.URL>http://192.168.237.128:7077/</java.net.URL>
</httpSample>
<httpSample t="1002" it="0" lt="0" ct="1002" ts="1561111325478" s="false" lb="HTTP Request" rc="Non HTTP response code: org.apache.http.conn.HttpHostConnectException" rm="Non HTTP response message: Connect to 192.168.237.128:7077 [/192.168.237.128] failed: Connection refused: connect" tn="Thread Group 1-85" dt="text" by="2717" sby="0" ng="22" na="22">
  <java.net.URL>http://192.168.237.128:7077/</java.net.URL>
</httpSample>
<httpSample t="1005" it="0" lt="0" ct="1005" ts="1561111325497" s="false" lb="HTTP Request" rc="Non HTTP response code: org.apache.http.conn.HttpHostConnectException" rm="Non HTTP response message: Connect to 192.168.237.128:7077 [/192.168.237.128] failed: Connection refused: connect" tn="Thread Group 1-96" dt="text" by="2717" sby="0" ng="21" na="21">
  <java.net.URL>http://192.168.237.128:7077/</java.net.URL>
</httpSample>
<httpSample t="1204" it="0" lt="0" ct="1204" ts="1561111325310" s="false" lb="HTTP Request" rc="Non HTTP response code: org.apache.http.conn.HttpHostConnectException" rm="Non HTTP response message: Connect to 192.168.237.128:7077 [/192.168.237.128] failed: Connection refused: connect" tn="Thread Group 1-65" dt="text" by="2717" sby="0" ng="20" na="20">
  <java.net.URL>http://192.168.237.128:7077/</java.net.URL>
</httpSample>
<httpSample t="1171" it="0" lt="0" ct="1171" ts="1561111325344" s="false" lb="HTTP Request" rc="Non HTTP response code: org.apache.http.conn.HttpHostConnectException" rm="Non HTTP response message: Connect to 192.168.237.128:7077 [/192.168.237.128] failed: Connection refused: connect" tn="Thread Group 1-72" dt="text" by="2717" sby="0" ng="20" na="20">
  <java.net.URL>http://192.168.237.128:7077/</java.net.URL>
</httpSample>
<httpSample t="1002" it="0" lt="0" ct="1002" ts="1561111325518" s="false" lb="HTTP Request" rc="Non HTTP response code: org.apache.http.conn.HttpHostConnectException" rm="Non HTTP response message: Connect to 192.168.237.128:7077 [/192.168.237.128] failed: Connection refused: connect" tn="Thread Group 1-93" dt="text" by="2717" sby="0" ng="18" na="18">
  <java.net.URL>http://192.168.237.128:7077/</java.net.URL>
</httpSample>
<httpSample t="1005" it="0" lt="0" ct="1005" ts="1561111325517" s="false" lb="HTTP Request" rc="Non HTTP response code: org.apache.http.conn.HttpHostConnectException" rm="Non HTTP response message: Connect to 192.168.237.128:7077 [/192.168.237.128] failed: Connection refused: connect" tn="Thread Group 1-84" dt="text" by="2717" sby="0" ng="17" na="17">
  <java.net.URL>http://192.168.237.128:7077/</java.net.URL>
</httpSample>
<httpSample t="1016" it="0" lt="0" ct="1016" ts="1561111325517" s="false" lb="HTTP Request" rc="Non HTTP response code: org.apache.http.conn.HttpHostConnectException" rm="Non HTTP response message: Connect to 192.168.237.128:7077 [/192.168.237.128] failed: Connection refused: connect" tn="Thread Group 1-91" dt="text" by="2717" sby="0" ng="16" na="16">
  <java.net.URL>http://192.168.237.128:7077/</java.net.URL>
</httpSample>
<httpSample t="1007" it="0" lt="0" ct="1007" ts="1561111325543" s="false" lb="HTTP Request" rc="Non HTTP response code: org.apache.http.conn.HttpHostConnectException" rm="Non HTTP response message: Connect to 192.168.237.128:7077 [/192.168.237.128] failed: Connection refused: connect" tn="Thread Group 1-69" dt="text" by="2717" sby="0" ng="15" na="15">
  <java.net.URL>http://192.168.237.128:7077/</java.net.URL>
</httpSample>
<httpSample t="1018" it="0" lt="0" ct="1018" ts="1561111325534" s="false" lb="HTTP Request" rc="Non HTTP response code: org.apache.http.conn.HttpHostConnectException" rm="Non HTTP response message: Connect to 192.168.237.128:7077 [/192.168.237.128] failed: Connection refused: connect" tn="Thread Group 1-90" dt="text" by="2717" sby="0" ng="14" na="14">
  <java.net.URL>http://192.168.237.128:7077/</java.net.URL>
</httpSample>
<httpSample t="1019" it="0" lt="0" ct="1019" ts="1561111325544" s="false" lb="HTTP Request" rc="Non HTTP response code: org.apache.http.conn.HttpHostConnectException" rm="Non HTTP response message: Connect to 192.168.237.128:7077 [/192.168.237.128] failed: Connection refused: connect" tn="Thread Group 1-86" dt="text" by="2717" sby="0" ng="13" na="13">
  <java.net.URL>http://192.168.237.128:7077/</java.net.URL>
</httpSample>
<httpSample t="1109" it="0" lt="0" ct="1109" ts="1561111325504" s="false" lb="HTTP Request" rc="Non HTTP response code: org.apache.http.conn.HttpHostConnectException" rm="Non HTTP response message: Connect to 192.168.237.128:7077 [/192.168.237.128] failed: Connection refused: connect" tn="Thread Group 1-89" dt="text" by="2717" sby="0" ng="12" na="12">
  <java.net.URL>http://192.168.237.128:7077/</java.net.URL>
</httpSample>
<httpSample t="1198" it="0" lt="0" ct="1198" ts="1561111325416" s="false" lb="HTTP Request" rc="Non HTTP response code: org.apache.http.conn.HttpHostConnectException" rm="Non HTTP response message: Connect to 192.168.237.128:7077 [/192.168.237.128] failed: Connection refused: connect" tn="Thread Group 1-74" dt="text" by="2717" sby="0" ng="11" na="11">
  <java.net.URL>http://192.168.237.128:7077/</java.net.URL>
</httpSample>
<httpSample t="1120" it="0" lt="0" ct="1120" ts="1561111325494" s="false" lb="HTTP Request" rc="Non HTTP response code: org.apache.http.conn.HttpHostConnectException" rm="Non HTTP response message: Connect to 192.168.237.128:7077 [/192.168.237.128] failed: Connection refused: connect" tn="Thread Group 1-92" dt="text" by="2717" sby="0" ng="12" na="12">
  <java.net.URL>http://192.168.237.128:7077/</java.net.URL>
</httpSample>
<httpSample t="1006" it="0" lt="0" ct="1005" ts="1561111325614" s="false" lb="HTTP Request" rc="Non HTTP response code: org.apache.http.conn.HttpHostConnectException" rm="Non HTTP response message: Connect to 192.168.237.128:7077 [/192.168.237.128] failed: Connection refused: connect" tn="Thread Group 1-88" dt="text" by="2717" sby="0" ng="9" na="9">
  <java.net.URL>http://192.168.237.128:7077/</java.net.URL>
</httpSample>
<httpSample t="1020" it="0" lt="0" ct="1020" ts="1561111325614" s="false" lb="HTTP Request" rc="Non HTTP response code: org.apache.http.conn.HttpHostConnectException" rm="Non HTTP response message: Connect to 192.168.237.128:7077 [/192.168.237.128] failed: Connection refused: connect" tn="Thread Group 1-95" dt="text" by="2717" sby="0" ng="8" na="8">
  <java.net.URL>http://192.168.237.128:7077/</java.net.URL>
</httpSample>
<httpSample t="1024" it="0" lt="0" ct="1024" ts="1561111325638" s="false" lb="HTTP Request" rc="Non HTTP response code: org.apache.http.conn.HttpHostConnectException" rm="Non HTTP response message: Connect to 192.168.237.128:7077 [/192.168.237.128] failed: Connection refused: connect" tn="Thread Group 1-97" dt="text" by="2717" sby="0" ng="7" na="7">
  <java.net.URL>http://192.168.237.128:7077/</java.net.URL>
</httpSample>
<httpSample t="1170" it="0" lt="0" ct="1170" ts="1561111325543" s="false" lb="HTTP Request" rc="Non HTTP response code: org.apache.http.conn.HttpHostConnectException" rm="Non HTTP response message: Connect to 192.168.237.128:7077 [/192.168.237.128] failed: Connection refused: connect" tn="Thread Group 1-83" dt="text" by="2717" sby="0" ng="6" na="6">
  <java.net.URL>http://192.168.237.128:7077/</java.net.URL>
</httpSample>
<httpSample t="1005" it="0" lt="0" ct="1005" ts="1561111325714" s="false" lb="HTTP Request" rc="Non HTTP response code: org.apache.http.conn.HttpHostConnectException" rm="Non HTTP response message: Connect to 192.168.237.128:7077 [/192.168.237.128] failed: Connection refused: connect" tn="Thread Group 1-98" dt="text" by="2717" sby="0" ng="5" na="5">
  <java.net.URL>http://192.168.237.128:7077/</java.net.URL>
</httpSample>
<httpSample t="1019" it="0" lt="0" ct="1019" ts="1561111325714" s="false" lb="HTTP Request" rc="Non HTTP response code: org.apache.http.conn.HttpHostConnectException" rm="Non HTTP response message: Connect to 192.168.237.128:7077 [/192.168.237.128] failed: Connection refused: connect" tn="Thread Group 1-94" dt="text" by="2717" sby="0" ng="4" na="4">
  <java.net.URL>http://192.168.237.128:7077/</java.net.URL>
</httpSample>
<httpSample t="1169" it="0" lt="0" ct="1169" ts="1561111325644" s="false" lb="HTTP Request" rc="Non HTTP response code: org.apache.http.conn.HttpHostConnectException" rm="Non HTTP response message: Connect to 192.168.237.128:7077 [/192.168.237.128] failed: Connection refused: connect" tn="Thread Group 1-81" dt="text" by="2717" sby="0" ng="3" na="3">
  <java.net.URL>http://192.168.237.128:7077/</java.net.URL>
</httpSample>
<httpSample t="1006" it="0" lt="0" ct="1006" ts="1561111325815" s="false" lb="HTTP Request" rc="Non HTTP response code: org.apache.http.conn.HttpHostConnectException" rm="Non HTTP response message: Connect to 192.168.237.128:7077 [/192.168.237.128] failed: Connection refused: connect" tn="Thread Group 1-99" dt="text" by="2717" sby="0" ng="2" na="2">
  <java.net.URL>http://192.168.237.128:7077/</java.net.URL>
</httpSample>
<httpSample t="1108" it="0" lt="0" ct="1108" ts="1561111325815" s="false" lb="HTTP Request" rc="Non HTTP response code: org.apache.http.conn.HttpHostConnectException" rm="Non HTTP response message: Connect to 192.168.237.128:7077 [/192.168.237.128] failed: Connection refused: connect" tn="Thread Group 1-100" dt="text" by="2717" sby="0" ng="1" na="1">
  <java.net.URL>http://192.168.237.128:7077/</java.net.URL>
</httpSample>

</testResults>
